Component: Arm Compiler for Embedded 6.24 Tool: armlink [5f371500]

==============================================================================

Section Cross References

    gd32f30x_it.o(.ARM.exidx.text.NMI_Handler) refers to gd32f30x_it.o(.text.NMI_Handler) for [Anonymous Symbol]
    gd32f30x_it.o(.ARM.exidx.text.HardFault_Handler) refers to gd32f30x_it.o(.text.HardFault_Handler) for [Anonymous Symbol]
    gd32f30x_it.o(.ARM.exidx.text.MemManage_Handler) refers to gd32f30x_it.o(.text.MemManage_Handler) for [Anonymous Symbol]
    gd32f30x_it.o(.ARM.exidx.text.BusFault_Handler) refers to gd32f30x_it.o(.text.BusFault_Handler) for [Anonymous Symbol]
    gd32f30x_it.o(.ARM.exidx.text.UsageFault_Handler) refers to gd32f30x_it.o(.text.UsageFault_Handler) for [Anonymous Symbol]
    gd32f30x_it.o(.ARM.exidx.text.SVC_Handler) refers to gd32f30x_it.o(.text.SVC_Handler) for [Anonymous Symbol]
    gd32f30x_it.o(.ARM.exidx.text.DebugMon_Handler) refers to gd32f30x_it.o(.text.DebugMon_Handler) for [Anonymous Symbol]
    gd32f30x_it.o(.ARM.exidx.text.PendSV_Handler) refers to gd32f30x_it.o(.text.PendSV_Handler) for [Anonymous Symbol]
    gd32f30x_it.o(.text.SysTick_Handler) refers to systick.o(.text.delay_decrement) for delay_decrement
    gd32f30x_it.o(.ARM.exidx.text.SysTick_Handler) refers to gd32f30x_it.o(.text.SysTick_Handler) for [Anonymous Symbol]
    main.o(.text.timer_config) refers to gd32f30x_rcu.o(.text.rcu_periph_clock_enable) for rcu_periph_clock_enable
    main.o(.text.timer_config) refers to gd32f30x_timer.o(.text.timer_deinit) for timer_deinit
    main.o(.text.timer_config) refers to gd32f30x_timer.o(.text.timer_init) for timer_init
    main.o(.text.timer_config) refers to gd32f30x_timer.o(.text.timer_channel_output_config) for timer_channel_output_config
    main.o(.text.timer_config) refers to gd32f30x_timer.o(.text.timer_channel_output_pulse_value_config) for timer_channel_output_pulse_value_config
    main.o(.text.timer_config) refers to gd32f30x_timer.o(.text.timer_channel_output_mode_config) for timer_channel_output_mode_config
    main.o(.text.timer_config) refers to gd32f30x_timer.o(.text.timer_channel_output_shadow_config) for timer_channel_output_shadow_config
    main.o(.text.timer_config) refers to gd32f30x_timer.o(.text.timer_auto_reload_shadow_enable) for timer_auto_reload_shadow_enable
    main.o(.text.timer_config) refers to gd32f30x_timer.o(.text.timer_enable) for timer_enable
    main.o(.ARM.exidx.text.timer_config) refers to main.o(.text.timer_config) for [Anonymous Symbol]
    main.o(.text.uart2_init) refers to gd32f30x_rcu.o(.text.rcu_periph_clock_enable) for rcu_periph_clock_enable
    main.o(.text.uart2_init) refers to gd32f30x_gpio.o(.text.gpio_init) for gpio_init
    main.o(.text.uart2_init) refers to gd32f30x_usart.o(.text.usart_deinit) for usart_deinit
    main.o(.text.uart2_init) refers to gd32f30x_usart.o(.text.usart_baudrate_set) for usart_baudrate_set
    main.o(.text.uart2_init) refers to gd32f30x_usart.o(.text.usart_word_length_set) for usart_word_length_set
    main.o(.text.uart2_init) refers to gd32f30x_usart.o(.text.usart_stop_bit_set) for usart_stop_bit_set
    main.o(.text.uart2_init) refers to gd32f30x_usart.o(.text.usart_parity_config) for usart_parity_config
    main.o(.text.uart2_init) refers to gd32f30x_usart.o(.text.usart_hardware_flow_cts_config) for usart_hardware_flow_cts_config
    main.o(.text.uart2_init) refers to gd32f30x_usart.o(.text.usart_hardware_flow_rts_config) for usart_hardware_flow_rts_config
    main.o(.text.uart2_init) refers to gd32f30x_usart.o(.text.usart_receive_config) for usart_receive_config
    main.o(.text.uart2_init) refers to gd32f30x_usart.o(.text.usart_transmit_config) for usart_transmit_config
    main.o(.text.uart2_init) refers to gd32f30x_usart.o(.text.usart_enable) for usart_enable
    main.o(.text.uart2_init) refers to systick.o(.text.delay_1ms) for delay_1ms
    main.o(.text.uart2_init) refers to gd32f30x_usart.o(.text.usart_data_transmit) for usart_data_transmit
    main.o(.text.uart2_init) refers to gd32f30x_usart.o(.text.usart_flag_get) for usart_flag_get
    main.o(.ARM.exidx.text.uart2_init) refers to main.o(.text.uart2_init) for [Anonymous Symbol]
    main.o(.text.system_init) refers to systick.o(.text.systick_config) for systick_config
    main.o(.text.system_init) refers to gd32f30x_rcu.o(.text.rcu_periph_clock_enable) for rcu_periph_clock_enable
    main.o(.text.system_init) refers to key_button.o(.text.key_button_init) for key_button_init
    main.o(.text.system_init) refers to hub_reset.o(.text.hub_reset_init) for hub_reset_init
    main.o(.ARM.exidx.text.system_init) refers to main.o(.text.system_init) for [Anonymous Symbol]
    main.o(.text.uart2_simple_init) refers to gd32f30x_rcu.o(.text.rcu_periph_clock_enable) for rcu_periph_clock_enable
    main.o(.text.uart2_simple_init) refers to gd32f30x_gpio.o(.text.gpio_init) for gpio_init
[...]
    Removing gd32f30x_spi.o(.text.spi_crc_get), (44 bytes).
    Removing gd32f30x_spi.o(.ARM.exidx.text.spi_crc_get), (8 bytes).
    Removing gd32f30x_spi.o(.text.spi_crc_error_clear), (16 bytes).
    Removing gd32f30x_spi.o(.ARM.exidx.text.spi_crc_error_clear), (8 bytes).
    Removing gd32f30x_spi.o(.text.spi_ti_mode_enable), (18 bytes).
    Removing gd32f30x_spi.o(.ARM.exidx.text.spi_ti_mode_enable), (8 bytes).
    Removing gd32f30x_spi.o(.text.spi_ti_mode_disable), (18 bytes).
    Removing gd32f30x_spi.o(.ARM.exidx.text.spi_ti_mode_disable), (8 bytes).
    Removing gd32f30x_spi.o(.text.spi_nssp_mode_enable), (18 bytes).
    Removing gd32f30x_spi.o(.ARM.exidx.text.spi_nssp_mode_enable), (8 bytes).
    Removing gd32f30x_spi.o(.text.spi_nssp_mode_disable), (18 bytes).
    Removing gd32f30x_spi.o(.ARM.exidx.text.spi_nssp_mode_disable), (8 bytes).
    Removing gd32f30x_spi.o(.text.spi_quad_enable), (22 bytes).
    Removing gd32f30x_spi.o(.ARM.exidx.text.spi_quad_enable), (8 bytes).
    Removing gd32f30x_spi.o(.text.spi_quad_disable), (22 bytes).
    Removing gd32f30x_spi.o(.ARM.exidx.text.spi_quad_disable), (8 bytes).
    Removing gd32f30x_spi.o(.text.spi_quad_write_enable), (22 bytes).
    Removing gd32f30x_spi.o(.ARM.exidx.text.spi_quad_write_enable), (8 bytes).
    Removing gd32f30x_spi.o(.text.spi_quad_read_enable), (22 bytes).
    Removing gd32f30x_spi.o(.ARM.exidx.text.spi_quad_read_enable), (8 bytes).
    Removing gd32f30x_spi.o(.text.spi_quad_io23_output_enable), (22 bytes).
    Removing gd32f30x_spi.o(.ARM.exidx.text.spi_quad_io23_output_enable), (8 bytes).
    Removing gd32f30x_spi.o(.text.spi_quad_io23_output_disable), (22 bytes).
    Removing gd32f30x_spi.o(.ARM.exidx.text.spi_quad_io23_output_disable), (8 bytes).
    Removing gd32f30x_spi.o(.text.spi_i2s_interrupt_enable), (78 bytes).
    Removing gd32f30x_spi.o(.ARM.exidx.text.spi_i2s_interrupt_enable), (8 bytes).
    Removing gd32f30x_spi.o(.text.spi_i2s_interrupt_disable), (78 bytes).
    Removing gd32f30x_spi.o(.ARM.exidx.text.spi_i2s_interrupt_disable), (8 bytes).
    Removing gd32f30x_spi.o(.text.spi_i2s_interrupt_flag_get), (210 bytes).
    Removing gd32f30x_spi.o(.ARM.exidx.text.spi_i2s_interrupt_flag_get), (8 bytes).
    Removing gd32f30x_spi.o(.text.spi_i2s_flag_get), (42 bytes).
    Removing gd32f30x_spi.o(.ARM.exidx.text.spi_i2s_flag_get), (8 bytes).
    Removing gd32f30x_timer.o(.text), (0 bytes).
    Removing gd32f30x_timer.o(.ARM.exidx.text.timer_deinit), (8 bytes).
    Removing gd32f30x_timer.o(.text.timer_struct_para_init), (38 bytes).
    Removing gd32f30x_timer.o(.ARM.exidx.text.timer_struct_para_init), (8 bytes).
    Removing gd32f30x_timer.o(.ARM.exidx.text.timer_init), (8 bytes).
    Removing gd32f30x_timer.o(.ARM.exidx.text.timer_enable), (8 bytes).
    Removing gd32f30x_timer.o(.text.timer_disable), (18 bytes).
    Removing gd32f30x_timer.o(.ARM.exidx.text.timer_disable), (8 bytes).
    Removing gd32f30x_timer.o(.ARM.exidx.text.timer_auto_reload_shadow_enable), (8 bytes).
    Removing gd32f30x_timer.o(.text.timer_auto_reload_shadow_disable), (18 bytes).
    Removing gd32f30x_timer.o(.ARM.exidx.text.timer_auto_reload_shadow_disable), (8 bytes).
    Removing gd32f30x_timer.o(.text.timer_update_event_enable), (18 bytes).
    Removing gd32f30x_timer.o(.ARM.exidx.text.timer_update_event_enable), (8 bytes).
    Removing gd32f30x_timer.o(.text.timer_update_event_disable), (18 bytes).
    Removing gd32f30x_timer.o(.ARM.exidx.text.timer_update_event_disable), (8 bytes).
    Removing gd32f30x_timer.o(.text.timer_counter_alignment), (34 bytes).
    Removing gd32f30x_timer.o(.ARM.exidx.text.timer_counter_alignment), (8 bytes).
    Removing gd32f30x_timer.o(.text.timer_counter_up_direction), (18 bytes).
    Removing gd32f30x_timer.o(.ARM.exidx.text.timer_counter_up_direction), (8 bytes).
    Removing gd32f30x_timer.o(.text.timer_counter_down_direction), (18 bytes).
    Removing gd32f30x_timer.o(.ARM.exidx.text.timer_counter_down_direction), (8 bytes).
    Removing gd32f30x_timer.o(.text.timer_prescaler_config), (44 bytes).
    Removing gd32f30x_timer.o(.ARM.exidx.text.timer_prescaler_config), (8 bytes).
    Removing gd32f30x_timer.o(.text.timer_repetition_value_config), (20 bytes).
    Removing gd32f30x_timer.o(.ARM.exidx.text.timer_repetition_value_config), (8 bytes).
    Removing gd32f30x_timer.o(.text.timer_autoreload_value_config), (20 bytes).
    Removing gd32f30x_timer.o(.ARM.exidx.text.timer_autoreload_value_config), (8 bytes).
    Removing gd32f30x_timer.o(.text.timer_counter_value_config), (20 bytes).
    Removing gd32f30x_timer.o(.ARM.exidx.text.timer_counter_value_config), (8 bytes).
    Removing gd32f30x_timer.o(.text.timer_counter_read), (20 bytes).
    Removing gd32f30x_timer.o(.ARM.exidx.text.timer_counter_read), (8 bytes).
    Removing gd32f30x_timer.o(.text.timer_prescaler_read), (26 bytes).
    Removing gd32f30x_timer.o(.ARM.exidx.text.timer_prescaler_read), (8 bytes).
    Removing gd32f30x_timer.o(.text.timer_single_pulse_mode_config), (52 bytes).
    Removing gd32f30x_timer.o(.ARM.exidx.text.timer_single_pulse_mode_config), (8 bytes).
    Removing gd32f30x_timer.o(.text.timer_update_source_config), (52 bytes).
    Removing gd32f30x_timer.o(.ARM.exidx.text.timer_update_source_config), (8 bytes).
    Removing gd32f30x_timer.o(.text.timer_interrupt_enable), (20 bytes).
    Removing gd32f30x_timer.o(.ARM.exidx.text.timer_interrupt_enable), (8 bytes).
    Removing gd32f30x_timer.o(.text.timer_interrupt_disable), (20 bytes).
    Removing gd32f30x_timer.o(.ARM.exidx.text.timer_interrupt_disable), (8 bytes).
    Removing gd32f30x_timer.o(.text.timer_interrupt_flag_get), (64 bytes).
    Removing gd32f30x_timer.o(.ARM.exidx.text.timer_interrupt_flag_get), (8 bytes).
    Removing gd32f30x_timer.o(.text.timer_interrupt_flag_clear), (18 bytes).
    Removing gd32f30x_timer.o(.ARM.exidx.text.timer_interrupt_flag_clear), (8 bytes).
    Removing gd32f30x_timer.o(.text.timer_flag_get), (48 bytes).
    Removing gd32f30x_timer.o(.ARM.exidx.text.timer_flag_get), (8 bytes).
    Removing gd32f30x_timer.o(.text.timer_flag_clear), (18 bytes).
    Removing gd32f30x_timer.o(.ARM.exidx.text.timer_flag_clear), (8 bytes).
    Removing gd32f30x_timer.o(.text.timer_dma_enable), (24 bytes).
    Removing gd32f30x_timer.o(.ARM.exidx.text.timer_dma_enable), (8 bytes).
    Removing gd32f30x_timer.o(.text.timer_dma_disable), (24 bytes).
    Removing gd32f30x_timer.o(.ARM.exidx.text.timer_dma_disable), (8 bytes).
    Removing gd32f30x_timer.o(.text.timer_channel_dma_request_source_select), (58 bytes).
    Removing gd32f30x_timer.o(.ARM.exidx.text.timer_channel_dma_request_source_select), (8 bytes).
    Removing gd32f30x_timer.o(.text.timer_dma_transfer_config), (40 bytes).
    Removing gd32f30x_timer.o(.ARM.exidx.text.timer_dma_transfer_config), (8 bytes).
    Removing gd32f30x_timer.o(.text.timer_event_software_generate), (24 bytes).
    Removing gd32f30x_timer.o(.ARM.exidx.text.timer_event_software_generate), (8 bytes).
    Removing gd32f30x_timer.o(.text.timer_break_struct_para_init), (38 bytes).
    Removing gd32f30x_timer.o(.ARM.exidx.text.timer_break_struct_para_init), (8 bytes).
    Removing gd32f30x_timer.o(.text.timer_break_config), (42 bytes).
    Removing gd32f30x_timer.o(.ARM.exidx.text.timer_break_config), (8 bytes).
    Removing gd32f30x_timer.o(.text.timer_break_enable), (18 bytes).
    Removing gd32f30x_timer.o(.ARM.exidx.text.timer_break_enable), (8 bytes).
    Removing gd32f30x_timer.o(.text.timer_break_disable), (18 bytes).
    Removing gd32f30x_timer.o(.ARM.exidx.text.timer_break_disable), (8 bytes).
    Removing gd32f30x_timer.o(.text.timer_automatic_output_enable), (18 bytes).
    Removing gd32f30x_timer.o(.ARM.exidx.text.timer_automatic_output_enable), (8 bytes).
    Removing gd32f30x_timer.o(.text.timer_automatic_output_disable), (18 bytes).
    Removing gd32f30x_timer.o(.ARM.exidx.text.timer_automatic_output_disable), (8 bytes).
    Removing gd32f30x_timer.o(.ARM.exidx.text.timer_primary_output_config), (8 bytes).
    Removing gd32f30x_timer.o(.text.timer_channel_control_shadow_config), (46 bytes).
    Removing gd32f30x_timer.o(.ARM.exidx.text.timer_channel_control_shadow_config), (8 bytes).
    Removing gd32f30x_timer.o(.text.timer_channel_control_shadow_update_config), (58 bytes).
    Removing gd32f30x_timer.o(.ARM.exidx.text.timer_channel_control_shadow_update_config), (8 bytes).
    Removing gd32f30x_timer.o(.text.timer_channel_output_struct_para_init), (34 bytes).
    Removing gd32f30x_timer.o(.ARM.exidx.text.timer_channel_output_struct_para_init), (8 bytes).
    Removing gd32f30x_timer.o(.ARM.exidx.text.timer_channel_output_config), (8 bytes).
    Removing gd32f30x_timer.o(.ARM.exidx.text.timer_channel_output_mode_config), (8 bytes).
    Removing gd32f30x_timer.o(.ARM.exidx.text.timer_channel_output_pulse_value_config), (8 bytes).
    Removing gd32f30x_timer.o(.ARM.exidx.text.timer_channel_output_shadow_config), (8 bytes).
    Removing gd32f30x_timer.o(.text.timer_channel_output_fast_config), (140 bytes).
    Removing gd32f30x_timer.o(.ARM.exidx.text.timer_channel_output_fast_config), (8 bytes).
    Removing gd32f30x_timer.o(.text.timer_channel_output_clear_config), (140 bytes).
    Removing gd32f30x_timer.o(.ARM.exidx.text.timer_channel_output_clear_config), (8 bytes).
    Removing gd32f30x_timer.o(.text.timer_channel_output_polarity_config), (142 bytes).
    Removing gd32f30x_timer.o(.ARM.exidx.text.timer_channel_output_polarity_config), (8 bytes).
    Removing gd32f30x_timer.o(.text.timer_channel_complementary_output_polarity_config), (122 bytes).
    Removing gd32f30x_timer.o(.ARM.exidx.text.timer_channel_complementary_output_polarity_config), (8 bytes).
    Removing gd32f30x_timer.o(.text.timer_channel_output_state_config), (132 bytes).
    Removing gd32f30x_timer.o(.ARM.exidx.text.timer_channel_output_state_config), (8 bytes).
    Removing gd32f30x_timer.o(.text.timer_channel_complementary_output_state_config), (122 bytes).
    Removing gd32f30x_timer.o(.ARM.exidx.text.timer_channel_complementary_output_state_config), (8 bytes).
    Removing gd32f30x_timer.o(.text.timer_channel_input_struct_para_init), (28 bytes).
    Removing gd32f30x_timer.o(.ARM.exidx.text.timer_channel_input_struct_para_init), (8 bytes).
    Removing gd32f30x_timer.o(.text.timer_input_capture_config), (426 bytes).
    Removing gd32f30x_timer.o(.ARM.exidx.text.timer_input_capture_config), (8 bytes).
    Removing gd32f30x_timer.o(.text.timer_channel_input_capture_prescaler_config), (140 bytes).
    Removing gd32f30x_timer.o(.ARM.exidx.text.timer_channel_input_capture_prescaler_config), (8 bytes).
    Removing gd32f30x_timer.o(.text.timer_channel_capture_value_register_read), (74 bytes).
    Removing gd32f30x_timer.o(.ARM.exidx.text.timer_channel_capture_value_register_read), (8 bytes).
    Removing gd32f30x_timer.o(.text.timer_input_pwm_capture_config), (498 bytes).
    Removing gd32f30x_timer.o(.ARM.exidx.text.timer_input_pwm_capture_config), (8 bytes).
    Removing gd32f30x_timer.o(.text.timer_hall_mode_config), (52 bytes).
    Removing gd32f30x_timer.o(.ARM.exidx.text.timer_hall_mode_config), (8 bytes).
    Removing gd32f30x_timer.o(.text.timer_input_trigger_source_select), (30 bytes).
    Removing gd32f30x_timer.o(.ARM.exidx.text.timer_input_trigger_source_select), (8 bytes).
    Removing gd32f30x_timer.o(.text.timer_master_output_trigger_source_select), (30 bytes).
    Removing gd32f30x_timer.o(.ARM.exidx.text.timer_master_output_trigger_source_select), (8 bytes).
    Removing gd32f30x_timer.o(.text.timer_slave_mode_select), (30 bytes).
    Removing gd32f30x_timer.o(.ARM.exidx.text.timer_slave_mode_select), (8 bytes).
    Removing gd32f30x_timer.o(.text.timer_master_slave_mode_config), (52 bytes).
    Removing gd32f30x_timer.o(.ARM.exidx.text.timer_master_slave_mode_config), (8 bytes).
    Removing gd32f30x_timer.o(.text.timer_external_trigger_config), (52 bytes).
    Removing gd32f30x_timer.o(.ARM.exidx.text.timer_external_trigger_config), (8 bytes).
    Removing gd32f30x_timer.o(.text.timer_quadrature_decoder_mode_config), (102 bytes).
    Removing gd32f30x_timer.o(.ARM.exidx.text.timer_quadrature_decoder_mode_config), (8 bytes).
    Removing gd32f30x_timer.o(.text.timer_internal_clock_config), (18 bytes).
    Removing gd32f30x_timer.o(.ARM.exidx.text.timer_internal_clock_config), (8 bytes).
    Removing gd32f30x_timer.o(.text.timer_internal_trigger_as_external_clock_config), (40 bytes).
    Removing gd32f30x_timer.o(.ARM.exidx.text.timer_internal_trigger_as_external_clock_config), (8 bytes).
    Removing gd32f30x_timer.o(.text.timer_external_trigger_as_external_clock_config), (228 bytes).
    Removing gd32f30x_timer.o(.ARM.exidx.text.timer_external_trigger_as_external_clock_config), (8 bytes).
    Removing gd32f30x_timer.o(.text.timer_external_clock_mode0_config), (48 bytes).
    Removing gd32f30x_timer.o(.ARM.exidx.text.timer_external_clock_mode0_config), (8 bytes).
    Removing gd32f30x_timer.o(.text.timer_external_clock_mode1_config), (38 bytes).
    Removing gd32f30x_timer.o(.ARM.exidx.text.timer_external_clock_mode1_config), (8 bytes).
    Removing gd32f30x_timer.o(.text.timer_external_clock_mode1_disable), (18 bytes).
    Removing gd32f30x_timer.o(.ARM.exidx.text.timer_external_clock_mode1_disable), (8 bytes).
    Removing gd32f30x_timer.o(.text.timer_write_chxval_register_config), (66 bytes).
    Removing gd32f30x_timer.o(.ARM.exidx.text.timer_write_chxval_register_config), (8 bytes).
    Removing gd32f30x_timer.o(.text.timer_output_value_selection_config), (66 bytes).
    Removing gd32f30x_timer.o(.ARM.exidx.text.timer_output_value_selection_config), (8 bytes).
    Removing gd32f30x_usart.o(.text), (0 bytes).
    Removing gd32f30x_usart.o(.ARM.exidx.text.usart_deinit), (8 bytes).
    Removing gd32f30x_usart.o(.ARM.exidx.text.usart_baudrate_set), (8 bytes).
    Removing gd32f30x_usart.o(.ARM.exidx.text.usart_parity_config), (8 bytes).
    Removing gd32f30x_usart.o(.ARM.exidx.text.usart_word_length_set), (8 bytes).
    Removing gd32f30x_usart.o(.ARM.exidx.text.usart_stop_bit_set), (8 bytes).
    Removing gd32f30x_usart.o(.ARM.exidx.text.usart_enable), (8 bytes).
    Removing gd32f30x_usart.o(.text.usart_disable), (18 bytes).
    Removing gd32f30x_usart.o(.ARM.exidx.text.usart_disable), (8 bytes).
    Removing gd32f30x_usart.o(.ARM.exidx.text.usart_transmit_config), (8 bytes).
    Removing gd32f30x_usart.o(.ARM.exidx.text.usart_receive_config), (8 bytes).
    Removing gd32f30x_usart.o(.text.usart_data_first_config), (38 bytes).
    Removing gd32f30x_usart.o(.ARM.exidx.text.usart_data_first_config), (8 bytes).
    Removing gd32f30x_usart.o(.text.usart_invert_config), (134 bytes).
    Removing gd32f30x_usart.o(.ARM.exidx.text.usart_invert_config), (8 bytes).
    Removing gd32f30x_usart.o(.text.usart_receiver_timeout_enable), (22 bytes).
    Removing gd32f30x_usart.o(.ARM.exidx.text.usart_receiver_timeout_enable), (8 bytes).
    Removing gd32f30x_usart.o(.text.usart_receiver_timeout_disable), (22 bytes).
    Removing gd32f30x_usart.o(.ARM.exidx.text.usart_receiver_timeout_disable), (8 bytes).
    Removing gd32f30x_usart.o(.text.usart_receiver_timeout_threshold_config), (38 bytes).
    Removing gd32f30x_usart.o(.ARM.exidx.text.usart_receiver_timeout_threshold_config), (8 bytes).
    Removing gd32f30x_usart.o(.text.usart_data_transmit), (24 bytes).
    Removing gd32f30x_usart.o(.ARM.exidx.text.usart_data_transmit), (8 bytes).
    Removing gd32f30x_usart.o(.ARM.exidx.text.usart_data_receive), (8 bytes).
    Removing gd32f30x_usart.o(.text.usart_address_config), (38 bytes).
    Removing gd32f30x_usart.o(.ARM.exidx.text.usart_address_config), (8 bytes).
    Removing gd32f30x_usart.o(.text.usart_mute_mode_enable), (18 bytes).
    Removing gd32f30x_usart.o(.ARM.exidx.text.usart_mute_mode_enable), (8 bytes).
    Removing gd32f30x_usart.o(.text.usart_mute_mode_disable), (18 bytes).
    Removing gd32f30x_usart.o(.ARM.exidx.text.usart_mute_mode_disable), (8 bytes).
    Removing gd32f30x_usart.o(.text.usart_mute_mode_wakeup_config), (30 bytes).
    Removing gd32f30x_usart.o(.ARM.exidx.text.usart_mute_mode_wakeup_config), (8 bytes).
    Removing gd32f30x_usart.o(.text.usart_lin_mode_enable), (18 bytes).
    Removing gd32f30x_usart.o(.ARM.exidx.text.usart_lin_mode_enable), (8 bytes).
    Removing gd32f30x_usart.o(.text.usart_lin_mode_disable), (18 bytes).
    Removing gd32f30x_usart.o(.ARM.exidx.text.usart_lin_mode_disable), (8 bytes).
    Removing gd32f30x_usart.o(.text.usart_lin_break_detection_length_config), (34 bytes).
    Removing gd32f30x_usart.o(.ARM.exidx.text.usart_lin_break_detection_length_config), (8 bytes).
    Removing gd32f30x_usart.o(.text.usart_send_break), (18 bytes).
    Removing gd32f30x_usart.o(.ARM.exidx.text.usart_send_break), (8 bytes).
    Removing gd32f30x_usart.o(.text.usart_halfduplex_enable), (18 bytes).
    Removing gd32f30x_usart.o(.ARM.exidx.text.usart_halfduplex_enable), (8 bytes).
    Removing gd32f30x_usart.o(.text.usart_halfduplex_disable), (18 bytes).
    Removing gd32f30x_usart.o(.ARM.exidx.text.usart_halfduplex_disable), (8 bytes).
    Removing gd32f30x_usart.o(.text.usart_synchronous_clock_enable), (18 bytes).
    Removing gd32f30x_usart.o(.ARM.exidx.text.usart_synchronous_clock_enable), (8 bytes).
    Removing gd32f30x_usart.o(.text.usart_synchronous_clock_disable), (18 bytes).
    Removing gd32f30x_usart.o(.ARM.exidx.text.usart_synchronous_clock_disable), (8 bytes).
    Removing gd32f30x_usart.o(.text.usart_synchronous_clock_config), (54 bytes).
    Removing gd32f30x_usart.o(.ARM.exidx.text.usart_synchronous_clock_config), (8 bytes).
    Removing gd32f30x_usart.o(.text.usart_guard_time_config), (36 bytes).
    Removing gd32f30x_usart.o(.ARM.exidx.text.usart_guard_time_config), (8 bytes).
    Removing gd32f30x_usart.o(.text.usart_smartcard_mode_enable), (18 bytes).
    Removing gd32f30x_usart.o(.ARM.exidx.text.usart_smartcard_mode_enable), (8 bytes).
    Removing gd32f30x_usart.o(.text.usart_smartcard_mode_disable), (18 bytes).
    Removing gd32f30x_usart.o(.ARM.exidx.text.usart_smartcard_mode_disable), (8 bytes).
    Removing gd32f30x_usart.o(.text.usart_smartcard_mode_nack_enable), (18 bytes).
    Removing gd32f30x_usart.o(.ARM.exidx.text.usart_smartcard_mode_nack_enable), (8 bytes).
    Removing gd32f30x_usart.o(.text.usart_smartcard_mode_nack_disable), (18 bytes).
    Removing gd32f30x_usart.o(.ARM.exidx.text.usart_smartcard_mode_nack_disable), (8 bytes).
    Removing gd32f30x_usart.o(.text.usart_smartcard_autoretry_config), (48 bytes).
    Removing gd32f30x_usart.o(.ARM.exidx.text.usart_smartcard_autoretry_config), (8 bytes).
    Removing gd32f30x_usart.o(.text.usart_block_length_config), (44 bytes).
    Removing gd32f30x_usart.o(.ARM.exidx.text.usart_block_length_config), (8 bytes).
    Removing gd32f30x_usart.o(.text.usart_irda_mode_enable), (18 bytes).
    Removing gd32f30x_usart.o(.ARM.exidx.text.usart_irda_mode_enable), (8 bytes).
    Removing gd32f30x_usart.o(.text.usart_irda_mode_disable), (18 bytes).
    Removing gd32f30x_usart.o(.ARM.exidx.text.usart_irda_mode_disable), (8 bytes).
    Removing gd32f30x_usart.o(.text.usart_prescaler_config), (34 bytes).
    Removing gd32f30x_usart.o(.ARM.exidx.text.usart_prescaler_config), (8 bytes).
    Removing gd32f30x_usart.o(.text.usart_irda_lowpower_config), (34 bytes).
    Removing gd32f30x_usart.o(.ARM.exidx.text.usart_irda_lowpower_config), (8 bytes).
    Removing gd32f30x_usart.o(.ARM.exidx.text.usart_hardware_flow_rts_config), (8 bytes).
    Removing gd32f30x_usart.o(.ARM.exidx.text.usart_hardware_flow_cts_config), (8 bytes).
    Removing gd32f30x_usart.o(.text.usart_dma_receive_config), (38 bytes).
    Removing gd32f30x_usart.o(.ARM.exidx.text.usart_dma_receive_config), (8 bytes).
    Removing gd32f30x_usart.o(.text.usart_dma_transmit_config), (38 bytes).
    Removing gd32f30x_usart.o(.ARM.exidx.text.usart_dma_transmit_config), (8 bytes).
    Removing gd32f30x_usart.o(.ARM.exidx.text.usart_flag_get), (8 bytes).
    Removing gd32f30x_usart.o(.text.usart_flag_clear), (32 bytes).
    Removing gd32f30x_usart.o(.ARM.exidx.text.usart_flag_clear), (8 bytes).
    Removing gd32f30x_usart.o(.ARM.exidx.text.usart_interrupt_enable), (8 bytes).
    Removing gd32f30x_usart.o(.text.usart_interrupt_disable), (36 bytes).
    Removing gd32f30x_usart.o(.ARM.exidx.text.usart_interrupt_disable), (8 bytes).
    Removing gd32f30x_usart.o(.text.usart_interrupt_flag_get), (98 bytes).
    Removing gd32f30x_usart.o(.ARM.exidx.text.usart_interrupt_flag_get), (8 bytes).
    Removing gd32f30x_usart.o(.text.usart_interrupt_flag_clear), (28 bytes).
    Removing gd32f30x_usart.o(.ARM.exidx.text.usart_interrupt_flag_clear), (8 bytes).
    Removing gd32f30x_wwdgt.o(.text), (0 bytes).
    Removing gd32f30x_wwdgt.o(.text.wwdgt_deinit), (24 bytes).
    Removing gd32f30x_wwdgt.o(.ARM.exidx.text.wwdgt_deinit), (8 bytes).
    Removing gd32f30x_wwdgt.o(.text.wwdgt_enable), (18 bytes).
    Removing gd32f30x_wwdgt.o(.ARM.exidx.text.wwdgt_enable), (8 bytes).
    Removing gd32f30x_wwdgt.o(.text.wwdgt_counter_update), (28 bytes).
    Removing gd32f30x_wwdgt.o(.ARM.exidx.text.wwdgt_counter_update), (8 bytes).
    Removing gd32f30x_wwdgt.o(.text.wwdgt_config), (56 bytes).
    Removing gd32f30x_wwdgt.o(.ARM.exidx.text.wwdgt_config), (8 bytes).
    Removing gd32f30x_wwdgt.o(.text.wwdgt_flag_get), (40 bytes).
    Removing gd32f30x_wwdgt.o(.ARM.exidx.text.wwdgt_flag_get), (8 bytes).
    Removing gd32f30x_wwdgt.o(.text.wwdgt_flag_clear), (14 bytes).
    Removing gd32f30x_wwdgt.o(.ARM.exidx.text.wwdgt_flag_clear), (8 bytes).
    Removing gd32f30x_wwdgt.o(.text.wwdgt_interrupt_enable), (18 bytes).
    Removing gd32f30x_wwdgt.o(.ARM.exidx.text.wwdgt_interrupt_enable), (8 bytes).
    Removing startup_gd32f30x_cl.o(HEAP), (1024 bytes).
    Removing gd32f307c_eval.o(.text), (0 bytes).
    Removing gd32f307c_eval.o(.text.gd_eval_led_init), (90 bytes).
    Removing gd32f307c_eval.o(.ARM.exidx.text.gd_eval_led_init), (8 bytes).
    Removing gd32f307c_eval.o(.text.gd_eval_led_on), (40 bytes).
    Removing gd32f307c_eval.o(.ARM.exidx.text.gd_eval_led_on), (8 bytes).
    Removing gd32f307c_eval.o(.text.gd_eval_led_off), (40 bytes).
    Removing gd32f307c_eval.o(.ARM.exidx.text.gd_eval_led_off), (8 bytes).
    Removing gd32f307c_eval.o(.text.gd_eval_led_toggle), (64 bytes).
    Removing gd32f307c_eval.o(.ARM.exidx.text.gd_eval_led_toggle), (8 bytes).
    Removing gd32f307c_eval.o(.text.gd_eval_key_init), (184 bytes).
    Removing gd32f307c_eval.o(.ARM.exidx.text.gd_eval_key_init), (8 bytes).
    Removing gd32f307c_eval.o(.text.gd_eval_key_state_get), (44 bytes).
    Removing gd32f307c_eval.o(.ARM.exidx.text.gd_eval_key_state_get), (8 bytes).
    Removing gd32f307c_eval.o(.text.gd_eval_com_init), (202 bytes).
    Removing gd32f307c_eval.o(.ARM.exidx.text.gd_eval_com_init), (8 bytes).
    Removing gd32f307c_eval.o(.text.fputc), (52 bytes).
    Removing gd32f307c_eval.o(.ARM.exidx.text.fputc), (8 bytes).
    Removing gd32f307c_eval.o(.data.GPIO_CLK), (8 bytes).
    Removing gd32f307c_eval.o(.data.GPIO_PORT), (16 bytes).
    Removing gd32f307c_eval.o(.data.GPIO_PIN), (16 bytes).
    Removing gd32f307c_eval.o(.data.KEY_CLK), (6 bytes).
    Removing gd32f307c_eval.o(.data.KEY_PORT), (12 bytes).
    Removing gd32f307c_eval.o(.data.KEY_PIN), (12 bytes).
    Removing gd32f307c_eval.o(.data.KEY_IRQn), (3 bytes).
    Removing gd32f307c_eval.o(.data.KEY_PORT_SOURCE), (3 bytes).
    Removing gd32f307c_eval.o(.data.KEY_PIN_SOURCE), (3 bytes).
    Removing gd32f307c_eval.o(.data.KEY_EXTI_LINE), (12 bytes).
    Removing gd32f307c_eval.o(.data.COM_GPIO_CLK), (4 bytes).
    Removing gd32f307c_eval.o(.data.COM_CLK), (4 bytes).
    Removing gd32f307c_eval.o(.data.COM_GPIO_PORT), (8 bytes).
    Removing gd32f307c_eval.o(.data.COM_TX_PIN), (8 bytes).
    Removing gd32f307c_eval.o(.data.COM_RX_PIN), (8 bytes).
    Removing dadd.o(.text), (334 bytes).
    Removing dmul.o(.text), (228 bytes).
    Removing ddiv.o(.text), (222 bytes).
    Removing dfixul.o(.text), (48 bytes).
    Removing cdrcmple.o(.text), (48 bytes).
    Removing depilogue.o(.text), (186 bytes).

1353 unused section(s) (total 45694 bytes) removed from the image.

==============================================================================

Image Symbol Table

    Local Symbols

    Symbol Name                              Value     Ov Type        Size  Object(Section)

    ../../Firmware/CMSIS/GD/GD32F30x/Source/ARM/startup_gd32f30x_cl.s 0x00000000   Number         0  startup_gd32f30x_cl.o ABSOLUTE
    ../clib/division.s                       0x00000000   Number         0  aeabi_sdiv.o ABSOLUTE
    ../clib/microlib/division.c              0x00000000   Number         0  uidiv.o ABSOLUTE
    ../clib/microlib/division.c              0x00000000   Number         0  uldiv.o ABSOLUTE
    ../clib/microlib/init/entry.s            0x00000000   Number         0  entry.o ABSOLUTE
    ../clib/microlib/init/entry.s            0x00000000   Number         0  entry2.o ABSOLUTE
    ../clib/microlib/init/entry.s            0x00000000   Number         0  entry5.o ABSOLUTE
    ../clib/microlib/init/entry.s            0x00000000   Number         0  entry7a.o ABSOLUTE
    ../clib/microlib/init/entry.s            0x00000000   Number         0  entry7b.o ABSOLUTE
    ../clib/microlib/init/entry.s            0x00000000   Number         0  entry8a.o ABSOLUTE
    ../clib/microlib/init/entry.s            0x00000000   Number         0  entry8b.o ABSOLUTE
    ../clib/microlib/init/entry.s            0x00000000   Number         0  entry9a.o ABSOLUTE
    ../clib/microlib/init/entry.s            0x00000000   Number         0  entry9b.o ABSOLUTE
    ../clib/microlib/init/entry.s            0x00000000   Number         0  entry10a.o ABSOLUTE
    ../clib/microlib/init/entry.s            0x00000000   Number         0  entry10b.o ABSOLUTE
    ../clib/microlib/init/entry.s            0x00000000   Number         0  entry11a.o ABSOLUTE
    ../clib/microlib/init/entry.s            0x00000000   Number         0  entry11b.o ABSOLUTE
    ../clib/microlib/longlong.c              0x00000000   Number         0  llshl.o ABSOLUTE
    ../clib/microlib/longlong.c              0x00000000   Number         0  llushr.o ABSOLUTE
    ../clib/microlib/longlong.c              0x00000000   Number         0  llsshr.o ABSOLUTE
    ../clib/microlib/printf/printf.c         0x00000000   Number         0  printfa.o ABSOLUTE
    ../clib/microlib/stdio/streams.c         0x00000000   Number         0  stdout.o ABSOLUTE
    ../clib/microlib/stubs.s                 0x00000000   Number         0  iusefp.o ABSOLUTE
    ../fplib/microlib/fpadd.c                0x00000000   Number         0  dadd.o ABSOLUTE
    ../fplib/microlib/fpdiv.c                0x00000000   Number         0  ddiv.o ABSOLUTE
    ../fplib/microlib/fpepilogue.c           0x00000000   Number         0  depilogue.o ABSOLUTE
    ../fplib/microlib/fpfix.c                0x00000000   Number         0  dfixul.o ABSOLUTE
    ../fplib/microlib/fpmul.c                0x00000000   Number         0  dmul.o ABSOLUTE
    cdrcmple.s                               0x00000000   Number         0  cdrcmple.o ABSOLUTE
    current_sensor.c                         0x00000000   Number         0  current_sensor.o ABSOLUTE
    dc.s                                     0x00000000   Number         0  dc.o ABSOLUTE
    gd32f307c_eval.c                         0x00000000   Number         0  gd32f307c_eval.o ABSOLUTE
    gd32f30x_adc.c                           0x00000000   Number         0  gd32f30x_adc.o ABSOLUTE
    gd32f30x_bkp.c                           0x00000000   Number         0  gd32f30x_bkp.o ABSOLUTE
    gd32f30x_can.c                           0x00000000   Number         0  gd32f30x_can.o ABSOLUTE
    gd32f30x_crc.c                           0x00000000   Number         0  gd32f30x_crc.o ABSOLUTE
    gd32f30x_ctc.c                           0x00000000   Number         0  gd32f30x_ctc.o ABSOLUTE
    gd32f30x_dac.c                           0x00000000   Number         0  gd32f30x_dac.o ABSOLUTE
    gd32f30x_dbg.c                           0x00000000   Number         0  gd32f30x_dbg.o ABSOLUTE
    gd32f30x_dma.c                           0x00000000   Number         0  gd32f30x_dma.o ABSOLUTE
    gd32f30x_enet.c                          0x00000000   Number         0  gd32f30x_enet.o ABSOLUTE
    gd32f30x_exmc.c                          0x00000000   Number         0  gd32f30x_exmc.o ABSOLUTE
    gd32f30x_exti.c                          0x00000000   Number         0  gd32f30x_exti.o ABSOLUTE
    gd32f30x_fmc.c                           0x00000000   Number         0  gd32f30x_fmc.o ABSOLUTE
    gd32f30x_fwdgt.c                         0x00000000   Number         0  gd32f30x_fwdgt.o ABSOLUTE
    gd32f30x_gpio.c                          0x00000000   Number         0  gd32f30x_gpio.o ABSOLUTE
    gd32f30x_i2c.c                           0x00000000   Number         0  gd32f30x_i2c.o ABSOLUTE
    gd32f30x_it.c                            0x00000000   Number         0  gd32f30x_it.o ABSOLUTE
    gd32f30x_misc.c                          0x00000000   Number         0  gd32f30x_misc.o ABSOLUTE
    gd32f30x_pmu.c                           0x00000000   Number         0  gd32f30x_pmu.o ABSOLUTE
    gd32f30x_rcu.c                           0x00000000   Number         0  gd32f30x_rcu.o ABSOLUTE
    gd32f30x_rtc.c                           0x00000000   Number         0  gd32f30x_rtc.o ABSOLUTE
    gd32f30x_sdio.c                          0x00000000   Number         0  gd32f30x_sdio.o ABSOLUTE
    gd32f30x_spi.c                           0x00000000   Number         0  gd32f30x_spi.o ABSOLUTE
    gd32f30x_timer.c                         0x00000000   Number         0  gd32f30x_timer.o ABSOLUTE
    gd32f30x_usart.c                         0x00000000   Number         0  gd32f30x_usart.o ABSOLUTE
    gd32f30x_wwdgt.c                         0x00000000   Number         0  gd32f30x_wwdgt.o ABSOLUTE
    hall_sensor.c                            0x00000000   Number         0  hall_sensor.o ABSOLUTE
    handlers.s                               0x00000000   Number         0  handlers.o ABSOLUTE
    hub_reset.c                              0x00000000   Number         0  hub_reset.o ABSOLUTE
    init.s                                   0x00000000   Number         0  init.o ABSOLUTE
    key_button.c                             0x00000000   Number         0  key_button.o ABSOLUTE
    led_control.c                            0x00000000   Number         0  led_control.o ABSOLUTE
    main.c                                   0x00000000   Number         0  main.o ABSOLUTE
    modbus.c                                 0x00000000   Number         0  modbus.o ABSOLUTE
    motor_control.c                          0x00000000   Number         0  motor_control.o ABSOLUTE
    stroke_counter.c                         0x00000000   Number         0  stroke_counter.o ABSOLUTE
    system_gd32f30x.c                        0x00000000   Number         0  system_gd32f30x.o ABSOLUTE
    systick.c                                0x00000000   Number         0  systick.o ABSOLUTE
    temperature_sensor.c                     0x00000000   Number         0  temperature_sensor.o ABSOLUTE
    uart2_test.c                             0x00000000   Number         0  uart2_test.o ABSOLUTE
    RESET                                    0x08000000   Section      336  startup_gd32f30x_cl.o(RESET)
    .ARM.Collect$$$$00000000                 0x08000150   Section        0  entry.o(.ARM.Collect$$$$00000000)
    .ARM.Collect$$$$00000001                 0x08000150   Section        4  entry2.o(.ARM.Collect$$$$00000001)
    .ARM.Collect$$$$00000004                 0x08000154   Section        4  entry5.o(.ARM.Collect$$$$00000004)
    .ARM.Collect$$$$00000008                 0x08000158   Section        0  entry7b.o(.ARM.Collect$$$$00000008)
    .ARM.Collect$$$$0000000A                 0x08000158   Section        0  entry8b.o(.ARM.Collect$$$$0000000A)
    .ARM.Collect$$$$0000000B                 0x08000158   Section        8  entry9a.o(.ARM.Collect$$$$0000000B)
    __lit__00000000                          0x08000160   Data           4  entry2.o(.ARM.Collect$$$$00002712)
    .ARM.Collect$$$$0000000D                 0x08000160   Section        0  entry10a.o(.ARM.Collect$$$$0000000D)
    .ARM.Collect$$$$0000000F                 0x08000160   Section        0  entry11a.o(.ARM.Collect$$$$0000000F)
    .ARM.Collect$$$$00002712                 0x08000160   Section        4  entry2.o(.ARM.Collect$$$$00002712)
    $v0                                      0x08000164   Number         0  startup_gd32f30x_cl.o(.text)
    .text                                    0x08000164   Section       36  startup_gd32f30x_cl.o(.text)
    .text                                    0x08000188   Section       48  init.o(.text)
    [Anonymous Symbol]                       0x080001b8   Section        0  gd32f30x_it.o(.text.BusFault_Handler)
    [Anonymous Symbol]                       0x080001bc   Section        0  gd32f30x_it.o(.text.DebugMon_Handler)
    [Anonymous Symbol]                       0x080001c0   Section        0  hall_sensor.o(.text.EXTI0_IRQHandler)
    [Anonymous Symbol]                       0x080001dc   Section        0  hall_sensor.o(.text.EXTI10_15_IRQHandler)
    [Anonymous Symbol]                       0x0800020c   Section        0  hall_sensor.o(.text.EXTI1_IRQHandler)
    [Anonymous Symbol]                       0x08000228   Section        0  gd32f30x_it.o(.text.HardFault_Handler)
    [Anonymous Symbol]                       0x0800022c   Section        0  gd32f30x_it.o(.text.MemManage_Handler)
    [Anonymous Symbol]                       0x08000230   Section        0  gd32f30x_it.o(.text.NMI_Handler)
    NVIC_EnableIRQ                           0x08000235   Thumb Code    36  gd32f30x_misc.o(.text.NVIC_EnableIRQ)
    [Anonymous Symbol]                       0x08000234   Section        0  gd32f30x_misc.o(.text.NVIC_EnableIRQ)
    NVIC_EncodePriority                      0x08000259   Thumb Code   108  gd32f30x_misc.o(.text.NVIC_EncodePriority)
    [Anonymous Symbol]                       0x08000258   Section        0  gd32f30x_misc.o(.text.NVIC_EncodePriority)
    NVIC_GetPriorityGrouping                 0x080002c5   Thumb Code    16  gd32f30x_misc.o(.text.NVIC_GetPriorityGrouping)
    [Anonymous Symbol]                       0x080002c4   Section        0  gd32f30x_misc.o(.text.NVIC_GetPriorityGrouping)
    NVIC_SetPriority                         0x080002d5   Thumb Code    68  systick.o(.text.NVIC_SetPriority)
    [Anonymous Symbol]                       0x080002d4   Section        0  systick.o(.text.NVIC_SetPriority)
    NVIC_SetPriority                         0x08000319   Thumb Code    68  gd32f30x_misc.o(.text.NVIC_SetPriority)
    [Anonymous Symbol]                       0x08000318   Section        0  gd32f30x_misc.o(.text.NVIC_SetPriority)
    [Anonymous Symbol]                       0x0800035c   Section        0  motor_control.o(.text.PWM_HIN1_Enable)
    [Anonymous Symbol]                       0x080003a4   Section        0  motor_control.o(.text.PWM_HIN2_Enable)
    [Anonymous Symbol]                       0x080003ec   Section        0  motor_control.o(.text.PWM_LIN1_Enable)
    [Anonymous Symbol]                       0x08000430   Section        0  motor_control.o(.text.PWM_LIN2_Enable)
    [Anonymous Symbol]                       0x08000470   Section        0  motor_control.o(.text.PWM_set_HIN1_Duty)
    [Anonymous Symbol]                       0x080004bc   Section        0  motor_control.o(.text.PWM_set_HIN2_Duty)
    [Anonymous Symbol]                       0x08000508   Section        0  motor_control.o(.text.PWM_set_LIN1_Duty)
    [Anonymous Symbol]                       0x08000550   Section        0  motor_control.o(.text.PWM_set_LIN2_Duty)
    [Anonymous Symbol]                       0x08000598   Section        0  gd32f30x_it.o(.text.PendSV_Handler)
    [Anonymous Symbol]                       0x0800059c   Section        0  gd32f30x_it.o(.text.SVC_Handler)
    SysTick_Config                           0x080005a1   Thumb Code    82  systick.o(.text.SysTick_Config)
    [Anonymous Symbol]                       0x080005a0   Section        0  systick.o(.text.SysTick_Config)
    [Anonymous Symbol]                       0x080005f4   Section        0  gd32f30x_it.o(.text.SysTick_Handler)
    [Anonymous Symbol]                       0x080005fc   Section        0  system_gd32f30x.o(.text.SystemInit)
    [Anonymous Symbol]                       0x080007a8   Section        0  modbus.o(.text.USART1_IRQHandler)
    [Anonymous Symbol]                       0x0800082c   Section        0  gd32f30x_it.o(.text.UsageFault_Handler)
    _soft_delay_                             0x08000831   Thumb Code    40  system_gd32f30x.o(.text._soft_delay_)
    [Anonymous Symbol]                       0x08000830   Section        0  system_gd32f30x.o(.text._soft_delay_)
    [Anonymous Symbol]                       0x08000858   Section        0  gd32f30x_adc.o(.text.adc_calibration_enable)
    [Anonymous Symbol]                       0x08000894   Section        0  gd32f30x_adc.o(.text.adc_channel_length_config)
    [Anonymous Symbol]                       0x08000904   Section        0  gd32f30x_adc.o(.text.adc_data_alignment_config)
    [Anonymous Symbol]                       0x0800092c   Section        0  gd32f30x_adc.o(.text.adc_deinit)
    [Anonymous Symbol]                       0x080009a0   Section        0  gd32f30x_adc.o(.text.adc_enable)
    [Anonymous Symbol]                       0x080009c0   Section        0  gd32f30x_adc.o(.text.adc_external_trigger_config)
    [Anonymous Symbol]                       0x08000a38   Section        0  gd32f30x_adc.o(.text.adc_external_trigger_source_config)
    [Anonymous Symbol]                       0x08000a8c   Section        0  gd32f30x_adc.o(.text.adc_mode_config)
    [Anonymous Symbol]                       0x08000aac   Section        0  gd32f30x_adc.o(.text.adc_routine_channel_config)
    [Anonymous Symbol]                       0x08000c20   Section        0  gd32f30x_adc.o(.text.adc_special_function_config)
    [Anonymous Symbol]                       0x08000cc8   Section        0  current_sensor.o(.text.current_sensor_init)
    [Anonymous Symbol]                       0x08000d8c   Section        0  systick.o(.text.delay_1ms)
    [Anonymous Symbol]                       0x08000db4   Section        0  systick.o(.text.delay_decrement)
    [Anonymous Symbol]                       0x08000de4   Section        0  gd32f30x_exti.o(.text.exti_flag_clear)
    [Anonymous Symbol]                       0x08000df8   Section        0  gd32f30x_exti.o(.text.exti_flag_get)
    [Anonymous Symbol]                       0x08000e28   Section        0  gd32f30x_exti.o(.text.exti_init)
    [Anonymous Symbol]                       0x08000f34   Section        0  gd32f30x_exti.o(.text.exti_interrupt_flag_clear)
    [Anonymous Symbol]                       0x08000f48   Section        0  stroke_counter.o(.text.get_stroke_count)
    [Anonymous Symbol]                       0x08000f54   Section        0  systick.o(.text.get_system_tick)
    [Anonymous Symbol]                       0x08000f60   Section        0  gd32f30x_gpio.o(.text.gpio_bit_reset)
    [Anonymous Symbol]                       0x08000f70   Section        0  gd32f30x_gpio.o(.text.gpio_bit_set)
    [Anonymous Symbol]                       0x08000f80   Section        0  gd32f30x_gpio.o(.text.gpio_exti_source_select)
    [Anonymous Symbol]                       0x08001064   Section        0  gd32f30x_gpio.o(.text.gpio_init)
    [Anonymous Symbol]                       0x080011e8   Section        0  gd32f30x_gpio.o(.text.gpio_input_bit_get)
    [Anonymous Symbol]                       0x08001214   Section        0  gd32f30x_gpio.o(.text.gpio_pin_remap_config)
    [Anonymous Symbol]                       0x08001310   Section        0  hall_sensor.o(.text.hall_sensor_init)
    [Anonymous Symbol]                       0x08001390   Section        0  hall_sensor.o(.text.hall_sensor_process)
    [Anonymous Symbol]                       0x080013f8   Section        0  hall_sensor.o(.text.hall_sensor_update)
    [Anonymous Symbol]                       0x08001474   Section        0  hub_reset.o(.text.hub_reset_init)
    [Anonymous Symbol]                       0x080014a4   Section        0  key_button.o(.text.key_button_init)
    [Anonymous Symbol]                       0x080014ec   Section        0  key_button.o(.text.key_scan)
    key_update                               0x0800154d   Thumb Code   282  key_button.o(.text.key_update)
    [Anonymous Symbol]                       0x0800154c   Section        0  key_button.o(.text.key_update)
    [Anonymous Symbol]                       0x08001668   Section        0  led_control.o(.text.led_init)
    [Anonymous Symbol]                       0x080016d0   Section        0  led_control.o(.text.led_off)
    [Anonymous Symbol]                       0x0800173c   Section        0  led_control.o(.text.led_on)
    [Anonymous Symbol]                       0x080017a8   Section        0  main.o(.text.main)
    [Anonymous Symbol]                       0x080017e0   Section        0  modbus.o(.text.modbus_init)
    [Anonymous Symbol]                       0x0800188c   Section        0  motor_control.o(.text.motor_brake)
    [Anonymous Symbol]                       0x080018d8   Section        0  motor_control.o(.text.motor_control_init)
    [Anonymous Symbol]                       0x080019fc   Section        0  motor_control.o(.text.motor_control_test)
    [Anonymous Symbol]                       0x08001a44   Section        0  motor_control.o(.text.motor_set_speed)
    [Anonymous Symbol]                       0x08001b3c   Section        0  motor_control.o(.text.motor_stop)
    [Anonymous Symbol]                       0x08001b84   Section        0  gd32f30x_misc.o(.text.nvic_irq_enable)
    [Anonymous Symbol]                       0x08001c10   Section        0  gd32f30x_misc.o(.text.nvic_priority_group_set)
    [Anonymous Symbol]                       0x08001c2c   Section        0  stroke_counter.o(.text.position_detect_process)
    [Anonymous Symbol]                       0x08001cc8   Section        0  gd32f30x_rcu.o(.text.rcu_clock_freq_get)
    [Anonymous Symbol]                       0x08001eb8   Section        0  gd32f30x_rcu.o(.text.rcu_periph_clock_enable)
    [Anonymous Symbol]                       0x08001ee0   Section        0  gd32f30x_rcu.o(.text.rcu_periph_reset_disable)
    [Anonymous Symbol]                       0x08001f08   Section        0  gd32f30x_rcu.o(.text.rcu_periph_reset_enable)
    [Anonymous Symbol]                       0x08001f30   Section        0  stroke_counter.o(.text.stroke_counter_init)
    [Anonymous Symbol]                       0x08001f64   Section        0  stroke_counter.o(.text.stroke_counter_update)
    system_clock_120m_hxtal                  0x08001fdd   Thumb Code   380  system_gd32f30x.o(.text.system_clock_120m_hxtal)
    [Anonymous Symbol]                       0x08001fdc   Section        0  system_gd32f30x.o(.text.system_clock_120m_hxtal)
    system_clock_config                      0x08002159   Thumb Code     8  system_gd32f30x.o(.text.system_clock_config)
    [Anonymous Symbol]                       0x08002158   Section        0  system_gd32f30x.o(.text.system_clock_config)
    [Anonymous Symbol]                       0x08002160   Section        0  main.o(.text.system_init)
    [Anonymous Symbol]                       0x080021a0   Section        0  systick.o(.text.systick_config)
    [Anonymous Symbol]                       0x080021d4   Section        0  temperature_sensor.o(.text.temperature_sensor_init)
    [Anonymous Symbol]                       0x080021f4   Section        0  gd32f30x_timer.o(.text.timer_auto_reload_shadow_enable)
    [Anonymous Symbol]                       0x08002208   Section        0  gd32f30x_timer.o(.text.timer_channel_output_config)
    [Anonymous Symbol]                       0x080024d8   Section        0  gd32f30x_timer.o(.text.timer_channel_output_mode_config)
    [Anonymous Symbol]                       0x08002564   Section        0  gd32f30x_timer.o(.text.timer_channel_output_pulse_value_config)
    [Anonymous Symbol]                       0x080025ac   Section        0  gd32f30x_timer.o(.text.timer_channel_output_shadow_config)
    [Anonymous Symbol]                       0x08002638   Section        0  gd32f30x_timer.o(.text.timer_deinit)
    [Anonymous Symbol]                       0x08002750   Section        0  gd32f30x_timer.o(.text.timer_enable)
    [Anonymous Symbol]                       0x08002764   Section        0  gd32f30x_timer.o(.text.timer_init)
    [Anonymous Symbol]                       0x08002868   Section        0  gd32f30x_timer.o(.text.timer_primary_output_config)
    [Anonymous Symbol]                       0x08002898   Section        0  main.o(.text.uart2_simple_init)
    [Anonymous Symbol]                       0x08002918   Section        0  gd32f30x_usart.o(.text.usart_baudrate_set)
    [Anonymous Symbol]                       0x080029e4   Section        0  gd32f30x_usart.o(.text.usart_data_receive)
    [Anonymous Symbol]                       0x080029f4   Section        0  gd32f30x_usart.o(.text.usart_deinit)
    [Anonymous Symbol]                       0x08002aac   Section        0  gd32f30x_usart.o(.text.usart_enable)
    [Anonymous Symbol]                       0x08002ac0   Section        0  gd32f30x_usart.o(.text.usart_flag_get)
    [Anonymous Symbol]                       0x08002b00   Section        0  gd32f30x_usart.o(.text.usart_hardware_flow_cts_config)
    [Anonymous Symbol]                       0x08002b24   Section        0  gd32f30x_usart.o(.text.usart_hardware_flow_rts_config)
    [Anonymous Symbol]                       0x08002b48   Section        0  gd32f30x_usart.o(.text.usart_interrupt_enable)
    [Anonymous Symbol]                       0x08002b6c   Section        0  gd32f30x_usart.o(.text.usart_parity_config)
    [Anonymous Symbol]                       0x08002b8c   Section        0  gd32f30x_usart.o(.text.usart_receive_config)
    [Anonymous Symbol]                       0x08002bb0   Section        0  gd32f30x_usart.o(.text.usart_stop_bit_set)
    [Anonymous Symbol]                       0x08002bd0   Section        0  gd32f30x_usart.o(.text.usart_transmit_config)
    [Anonymous Symbol]                       0x08002bf4   Section        0  gd32f30x_usart.o(.text.usart_word_length_set)
    i.__scatterload_copy                     0x08002c12   Section       14  handlers.o(i.__scatterload_copy)
    i.__scatterload_null                     0x08002c20   Section        2  handlers.o(i.__scatterload_null)
    i.__scatterload_zeroinit                 0x08002c22   Section       14  handlers.o(i.__scatterload_zeroinit)
    speed_calculation_interval               0x20000004   Data           4  hall_sensor.o(.data.speed_calculation_interval)
    [Anonymous Symbol]                       0x20000004   Section        0  hall_sensor.o(.data.speed_calculation_interval)
    delay                                    0x2000000c   Data           4  systick.o(.bss.delay)
    [Anonymous Symbol]                       0x2000000c   Section        0  systick.o(.bss.delay)
    forward_key                              0x20000010   Data          12  key_button.o(.bss.forward_key)
    [Anonymous Symbol]                       0x20000010   Section        0  key_button.o(.bss.forward_key)
    hall_count_in_interval                   0x20000020   Data           4  hall_sensor.o(.bss.hall_count_in_interval)
    [Anonymous Symbol]                       0x20000020   Section        0  hall_sensor.o(.bss.hall_count_in_interval)
    last_hall_state                          0x20000024   Data           1  hall_sensor.o(.bss.last_hall_state)
    [Anonymous Symbol]                       0x20000024   Section        0  hall_sensor.o(.bss.last_hall_state)
    last_speed_calculation_time              0x20000028   Data           4  hall_sensor.o(.bss.last_speed_calculation_time)
    [Anonymous Symbol]                       0x20000028   Section        0  hall_sensor.o(.bss.last_speed_calculation_time)
    reverse_key                              0x20000138   Data          12  key_button.o(.bss.reverse_key)
    [Anonymous Symbol]                       0x20000138   Section        0  key_button.o(.bss.reverse_key)
    stroke_count                             0x20000144   Data           4  stroke_counter.o(.bss.stroke_count)
    [Anonymous Symbol]                       0x20000144   Section        0  stroke_counter.o(.bss.stroke_count)
    system_tick                              0x20000148   Data           4  systick.o(.bss.system_tick)
    [Anonymous Symbol]                       0x20000148   Section        0  systick.o(.bss.system_tick)
    STACK                                    0x20000150   Section     1024  startup_gd32f30x_cl.o(STACK)

    Global Symbols

    Symbol Name                              Value     Ov Type        Size  Object(Section)

    BuildAttributes$$THM_ISAv4$E$P$D$K$B$S$7EM$VFPi3$EXTD16$VFPS$VFMA$PE$A:L22UL41UL21$X:L11$S22US41US21$IEEE1$IW$~IW$USESV6$~STKCKD$USESV7$~SHL$OSPACE$ROPI$EBA8$MICROLIB$REQ8$PRES8$EABIv2 0x00000000   Number         0  anon$$obj.o ABSOLUTE
    __cpp_initialize__aeabi_                  - Undefined Weak Reference
    __cxa_finalize                            - Undefined Weak Reference
    __decompress                              - Undefined Weak Reference
    _clock_init                               - Undefined Weak Reference
    _microlib_exit                            - Undefined Weak Reference
    __Vectors_Size                           0x00000150   Number         0  startup_gd32f30x_cl.o ABSOLUTE
    __Vectors                                0x08000000   Data           4  startup_gd32f30x_cl.o(RESET)
    __Vectors_End                            0x08000150   Data           0  startup_gd32f30x_cl.o(RESET)
    __main                                   0x08000151   Thumb Code     0  entry.o(.ARM.Collect$$$$00000000)
    _main_stk                                0x08000151   Thumb Code     0  entry2.o(.ARM.Collect$$$$00000001)
    _main_scatterload                        0x08000155   Thumb Code     0  entry5.o(.ARM.Collect$$$$00000004)
    __main_after_scatterload                 0x08000159   Thumb Code     0  entry5.o(.ARM.Collect$$$$00000004)
    _main_clock                              0x08000159   Thumb Code     0  entry7b.o(.ARM.Collect$$$$00000008)
    _main_cpp_init                           0x08000159   Thumb Code     0  entry8b.o(.ARM.Collect$$$$0000000A)
    _main_init                               0x08000159   Thumb Code     0  entry9a.o(.ARM.Collect$$$$0000000B)
    __rt_final_cpp                           0x08000161   Thumb Code     0  entry10a.o(.ARM.Collect$$$$0000000D)
    __rt_final_exit                          0x08000161   Thumb Code     0  entry11a.o(.ARM.Collect$$$$0000000F)
    Reset_Handler                            0x08000165   Thumb Code     8  startup_gd32f30x_cl.o(.text)
    ADC0_1_IRQHandler                        0x0800017f   Thumb Code     0  startup_gd32f30x_cl.o(.text)
    CAN0_EWMC_IRQHandler                     0x0800017f   Thumb Code     0  startup_gd32f30x_cl.o(.text)
    CAN0_RX0_IRQHandler                      0x0800017f   Thumb Code     0  startup_gd32f30x_cl.o(.text)
    CAN0_RX1_IRQHandler                      0x0800017f   Thumb Code     0  startup_gd32f30x_cl.o(.text)
    CAN0_TX_IRQHandler                       0x0800017f   Thumb Code     0  startup_gd32f30x_cl.o(.text)
    CAN1_EWMC_IRQHandler                     0x0800017f   Thumb Code     0  startup_gd32f30x_cl.o(.text)
    CAN1_RX0_IRQHandler                      0x0800017f   Thumb Code     0  startup_gd32f30x_cl.o(.text)
    CAN1_RX1_IRQHandler                      0x0800017f   Thumb Code     0  startup_gd32f30x_cl.o(.text)
    CAN1_TX_IRQHandler                       0x0800017f   Thumb Code     0  startup_gd32f30x_cl.o(.text)
    DMA0_Channel0_IRQHandler                 0x0800017f   Thumb Code     0  startup_gd32f30x_cl.o(.text)
    DMA0_Channel1_IRQHandler                 0x0800017f   Thumb Code     0  startup_gd32f30x_cl.o(.text)
    DMA0_Channel2_IRQHandler                 0x0800017f   Thumb Code     0  startup_gd32f30x_cl.o(.text)
    DMA0_Channel3_IRQHandler                 0x0800017f   Thumb Code     0  startup_gd32f30x_cl.o(.text)
    DMA0_Channel4_IRQHandler                 0x0800017f   Thumb Code     0  startup_gd32f30x_cl.o(.text)
    DMA0_Channel5_IRQHandler                 0x0800017f   Thumb Code     0  startup_gd32f30x_cl.o(.text)
    DMA0_Channel6_IRQHandler                 0x0800017f   Thumb Code     0  startup_gd32f30x_cl.o(.text)
    DMA1_Channel0_IRQHandler                 0x0800017f   Thumb Code     0  startup_gd32f30x_cl.o(.text)
    DMA1_Channel1_IRQHandler                 0x0800017f   Thumb Code     0  startup_gd32f30x_cl.o(.text)
    DMA1_Channel2_IRQHandler                 0x0800017f   Thumb Code     0  startup_gd32f30x_cl.o(.text)
    DMA1_Channel3_IRQHandler                 0x0800017f   Thumb Code     0  startup_gd32f30x_cl.o(.text)
    DMA1_Channel4_IRQHandler                 0x0800017f   Thumb Code     0  startup_gd32f30x_cl.o(.text)
    ENET_IRQHandler                          0x0800017f   Thumb Code     0  startup_gd32f30x_cl.o(.text)
    ENET_WKUP_IRQHandler                     0x0800017f   Thumb Code     0  startup_gd32f30x_cl.o(.text)
    EXMC_IRQHandler                          0x0800017f   Thumb Code     0  startup_gd32f30x_cl.o(.text)
    EXTI2_IRQHandler                         0x0800017f   Thumb Code     0  startup_gd32f30x_cl.o(.text)
    EXTI3_IRQHandler                         0x0800017f   Thumb Code     0  startup_gd32f30x_cl.o(.text)
    EXTI4_IRQHandler                         0x0800017f   Thumb Code     0  startup_gd32f30x_cl.o(.text)
    EXTI5_9_IRQHandler                       0x0800017f   Thumb Code     0  startup_gd32f30x_cl.o(.text)
    FMC_IRQHandler                           0x0800017f   Thumb Code     0  startup_gd32f30x_cl.o(.text)
    I2C0_ER_IRQHandler                       0x0800017f   Thumb Code     0  startup_gd32f30x_cl.o(.text)
    I2C0_EV_IRQHandler                       0x0800017f   Thumb Code     0  startup_gd32f30x_cl.o(.text)
    I2C1_ER_IRQHandler                       0x0800017f   Thumb Code     0  startup_gd32f30x_cl.o(.text)
    I2C1_EV_IRQHandler                       0x0800017f   Thumb Code     0  startup_gd32f30x_cl.o(.text)
    LVD_IRQHandler                           0x0800017f   Thumb Code     0  startup_gd32f30x_cl.o(.text)
    RCU_CTC_IRQHandler                       0x0800017f   Thumb Code     0  startup_gd32f30x_cl.o(.text)
    RTC_Alarm_IRQHandler                     0x0800017f   Thumb Code     0  startup_gd32f30x_cl.o(.text)
    RTC_IRQHandler                           0x0800017f   Thumb Code     0  startup_gd32f30x_cl.o(.text)
    SPI0_IRQHandler                          0x0800017f   Thumb Code     0  startup_gd32f30x_cl.o(.text)
    SPI1_IRQHandler                          0x0800017f   Thumb Code     0  startup_gd32f30x_cl.o(.text)
    SPI2_IRQHandler                          0x0800017f   Thumb Code     0  startup_gd32f30x_cl.o(.text)
    TAMPER_IRQHandler                        0x0800017f   Thumb Code     0  startup_gd32f30x_cl.o(.text)
    TIMER0_BRK_TIMER8_IRQHandler             0x0800017f   Thumb Code     0  startup_gd32f30x_cl.o(.text)
    TIMER0_Channel_IRQHandler                0x0800017f   Thumb Code     0  startup_gd32f30x_cl.o(.text)
    TIMER0_TRG_CMT_TIMER10_IRQHandler        0x0800017f   Thumb Code     0  startup_gd32f30x_cl.o(.text)
    TIMER0_UP_TIMER9_IRQHandler              0x0800017f   Thumb Code     0  startup_gd32f30x_cl.o(.text)
    TIMER1_IRQHandler                        0x0800017f   Thumb Code     0  startup_gd32f30x_cl.o(.text)
    TIMER2_IRQHandler                        0x0800017f   Thumb Code     0  startup_gd32f30x_cl.o(.text)
    TIMER3_IRQHandler                        0x0800017f   Thumb Code     0  startup_gd32f30x_cl.o(.text)
    TIMER4_IRQHandler                        0x0800017f   Thumb Code     0  startup_gd32f30x_cl.o(.text)
    TIMER5_IRQHandler                        0x0800017f   Thumb Code     0  startup_gd32f30x_cl.o(.text)
    TIMER6_IRQHandler                        0x0800017f   Thumb Code     0  startup_gd32f30x_cl.o(.text)
    TIMER7_BRK_TIMER11_IRQHandler            0x0800017f   Thumb Code     0  startup_gd32f30x_cl.o(.text)
    TIMER7_Channel_IRQHandler                0x0800017f   Thumb Code     0  startup_gd32f30x_cl.o(.text)
    TIMER7_TRG_CMT_TIMER13_IRQHandler        0x0800017f   Thumb Code     0  startup_gd32f30x_cl.o(.text)
    TIMER7_UP_TIMER12_IRQHandler             0x0800017f   Thumb Code     0  startup_gd32f30x_cl.o(.text)
    UART3_IRQHandler                         0x0800017f   Thumb Code     0  startup_gd32f30x_cl.o(.text)
    UART4_IRQHandler                         0x0800017f   Thumb Code     0  startup_gd32f30x_cl.o(.text)
    USART0_IRQHandler                        0x0800017f   Thumb Code     0  startup_gd32f30x_cl.o(.text)
    USART2_IRQHandler                        0x0800017f   Thumb Code     0  startup_gd32f30x_cl.o(.text)
    USBFS_IRQHandler                         0x0800017f   Thumb Code     0  startup_gd32f30x_cl.o(.text)
    USBFS_WKUP_IRQHandler                    0x0800017f   Thumb Code     0  startup_gd32f30x_cl.o(.text)
    WWDGT_IRQHandler                         0x0800017f   Thumb Code     0  startup_gd32f30x_cl.o(.text)
    __scatterload                            0x08000189   Thumb Code    38  init.o(.text)
    __scatterload_rt2                        0x08000189   Thumb Code     0  init.o(.text)
    BusFault_Handler                         0x080001b9   Thumb Code     4  gd32f30x_it.o(.text.BusFault_Handler)
    DebugMon_Handler                         0x080001bd   Thumb Code     2  gd32f30x_it.o(.text.DebugMon_Handler)
    EXTI0_IRQHandler                         0x080001c1   Thumb Code    26  hall_sensor.o(.text.EXTI0_IRQHandler)
    EXTI10_15_IRQHandler                     0x080001dd   Thumb Code    48  hall_sensor.o(.text.EXTI10_15_IRQHandler)
    EXTI1_IRQHandler                         0x0800020d   Thumb Code    26  hall_sensor.o(.text.EXTI1_IRQHandler)
    HardFault_Handler                        0x08000229   Thumb Code     4  gd32f30x_it.o(.text.HardFault_Handler)
    MemManage_Handler                        0x0800022d   Thumb Code     4  gd32f30x_it.o(.text.MemManage_Handler)
    NMI_Handler                              0x08000231   Thumb Code     2  gd32f30x_it.o(.text.NMI_Handler)
    PWM_HIN1_Enable                          0x0800035d   Thumb Code    70  motor_control.o(.text.PWM_HIN1_Enable)
    PWM_HIN2_Enable                          0x080003a5   Thumb Code    70  motor_control.o(.text.PWM_HIN2_Enable)
    PWM_LIN1_Enable                          0x080003ed   Thumb Code    66  motor_control.o(.text.PWM_LIN1_Enable)
    PWM_LIN2_Enable                          0x08000431   Thumb Code    64  motor_control.o(.text.PWM_LIN2_Enable)
    PWM_set_HIN1_Duty                        0x08000471   Thumb Code    76  motor_control.o(.text.PWM_set_HIN1_Duty)
    PWM_set_HIN2_Duty                        0x080004bd   Thumb Code    76  motor_control.o(.text.PWM_set_HIN2_Duty)
    PWM_set_LIN1_Duty                        0x08000509   Thumb Code    70  motor_control.o(.text.PWM_set_LIN1_Duty)
    PWM_set_LIN2_Duty                        0x08000551   Thumb Code    70  motor_control.o(.text.PWM_set_LIN2_Duty)
    PendSV_Handler                           0x08000599   Thumb Code     2  gd32f30x_it.o(.text.PendSV_Handler)
    SVC_Handler                              0x0800059d   Thumb Code     2  gd32f30x_it.o(.text.SVC_Handler)
    SysTick_Handler                          0x080005f5   Thumb Code     8  gd32f30x_it.o(.text.SysTick_Handler)
    SystemInit                               0x080005fd   Thumb Code   426  system_gd32f30x.o(.text.SystemInit)
    USART1_IRQHandler                        0x080007a9   Thumb Code   130  modbus.o(.text.USART1_IRQHandler)
    UsageFault_Handler                       0x0800082d   Thumb Code     4  gd32f30x_it.o(.text.UsageFault_Handler)
    adc_calibration_enable                   0x08000859   Thumb Code    60  gd32f30x_adc.o(.text.adc_calibration_enable)
    adc_channel_length_config                0x08000895   Thumb Code   110  gd32f30x_adc.o(.text.adc_channel_length_config)
    adc_data_alignment_config                0x08000905   Thumb Code    40  gd32f30x_adc.o(.text.adc_data_alignment_config)
    adc_deinit                               0x0800092d   Thumb Code   116  gd32f30x_adc.o(.text.adc_deinit)
    adc_enable                               0x080009a1   Thumb Code    30  gd32f30x_adc.o(.text.adc_enable)
    adc_external_trigger_config              0x080009c1   Thumb Code   120  gd32f30x_adc.o(.text.adc_external_trigger_config)
    adc_external_trigger_source_config       0x08000a39   Thumb Code    82  gd32f30x_adc.o(.text.adc_external_trigger_source_config)
    adc_mode_config                          0x08000a8d   Thumb Code    32  gd32f30x_adc.o(.text.adc_mode_config)
    adc_routine_channel_config               0x08000aad   Thumb Code   372  gd32f30x_adc.o(.text.adc_routine_channel_config)
    adc_special_function_config              0x08000c21   Thumb Code   166  gd32f30x_adc.o(.text.adc_special_function_config)
    current_sensor_init                      0x08000cc9   Thumb Code   196  current_sensor.o(.text.current_sensor_init)
    delay_1ms                                0x08000d8d   Thumb Code    38  systick.o(.text.delay_1ms)
    delay_decrement                          0x08000db5   Thumb Code    46  systick.o(.text.delay_decrement)
    exti_flag_clear                          0x08000de5   Thumb Code    20  gd32f30x_exti.o(.text.exti_flag_clear)
    exti_flag_get                            0x08000df9   Thumb Code    46  gd32f30x_exti.o(.text.exti_flag_get)
    exti_init                                0x08000e29   Thumb Code   266  gd32f30x_exti.o(.text.exti_init)
    exti_interrupt_flag_clear                0x08000f35   Thumb Code    20  gd32f30x_exti.o(.text.exti_interrupt_flag_clear)
    get_stroke_count                         0x08000f49   Thumb Code    12  stroke_counter.o(.text.get_stroke_count)
    get_system_tick                          0x08000f55   Thumb Code    12  systick.o(.text.get_system_tick)
    gpio_bit_reset                           0x08000f61   Thumb Code    16  gd32f30x_gpio.o(.text.gpio_bit_reset)
    gpio_bit_set                             0x08000f71   Thumb Code    16  gd32f30x_gpio.o(.text.gpio_bit_set)
    gpio_exti_source_select                  0x08000f81   Thumb Code   228  gd32f30x_gpio.o(.text.gpio_exti_source_select)
    gpio_init                                0x08001065   Thumb Code   388  gd32f30x_gpio.o(.text.gpio_init)
    gpio_input_bit_get                       0x080011e9   Thumb Code    42  gd32f30x_gpio.o(.text.gpio_input_bit_get)
    gpio_pin_remap_config                    0x08001215   Thumb Code   250  gd32f30x_gpio.o(.text.gpio_pin_remap_config)
    hall_sensor_init                         0x08001311   Thumb Code   128  hall_sensor.o(.text.hall_sensor_init)
    hall_sensor_process                      0x08001391   Thumb Code   104  hall_sensor.o(.text.hall_sensor_process)
    hall_sensor_update                       0x080013f9   Thumb Code   122  hall_sensor.o(.text.hall_sensor_update)
    hub_reset_init                           0x08001475   Thumb Code    46  hub_reset.o(.text.hub_reset_init)
    key_button_init                          0x080014a5   Thumb Code    72  key_button.o(.text.key_button_init)
    key_scan                                 0x080014ed   Thumb Code    96  key_button.o(.text.key_scan)
    led_init                                 0x08001669   Thumb Code   102  led_control.o(.text.led_init)
    led_off                                  0x080016d1   Thumb Code   106  led_control.o(.text.led_off)
    led_on                                   0x0800173d   Thumb Code   106  led_control.o(.text.led_on)
    main                                     0x080017a9   Thumb Code    56  main.o(.text.main)
    modbus_init                              0x080017e1   Thumb Code   170  modbus.o(.text.modbus_init)
    motor_brake                              0x0800188d   Thumb Code    74  motor_control.o(.text.motor_brake)
    motor_control_init                       0x080018d9   Thumb Code   292  motor_control.o(.text.motor_control_init)
    motor_control_test                       0x080019fd   Thumb Code    72  motor_control.o(.text.motor_control_test)
    motor_set_speed                          0x08001a45   Thumb Code   246  motor_control.o(.text.motor_set_speed)
    motor_stop                               0x08001b3d   Thumb Code    72  motor_control.o(.text.motor_stop)
    nvic_irq_enable                          0x08001b85   Thumb Code   138  gd32f30x_misc.o(.text.nvic_irq_enable)
    nvic_priority_group_set                  0x08001c11   Thumb Code    28  gd32f30x_misc.o(.text.nvic_priority_group_set)
    position_detect_process                  0x08001c2d   Thumb Code   156  stroke_counter.o(.text.position_detect_process)
    rcu_clock_freq_get                       0x08001cc9   Thumb Code   494  gd32f30x_rcu.o(.text.rcu_clock_freq_get)
    rcu_periph_clock_enable                  0x08001eb9   Thumb Code    40  gd32f30x_rcu.o(.text.rcu_periph_clock_enable)
    rcu_periph_reset_disable                 0x08001ee1   Thumb Code    40  gd32f30x_rcu.o(.text.rcu_periph_reset_disable)
    rcu_periph_reset_enable                  0x08001f09   Thumb Code    40  gd32f30x_rcu.o(.text.rcu_periph_reset_enable)
    stroke_counter_init                      0x08001f31   Thumb Code    52  stroke_counter.o(.text.stroke_counter_init)
    stroke_counter_update                    0x08001f65   Thumb Code   120  stroke_counter.o(.text.stroke_counter_update)
    system_init                              0x08002161   Thumb Code    64  main.o(.text.system_init)
    systick_config                           0x080021a1   Thumb Code    50  systick.o(.text.systick_config)
    temperature_sensor_init                  0x080021d5   Thumb Code    30  temperature_sensor.o(.text.temperature_sensor_init)
    timer_auto_reload_shadow_enable          0x080021f5   Thumb Code    18  gd32f30x_timer.o(.text.timer_auto_reload_shadow_enable)
    timer_channel_output_config              0x08002209   Thumb Code   720  gd32f30x_timer.o(.text.timer_channel_output_config)
    timer_channel_output_mode_config         0x080024d9   Thumb Code   140  gd32f30x_timer.o(.text.timer_channel_output_mode_config)
    timer_channel_output_pulse_value_config  0x08002565   Thumb Code    70  gd32f30x_timer.o(.text.timer_channel_output_pulse_value_config)
    timer_channel_output_shadow_config       0x080025ad   Thumb Code   140  gd32f30x_timer.o(.text.timer_channel_output_shadow_config)
    timer_deinit                             0x08002639   Thumb Code   280  gd32f30x_timer.o(.text.timer_deinit)
    timer_enable                             0x08002751   Thumb Code    18  gd32f30x_timer.o(.text.timer_enable)
    timer_init                               0x08002765   Thumb Code   260  gd32f30x_timer.o(.text.timer_init)
    timer_primary_output_config              0x08002869   Thumb Code    46  gd32f30x_timer.o(.text.timer_primary_output_config)
    uart2_simple_init                        0x08002899   Thumb Code   126  main.o(.text.uart2_simple_init)
    usart_baudrate_set                       0x08002919   Thumb Code   202  gd32f30x_usart.o(.text.usart_baudrate_set)
    usart_data_receive                       0x080029e5   Thumb Code    16  gd32f30x_usart.o(.text.usart_data_receive)
    usart_deinit                             0x080029f5   Thumb Code   184  gd32f30x_usart.o(.text.usart_deinit)
    usart_enable                             0x08002aad   Thumb Code    18  gd32f30x_usart.o(.text.usart_enable)
    usart_flag_get                           0x08002ac1   Thumb Code    64  gd32f30x_usart.o(.text.usart_flag_get)
    usart_hardware_flow_cts_config           0x08002b01   Thumb Code    34  gd32f30x_usart.o(.text.usart_hardware_flow_cts_config)
    usart_hardware_flow_rts_config           0x08002b25   Thumb Code    34  gd32f30x_usart.o(.text.usart_hardware_flow_rts_config)
    usart_interrupt_enable                   0x08002b49   Thumb Code    36  gd32f30x_usart.o(.text.usart_interrupt_enable)
    usart_parity_config                      0x08002b6d   Thumb Code    30  gd32f30x_usart.o(.text.usart_parity_config)
    usart_receive_config                     0x08002b8d   Thumb Code    34  gd32f30x_usart.o(.text.usart_receive_config)
    usart_stop_bit_set                       0x08002bb1   Thumb Code    30  gd32f30x_usart.o(.text.usart_stop_bit_set)
    usart_transmit_config                    0x08002bd1   Thumb Code    34  gd32f30x_usart.o(.text.usart_transmit_config)
    usart_word_length_set                    0x08002bf5   Thumb Code    30  gd32f30x_usart.o(.text.usart_word_length_set)
    __scatterload_copy                       0x08002c13   Thumb Code    14  handlers.o(i.__scatterload_copy)
    __scatterload_null                       0x08002c21   Thumb Code     2  handlers.o(i.__scatterload_null)
    __scatterload_zeroinit                   0x08002c23   Thumb Code    14  handlers.o(i.__scatterload_zeroinit)
    Region$$Table$$Base                      0x08002c30   Number         0  anon$$obj.o(Region$$Table)
    Region$$Table$$Limit                     0x08002c50   Number         0  anon$$obj.o(Region$$Table)
    SystemCoreClock                          0x20000000   Data           4  system_gd32f30x.o(.data.SystemCoreClock)
    actual_speed                             0x20000008   Data           2  hall_sensor.o(.bss.actual_speed)
    bottom_position_detected                 0x2000000a   Data           1  stroke_counter.o(.bss.bottom_position_detected)
    hall_count                               0x2000001c   Data           4  hall_sensor.o(.bss.hall_count)
    modbus_rx_buffer                         0x2000002c   Data         256  modbus.o(.bss.modbus_rx_buffer)
    modbus_rx_length                         0x2000012c   Data           2  modbus.o(.bss.modbus_rx_length)
    modbus_rx_timeout                        0x20000130   Data           4  modbus.o(.bss.modbus_rx_timeout)
    motor_state                              0x20000134   Data           1  motor_control.o(.bss.motor_state)
    position_detected                        0x20000135   Data           1  stroke_counter.o(.bss.position_detected)
    top_position_detected                    0x2000014c   Data           1  stroke_counter.o(.bss.top_position_detected)
    __initial_sp                             0x20000550   Data           0  startup_gd32f30x_cl.o(STACK)



==============================================================================

Memory Map of the image

  Image Entry point : 0x08000151

  Load Region LR_IROM1 (Base: 0x08000000, Size: 0x00002c58, Max: 0x00040000, ABSOLUTE)

    Execution Region ER_IROM1 (Exec base: 0x08000000, Load base: 0x08000000, Size: 0x00002c50, Max: 0x00040000, ABSOLUTE)

    Exec Addr    Load Addr    Size         Type   Attr      Idx    E Section Name        Object

    0x08000000   0x08000000   0x00000150   Data   RO         1666    RESET               startup_gd32f30x_cl.o
    0x08000150   0x08000150   0x00000000   Code   RO         1711  * .ARM.Collect$$$$00000000  mc_w.l(entry.o)
    0x08000150   0x08000150   0x00000004   Code   RO         1742    .ARM.Collect$$$$00000001  mc_w.l(entry2.o)
    0x08000154   0x08000154   0x00000004   Code   RO         1745    .ARM.Collect$$$$00000004  mc_w.l(entry5.o)
    0x08000158   0x08000158   0x00000000   Code   RO         1747    .ARM.Collect$$$$00000008  mc_w.l(entry7b.o)
    0x08000158   0x08000158   0x00000000   Code   RO         1749    .ARM.Collect$$$$0000000A  mc_w.l(entry8b.o)
    0x08000158   0x08000158   0x00000008   Code   RO         1750    .ARM.Collect$$$$0000000B  mc_w.l(entry9a.o)
    0x08000160   0x08000160   0x00000000   Code   RO         1752    .ARM.Collect$$$$0000000D  mc_w.l(entry10a.o)
    0x08000160   0x08000160   0x00000000   Code   RO         1754    .ARM.Collect$$$$0000000F  mc_w.l(entry11a.o)
    0x08000160   0x08000160   0x00000004   Code   RO         1743    .ARM.Collect$$$$00002712  mc_w.l(entry2.o)
    0x08000164   0x08000164   0x00000024   Code   RO         1667    .text               startup_gd32f30x_cl.o
    0x08000188   0x08000188   0x00000030   Code   RO         1781    .text               mc_w.l(init.o)
    0x080001b8   0x080001b8   0x00000004   Code   RO            8    .text.BusFault_Handler  gd32f30x_it.o
    0x080001bc   0x080001bc   0x00000002   Code   RO           14    .text.DebugMon_Handler  gd32f30x_it.o
    0x080001be   0x080001be   0x00000002   PAD
    0x080001c0   0x080001c0   0x0000001a   Code   RO          143    .text.EXTI0_IRQHandler  hall_sensor.o
    0x080001da   0x080001da   0x00000002   PAD
    0x080001dc   0x080001dc   0x00000030   Code   RO          149    .text.EXTI10_15_IRQHandler  hall_sensor.o
    0x0800020c   0x0800020c   0x0000001a   Code   RO          147    .text.EXTI1_IRQHandler  hall_sensor.o
    0x08000226   0x08000226   0x00000002   PAD
    0x08000228   0x08000228   0x00000004   Code   RO            4    .text.HardFault_Handler  gd32f30x_it.o
    0x0800022c   0x0800022c   0x00000004   Code   RO            6    .text.MemManage_Handler  gd32f30x_it.o
    0x08000230   0x08000230   0x00000002   Code   RO            2    .text.NMI_Handler   gd32f30x_it.o
    0x08000232   0x08000232   0x00000002   PAD
    0x08000234   0x08000234   0x00000024   Code   RO          997    .text.NVIC_EnableIRQ  gd32f30x_misc.o
    0x08000258   0x08000258   0x0000006c   Code   RO          993    .text.NVIC_EncodePriority  gd32f30x_misc.o
    0x080002c4   0x080002c4   0x00000010   Code   RO          991    .text.NVIC_GetPriorityGrouping  gd32f30x_misc.o
    0x080002d4   0x080002d4   0x00000044   Code   RO           51    .text.NVIC_SetPriority  systick.o
    0x08000318   0x08000318   0x00000044   Code   RO          995    .text.NVIC_SetPriority  gd32f30x_misc.o
    0x0800035c   0x0800035c   0x00000046   Code   RO           86    .text.PWM_HIN1_Enable  motor_control.o
    0x080003a2   0x080003a2   0x00000002   PAD
    0x080003a4   0x080003a4   0x00000046   Code   RO           82    .text.PWM_HIN2_Enable  motor_control.o
    0x080003ea   0x080003ea   0x00000002   PAD
    0x080003ec   0x080003ec   0x00000042   Code   RO           84    .text.PWM_LIN1_Enable  motor_control.o
    0x0800042e   0x0800042e   0x00000002   PAD
    0x08000430   0x08000430   0x00000040   Code   RO           80    .text.PWM_LIN2_Enable  motor_control.o
    0x08000470   0x08000470   0x0000004c   Code   RO           78    .text.PWM_set_HIN1_Duty  motor_control.o
    0x080004bc   0x080004bc   0x0000004c   Code   RO           74    .text.PWM_set_HIN2_Duty  motor_control.o
    0x08000508   0x08000508   0x00000046   Code   RO           76    .text.PWM_set_LIN1_Duty  motor_control.o
    0x0800054e   0x0800054e   0x00000002   PAD
    0x08000550   0x08000550   0x00000046   Code   RO           72    .text.PWM_set_LIN2_Duty  motor_control.o
    0x08000596   0x08000596   0x00000002   PAD
    0x08000598   0x08000598   0x00000002   Code   RO           16    .text.PendSV_Handler  gd32f30x_it.o
    0x0800059a   0x0800059a   0x00000002   PAD
    0x0800059c   0x0800059c   0x00000002   Code   RO           12    .text.SVC_Handler   gd32f30x_it.o
    0x0800059e   0x0800059e   0x00000002   PAD
    0x080005a0   0x080005a0   0x00000052   Code   RO           49    .text.SysTick_Config  systick.o
    0x080005f2   0x080005f2   0x00000002   PAD
    0x080005f4   0x080005f4   0x00000008   Code   RO           18    .text.SysTick_Handler  gd32f30x_it.o
    0x080005fc   0x080005fc   0x000001aa   Code   RO          273    .text.SystemInit    system_gd32f30x.o
    0x080007a6   0x080007a6   0x00000002   PAD
    0x080007a8   0x080007a8   0x00000082   Code   RO          189    .text.USART1_IRQHandler  modbus.o
    0x0800082a   0x0800082a   0x00000002   PAD
    0x0800082c   0x0800082c   0x00000004   Code   RO           10    .text.UsageFault_Handler  gd32f30x_it.o
    0x08000830   0x08000830   0x00000028   Code   RO          275    .text._soft_delay_  system_gd32f30x.o
    0x08000858   0x08000858   0x0000003c   Code   RO          300    .text.adc_calibration_enable  gd32f30x_adc.o
    0x08000894   0x08000894   0x0000006e   Code   RO          320    .text.adc_channel_length_config  gd32f30x_adc.o
    0x08000902   0x08000902   0x00000002   PAD
    0x08000904   0x08000904   0x00000028   Code   RO          318    .text.adc_data_alignment_config  gd32f30x_adc.o
    0x0800092c   0x0800092c   0x00000074   Code   RO          294    .text.adc_deinit    gd32f30x_adc.o
    0x080009a0   0x080009a0   0x0000001e   Code   RO          296    .text.adc_enable    gd32f30x_adc.o
    0x080009be   0x080009be   0x00000002   PAD
    0x080009c0   0x080009c0   0x00000078   Code   RO          328    .text.adc_external_trigger_config  gd32f30x_adc.o
    0x08000a38   0x08000a38   0x00000052   Code   RO          330    .text.adc_external_trigger_source_config  gd32f30x_adc.o
    0x08000a8a   0x08000a8a   0x00000002   PAD
    0x08000a8c   0x08000a8c   0x00000020   Code   RO          314    .text.adc_mode_config  gd32f30x_adc.o
    0x08000aac   0x08000aac   0x00000174   Code   RO          322    .text.adc_routine_channel_config  gd32f30x_adc.o
    0x08000c20   0x08000c20   0x000000a6   Code   RO          316    .text.adc_special_function_config  gd32f30x_adc.o
    0x08000cc6   0x08000cc6   0x00000002   PAD
    0x08000cc8   0x08000cc8   0x000000c4   Code   RO          113    .text.current_sensor_init  current_sensor.o
    0x08000d8c   0x08000d8c   0x00000026   Code   RO           53    .text.delay_1ms     systick.o
    0x08000db2   0x08000db2   0x00000002   PAD
    0x08000db4   0x08000db4   0x0000002e   Code   RO           55    .text.delay_decrement  systick.o
    0x08000de2   0x08000de2   0x00000002   PAD
    0x08000de4   0x08000de4   0x00000014   Code   RO          760    .text.exti_flag_clear  gd32f30x_exti.o
    0x08000df8   0x08000df8   0x0000002e   Code   RO          758    .text.exti_flag_get  gd32f30x_exti.o
    0x08000e26   0x08000e26   0x00000002   PAD
    0x08000e28   0x08000e28   0x0000010a   Code   RO          744    .text.exti_init     gd32f30x_exti.o
    0x08000f32   0x08000f32   0x00000002   PAD
    0x08000f34   0x08000f34   0x00000014   Code   RO          764    .text.exti_interrupt_flag_clear  gd32f30x_exti.o
    0x08000f48   0x08000f48   0x0000000c   Code   RO          174    .text.get_stroke_count  stroke_counter.o
    0x08000f54   0x08000f54   0x0000000c   Code   RO           57    .text.get_system_tick  systick.o
    0x08000f60   0x08000f60   0x00000010   Code   RO          881    .text.gpio_bit_reset  gd32f30x_gpio.o
    0x08000f70   0x08000f70   0x00000010   Code   RO          879    .text.gpio_bit_set  gd32f30x_gpio.o
    0x08000f80   0x08000f80   0x000000e4   Code   RO          897    .text.gpio_exti_source_select  gd32f30x_gpio.o
    0x08001064   0x08001064   0x00000184   Code   RO          877    .text.gpio_init     gd32f30x_gpio.o
    0x080011e8   0x080011e8   0x0000002a   Code   RO          887    .text.gpio_input_bit_get  gd32f30x_gpio.o
    0x08001212   0x08001212   0x00000002   PAD
    0x08001214   0x08001214   0x000000fa   Code   RO          895    .text.gpio_pin_remap_config  gd32f30x_gpio.o
    0x0800130e   0x0800130e   0x00000002   PAD
    0x08001310   0x08001310   0x00000080   Code   RO          151    .text.hall_sensor_init  hall_sensor.o
    0x08001390   0x08001390   0x00000068   Code   RO          153    .text.hall_sensor_process  hall_sensor.o
    0x080013f8   0x080013f8   0x0000007a   Code   RO          145    .text.hall_sensor_update  hall_sensor.o
    0x08001472   0x08001472   0x00000002   PAD
    0x08001474   0x08001474   0x0000002e   Code   RO          249    .text.hub_reset_init  hub_reset.o
    0x080014a2   0x080014a2   0x00000002   PAD
    0x080014a4   0x080014a4   0x00000048   Code   RO          215    .text.key_button_init  key_button.o
    0x080014ec   0x080014ec   0x00000060   Code   RO          217    .text.key_scan      key_button.o
    0x0800154c   0x0800154c   0x0000011a   Code   RO          219    .text.key_update    key_button.o
    0x08001666   0x08001666   0x00000002   PAD
    0x08001668   0x08001668   0x00000066   Code   RO          234    .text.led_init      led_control.o
    0x080016ce   0x080016ce   0x00000002   PAD
    0x080016d0   0x080016d0   0x0000006a   Code   RO          236    .text.led_off       led_control.o
    0x0800173a   0x0800173a   0x00000002   PAD
    0x0800173c   0x0800173c   0x0000006a   Code   RO          238    .text.led_on        led_control.o
    0x080017a6   0x080017a6   0x00000002   PAD
    0x080017a8   0x080017a8   0x00000038   Code   RO           37    .text.main          main.o
    0x080017e0   0x080017e0   0x000000aa   Code   RO          191    .text.modbus_init   modbus.o
    0x0800188a   0x0800188a   0x00000002   PAD
    0x0800188c   0x0800188c   0x0000004a   Code   RO           90    .text.motor_brake   motor_control.o
    0x080018d6   0x080018d6   0x00000002   PAD
    0x080018d8   0x080018d8   0x00000124   Code   RO           68    .text.motor_control_init  motor_control.o
    0x080019fc   0x080019fc   0x00000048   Code   RO           94    .text.motor_control_test  motor_control.o
    0x08001a44   0x08001a44   0x000000f6   Code   RO           88    .text.motor_set_speed  motor_control.o
    0x08001b3a   0x08001b3a   0x00000002   PAD
    0x08001b3c   0x08001b3c   0x00000048   Code   RO           70    .text.motor_stop    motor_control.o
    0x08001b84   0x08001b84   0x0000008a   Code   RO          989    .text.nvic_irq_enable  gd32f30x_misc.o
    0x08001c0e   0x08001c0e   0x00000002   PAD
    0x08001c10   0x08001c10   0x0000001c   Code   RO          987    .text.nvic_priority_group_set  gd32f30x_misc.o
    0x08001c2c   0x08001c2c   0x0000009c   Code   RO          176    .text.position_detect_process  stroke_counter.o
    0x08001cc8   0x08001cc8   0x000001ee   Code   RO         1146    .text.rcu_clock_freq_get  gd32f30x_rcu.o
    0x08001eb6   0x08001eb6   0x00000002   PAD
    0x08001eb8   0x08001eb8   0x00000028   Code   RO         1084    .text.rcu_periph_clock_enable  gd32f30x_rcu.o
    0x08001ee0   0x08001ee0   0x00000028   Code   RO         1094    .text.rcu_periph_reset_disable  gd32f30x_rcu.o
    0x08001f08   0x08001f08   0x00000028   Code   RO         1092    .text.rcu_periph_reset_enable  gd32f30x_rcu.o
    0x08001f30   0x08001f30   0x00000034   Code   RO          168    .text.stroke_counter_init  stroke_counter.o
    0x08001f64   0x08001f64   0x00000078   Code   RO          170    .text.stroke_counter_update  stroke_counter.o
    0x08001fdc   0x08001fdc   0x0000017c   Code   RO          283    .text.system_clock_120m_hxtal  system_gd32f30x.o
    0x08002158   0x08002158   0x00000008   Code   RO          277    .text.system_clock_config  system_gd32f30x.o
    0x08002160   0x08002160   0x00000040   Code   RO           31    .text.system_init   main.o
    0x080021a0   0x080021a0   0x00000032   Code   RO           47    .text.systick_config  systick.o
    0x080021d2   0x080021d2   0x00000002   PAD
    0x080021d4   0x080021d4   0x0000001e   Code   RO          129    .text.temperature_sensor_init  temperature_sensor.o
    0x080021f2   0x080021f2   0x00000002   PAD
    0x080021f4   0x080021f4   0x00000012   Code   RO         1398    .text.timer_auto_reload_shadow_enable  gd32f30x_timer.o
    0x08002206   0x08002206   0x00000002   PAD
    0x08002208   0x08002208   0x000002d0   Code   RO         1470    .text.timer_channel_output_config  gd32f30x_timer.o
    0x080024d8   0x080024d8   0x0000008c   Code   RO         1472    .text.timer_channel_output_mode_config  gd32f30x_timer.o
    0x08002564   0x08002564   0x00000046   Code   RO         1474    .text.timer_channel_output_pulse_value_config  gd32f30x_timer.o
    0x080025aa   0x080025aa   0x00000002   PAD
    0x080025ac   0x080025ac   0x0000008c   Code   RO         1476    .text.timer_channel_output_shadow_config  gd32f30x_timer.o
    0x08002638   0x08002638   0x00000118   Code   RO         1388    .text.timer_deinit  gd32f30x_timer.o
    0x08002750   0x08002750   0x00000012   Code   RO         1394    .text.timer_enable  gd32f30x_timer.o
    0x08002762   0x08002762   0x00000002   PAD
    0x08002764   0x08002764   0x00000104   Code   RO         1392    .text.timer_init    gd32f30x_timer.o
    0x08002868   0x08002868   0x0000002e   Code   RO         1462    .text.timer_primary_output_config  gd32f30x_timer.o
    0x08002896   0x08002896   0x00000002   PAD
    0x08002898   0x08002898   0x0000007e   Code   RO           33    .text.uart2_simple_init  main.o
    0x08002916   0x08002916   0x00000002   PAD
    0x08002918   0x08002918   0x000000ca   Code   RO         1539    .text.usart_baudrate_set  gd32f30x_usart.o
    0x080029e2   0x080029e2   0x00000002   PAD
    0x080029e4   0x080029e4   0x00000010   Code   RO         1567    .text.usart_data_receive  gd32f30x_usart.o
    0x080029f4   0x080029f4   0x000000b8   Code   RO         1537    .text.usart_deinit  gd32f30x_usart.o
    0x08002aac   0x08002aac   0x00000012   Code   RO         1547    .text.usart_enable  gd32f30x_usart.o
    0x08002abe   0x08002abe   0x00000002   PAD
    0x08002ac0   0x08002ac0   0x00000040   Code   RO         1625    .text.usart_flag_get  gd32f30x_usart.o
    0x08002b00   0x08002b00   0x00000022   Code   RO         1619    .text.usart_hardware_flow_cts_config  gd32f30x_usart.o
    0x08002b22   0x08002b22   0x00000002   PAD
    0x08002b24   0x08002b24   0x00000022   Code   RO         1617    .text.usart_hardware_flow_rts_config  gd32f30x_usart.o
    0x08002b46   0x08002b46   0x00000002   PAD
    0x08002b48   0x08002b48   0x00000024   Code   RO         1629    .text.usart_interrupt_enable  gd32f30x_usart.o
    0x08002b6c   0x08002b6c   0x0000001e   Code   RO         1541    .text.usart_parity_config  gd32f30x_usart.o
    0x08002b8a   0x08002b8a   0x00000002   PAD
    0x08002b8c   0x08002b8c   0x00000022   Code   RO         1553    .text.usart_receive_config  gd32f30x_usart.o
    0x08002bae   0x08002bae   0x00000002   PAD
    0x08002bb0   0x08002bb0   0x0000001e   Code   RO         1545    .text.usart_stop_bit_set  gd32f30x_usart.o
    0x08002bce   0x08002bce   0x00000002   PAD
    0x08002bd0   0x08002bd0   0x00000022   Code   RO         1551    .text.usart_transmit_config  gd32f30x_usart.o
    0x08002bf2   0x08002bf2   0x00000002   PAD
    0x08002bf4   0x08002bf4   0x0000001e   Code   RO         1543    .text.usart_word_length_set  gd32f30x_usart.o
    0x08002c12   0x08002c12   0x0000000e   Code   RO         1793    i.__scatterload_copy  mc_w.l(handlers.o)
    0x08002c20   0x08002c20   0x00000002   Code   RO         1794    i.__scatterload_null  mc_w.l(handlers.o)
    0x08002c22   0x08002c22   0x0000000e   Code   RO         1795    i.__scatterload_zeroinit  mc_w.l(handlers.o)
    0x08002c30   0x08002c30   0x00000020   Data   RO         1792    Region$$Table       anon$$obj.o


    Execution Region RW_IRAM1 (Exec base: 0x20000000, Load base: 0x08002c50, Size: 0x00000550, Max: 0x0000c000, ABSOLUTE)

    Exec Addr    Load Addr    Size         Type   Attr      Idx    E Section Name        Object

    0x20000000   0x08002c50   0x00000004   Data   RW          285    .data.SystemCoreClock  system_gd32f30x.o
    0x20000004   0x08002c54   0x00000004   Data   RW          158    .data.speed_calculation_interval  hall_sensor.o
    0x20000008        -       0x00000002   Zero   RW          156    .bss.actual_speed   hall_sensor.o
    0x2000000a        -       0x00000001   Zero   RW          180    .bss.bottom_position_detected  stroke_counter.o
    0x2000000b   0x08002c58   0x00000001   PAD
    0x2000000c        -       0x00000004   Zero   RW           59    .bss.delay          systick.o
    0x20000010        -       0x0000000c   Zero   RW          225    .bss.forward_key    key_button.o
    0x2000001c        -       0x00000004   Zero   RW          155    .bss.hall_count     hall_sensor.o
    0x20000020        -       0x00000004   Zero   RW          159    .bss.hall_count_in_interval  hall_sensor.o
    0x20000024        -       0x00000001   Zero   RW          160    .bss.last_hall_state  hall_sensor.o
    0x20000025   0x08002c58   0x00000003   PAD
    0x20000028        -       0x00000004   Zero   RW          157    .bss.last_speed_calculation_time  hall_sensor.o
    0x2000002c        -       0x00000100   Zero   RW          206    .bss.modbus_rx_buffer  modbus.o
    0x2000012c        -       0x00000002   Zero   RW          203    .bss.modbus_rx_length  modbus.o
    0x2000012e   0x08002c58   0x00000002   PAD
    0x20000130        -       0x00000004   Zero   RW          205    .bss.modbus_rx_timeout  modbus.o
    0x20000134        -       0x00000001   Zero   RW           98    .bss.motor_state    motor_control.o
    0x20000135        -       0x00000001   Zero   RW          178    .bss.position_detected  stroke_counter.o
    0x20000136   0x08002c58   0x00000002   PAD
    0x20000138        -       0x0000000c   Zero   RW          226    .bss.reverse_key    key_button.o
    0x20000144        -       0x00000004   Zero   RW          181    .bss.stroke_count   stroke_counter.o
    0x20000148        -       0x00000004   Zero   RW           60    .bss.system_tick    systick.o
    0x2000014c        -       0x00000001   Zero   RW          179    .bss.top_position_detected  stroke_counter.o
    0x2000014d   0x08002c58   0x00000003   PAD
    0x20000150        -       0x00000400   Zero   RW         1664    STACK               startup_gd32f30x_cl.o


==============================================================================

Image component sizes


      Code (inc. data)   RO Data    RW Data    ZI Data      Debug   Object Name

       196          0          0          0          0       2557   current_sensor.o
      1128          0          0          0          0       8424   gd32f30x_adc.o
       352          4          0          0          0       3083   gd32f30x_exti.o
       940          0          0          0          0       5580   gd32f30x_gpio.o
        32          0          0          0          0       1057   gd32f30x_it.o
       394          0          0          0          0       7284   gd32f30x_misc.o
       614          4          0          0          0      11000   gd32f30x_rcu.o
      1692         20          0          0          0      16730   gd32f30x_timer.o
       746          0          0          0          0      10491   gd32f30x_usart.o
       454          0          0          4         15       4542   hall_sensor.o
        46          0          0          0          0       1614   hub_reset.o
       450          0          0          0         24       2853   key_button.o
       314          0          0          0          0       2280   led_control.o
       246          0          0          0          0       3229   main.o
       300          0          0          0        262       6571   modbus.o
      1318          4          0          0          1       5391   motor_control.o
        36          8        336          0       1024        996   startup_gd32f30x_cl.o
       340          0          0          0          7       2183   stroke_counter.o
       854          0          0          4          0       3146   system_gd32f30x.o
       296          0          0          0          8       4143   systick.o
        30          0          0          0          0       1974   temperature_sensor.o

    ----------------------------------------------------------------------
     10878         40        368          8       1352     105128   Object Totals
         0          0         32          0          0          0   (incl. Generated)
       100          0          0          0         11          0   (incl. Padding)

    ----------------------------------------------------------------------

      Code (inc. data)   RO Data    RW Data    ZI Data      Debug   Library Member Name

         0          0          0          0          0          0   entry.o
         0          0          0          0          0          0   entry10a.o
         0          0          0          0          0          0   entry11a.o
         8          4          0          0          0          0   entry2.o
         4          0          0          0          0          0   entry5.o
         0          0          0          0          0          0   entry7b.o
         0          0          0          0          0          0   entry8b.o
         8          4          0          0          0          0   entry9a.o
        30          0          0          0          0          0   handlers.o
        48         10          0          0          0         68   init.o

    ----------------------------------------------------------------------
        98         18          0          0          0         68   Library Totals
         0          0          0          0          0          0   (incl. Padding)

    ----------------------------------------------------------------------

      Code (inc. data)   RO Data    RW Data    ZI Data      Debug   Library Name

        98         18          0          0          0         68   mc_w.l

    ----------------------------------------------------------------------
        98         18          0          0          0         68   Library Totals

    ----------------------------------------------------------------------

==============================================================================


      Code (inc. data)   RO Data    RW Data    ZI Data      Debug   

     10976         58        368          8       1352     105020   Grand Totals
     10976         58        368          8       1352     105020   ELF Image Totals
     10976         58        368          8          0          0   ROM Totals

==============================================================================

    Total RO  Size (Code + RO Data)                11344 (  11.08kB)
    Total RW  Size (RW Data + ZI Data)              1360 (   1.33kB)
    Total ROM Size (Code + RO Data + RW Data)      11352 (  11.09kB)

==============================================================================

