<html>
<body>
<pre>
<h1>µVision Build Log</h1>
<h2>Tool Versions:</h2>
IDE-Version: ÂµVision V5.43.1.0
Copyright (C) 2025 ARM Ltd and ARM Germany GmbH. All rights reserved.
License Information: Carry 625322472@qq.com, HB, LIC=HN0AE-5908Z-JJY6S-L6BRI-TF581-DRIPP
 
Tool Versions:
Toolchain:       MDK-ARM Plus  Version: 5.43.0.0
Toolchain Path:  C:\Users\62532\AppData\Local\Keil_v5\ARM\ARMCLANG\Bin
C Compiler:      ArmClang.exe V6.24
Assembler:       Armasm.exe V6.24
Linker/Locator:  ArmLink.exe V6.24
Library Manager: ArmAr.exe V6.24
Hex Converter:   FromElf.exe V6.24
CPU DLL:         SARMCM3.DLL V5.43.0.0
Dialog DLL:      DCM.DLL V1.17.5.0
Target DLL:      UL2CM3.DLL V1.164.16.0
Dialog DLL:      TCM.DLL V1.56.6.0
 
<h2>Project:</h2>
D:\part_time\xin_shi_kang\GIT\GD32F30x_Firmware_Library_V3.0.3\GD32F30x_Firmware_Library_V3.0.3\Template\Keil5_project\Project.uvprojx
Project File Date:  04/10/2026

<h2>Output:</h2>
*** Using Compiler 'V6.24', folder: 'C:\Users\62532\AppData\Local\Keil_v5\ARM\ARMCLANG\Bin'
Rebuild target 'GD32F30X_CL'
compiling temperature_sensor.c...
compiling systick.c...
compiling current_sensor.c...
compiling motor_control.c...
compiling hall_sensor.c...
compiling stroke_counter.c...
compiling gd32f30x_ctc.c...
compiling gd32f30x_bkp.c...
compiling main.c...
compiling gd32f30x_it.c...
compiling system_gd32f30x.c...
compiling gd32f30x_crc.c...
compiling gd32f30x_adc.c...
compiling modbus.c...
compiling gd32f30x_can.c...
compiling gd32f30x_dac.c...
compiling gd32f30x_dbg.c...
compiling gd32f30x_dma.c...
compiling gd32f30x_enet.c...
compiling gd32f30x_exmc.c...
compiling gd32f30x_exti.c...
compiling gd32f30x_fmc.c...
compiling gd32f30x_fwdgt.c...
compiling gd32f30x_gpio.c...
compiling gd32f30x_i2c.c...
compiling gd32f30x_misc.c...
compiling gd32f30x_pmu.c...
compiling gd32f30x_rcu.c...
compiling gd32f30x_rtc.c...
compiling gd32f30x_sdio.c...
compiling gd32f30x_spi.c...
compiling gd32f30x_timer.c...
compiling gd32f30x_usart.c...
compiling gd32f30x_wwdgt.c...
assembling startup_gd32f30x_cl.s...
compiling gd32f307c_eval.c...
linking...
Program Size: Code=8340 RO-data=636 RW-data=8 ZI-data=1592  
".\output\Project.axf" - 0 Error(s), 0 Warning(s).

<h2>Software Packages used:</h2>

Package Vendor: ARM
                https://www.keil.com/pack/ARM.CMSIS.6.2.0.pack
                ARM::CMSIS@6.2.0
                CMSIS (Common Microcontroller Software Interface Standard)
   * Component: CORE Version: 6.1.1

Package Vendor: GigaDevice
                https://gd32mcu.com/data/documents/pack/GigaDevice.GD32F30x_DFP.2.2.1.pack
                GigaDevice::GD32F30x_DFP@2.2.1
                GigaDevice GD32F30x Series Device Support and Examples

<h2>Collection of Component include folders:</h2>
  ./RTE/_GD32F30X_CL
  C:/Users/62532/AppData/Local/Arm/Packs/ARM/CMSIS/6.2.0/CMSIS/Core/Include
  C:/Users/62532/AppData/Local/Arm/Packs/GigaDevice/GD32F30x_DFP/2.2.1/Device/Include

<h2>Collection of Component Files used:</h2>

   * Component: ARM::CMSIS:CORE@6.1.1
Build Time Elapsed:  00:00:14
</pre>
</body>
</html>
