<!doctype html public "-//w3c//dtd html 4.0 transitional//en">
<html><head>
<title>Static Call Graph - [.\output\Project.axf]</title></head>
<body><HR>
<H1>Static Call Graph for image .\output\Project.axf</H1><HR>
<BR><P>#&#060CALLGRAPH&#062# ARM Linker, 6240002: Last Updated: Sun Apr 12 17:43:03 2026
<BR><P>
<H3>Maximum Stack Usage =         80 bytes + Unknown(Cycles, Untraceable Function Pointers)</H3><H3>
Call chain for Maximum Stack Depth:</H3>
main &rArr; motor_control_init &rArr; gpio_init
<P>
<H3>
Mutually Recursive functions
</H3> <LI><a href="#[1c]">ADC0_1_IRQHandler</a>&nbsp;&nbsp;&nbsp;&rArr;&nbsp;&nbsp;&nbsp;<a href="#[1c]">ADC0_1_IRQHandler</a><BR>
 <LI><a href="#[4]">BusFault_Handler</a>&nbsp;&nbsp;&nbsp;&rArr;&nbsp;&nbsp;&nbsp;<a href="#[4]">BusFault_Handler</a><BR>
 <LI><a href="#[2]">HardFault_Handler</a>&nbsp;&nbsp;&nbsp;&rArr;&nbsp;&nbsp;&nbsp;<a href="#[2]">HardFault_Handler</a><BR>
 <LI><a href="#[3]">MemManage_Handler</a>&nbsp;&nbsp;&nbsp;&rArr;&nbsp;&nbsp;&nbsp;<a href="#[3]">MemManage_Handler</a><BR>
 <LI><a href="#[5]">UsageFault_Handler</a>&nbsp;&nbsp;&nbsp;&rArr;&nbsp;&nbsp;&nbsp;<a href="#[5]">UsageFault_Handler</a><BR>
</UL>
<P>
<H3>
Function Pointers
</H3><UL>
 <LI><a href="#[1c]">ADC0_1_IRQHandler</a> from startup_gd32f30x_cl.o(.text) referenced from startup_gd32f30x_cl.o(RESET)
 <LI><a href="#[4]">BusFault_Handler</a> from gd32f30x_it.o(.text.BusFault_Handler) referenced from startup_gd32f30x_cl.o(RESET)
 <LI><a href="#[20]">CAN0_EWMC_IRQHandler</a> from startup_gd32f30x_cl.o(.text) referenced from startup_gd32f30x_cl.o(RESET)
 <LI><a href="#[1e]">CAN0_RX0_IRQHandler</a> from startup_gd32f30x_cl.o(.text) referenced from startup_gd32f30x_cl.o(RESET)
 <LI><a href="#[1f]">CAN0_RX1_IRQHandler</a> from startup_gd32f30x_cl.o(.text) referenced from startup_gd32f30x_cl.o(RESET)
 <LI><a href="#[1d]">CAN0_TX_IRQHandler</a> from startup_gd32f30x_cl.o(.text) referenced from startup_gd32f30x_cl.o(RESET)
 <LI><a href="#[4a]">CAN1_EWMC_IRQHandler</a> from startup_gd32f30x_cl.o(.text) referenced from startup_gd32f30x_cl.o(RESET)
 <LI><a href="#[48]">CAN1_RX0_IRQHandler</a> from startup_gd32f30x_cl.o(.text) referenced from startup_gd32f30x_cl.o(RESET)
 <LI><a href="#[49]">CAN1_RX1_IRQHandler</a> from startup_gd32f30x_cl.o(.text) referenced from startup_gd32f30x_cl.o(RESET)
 <LI><a href="#[47]">CAN1_TX_IRQHandler</a> from startup_gd32f30x_cl.o(.text) referenced from startup_gd32f30x_cl.o(RESET)
 <LI><a href="#[15]">DMA0_Channel0_IRQHandler</a> from startup_gd32f30x_cl.o(.text) referenced from startup_gd32f30x_cl.o(RESET)
 <LI><a href="#[16]">DMA0_Channel1_IRQHandler</a> from startup_gd32f30x_cl.o(.text) referenced from startup_gd32f30x_cl.o(RESET)
 <LI><a href="#[17]">DMA0_Channel2_IRQHandler</a> from startup_gd32f30x_cl.o(.text) referenced from startup_gd32f30x_cl.o(RESET)
 <LI><a href="#[18]">DMA0_Channel3_IRQHandler</a> from startup_gd32f30x_cl.o(.text) referenced from startup_gd32f30x_cl.o(RESET)
 <LI><a href="#[19]">DMA0_Channel4_IRQHandler</a> from startup_gd32f30x_cl.o(.text) referenced from startup_gd32f30x_cl.o(RESET)
 <LI><a href="#[1a]">DMA0_Channel5_IRQHandler</a> from startup_gd32f30x_cl.o(.text) referenced from startup_gd32f30x_cl.o(RESET)
 <LI><a href="#[1b]">DMA0_Channel6_IRQHandler</a> from startup_gd32f30x_cl.o(.text) referenced from startup_gd32f30x_cl.o(RESET)
 <LI><a href="#[40]">DMA1_Channel0_IRQHandler</a> from startup_gd32f30x_cl.o(.text) referenced from startup_gd32f30x_cl.o(RESET)
 <LI><a href="#[41]">DMA1_Channel1_IRQHandler</a> from startup_gd32f30x_cl.o(.text) referenced from startup_gd32f30x_cl.o(RESET)
 <LI><a href="#[42]">DMA1_Channel2_IRQHandler</a> from startup_gd32f30x_cl.o(.text) referenced from startup_gd32f30x_cl.o(RESET)
 <LI><a href="#[43]">DMA1_Channel3_IRQHandler</a> from startup_gd32f30x_cl.o(.text) referenced from startup_gd32f30x_cl.o(RESET)
 <LI><a href="#[44]">DMA1_Channel4_IRQHandler</a> from startup_gd32f30x_cl.o(.text) referenced from startup_gd32f30x_cl.o(RESET)
 <LI><a href="#[7]">DebugMon_Handler</a> from gd32f30x_it.o(.text.DebugMon_Handler) referenced from startup_gd32f30x_cl.o(RESET)
 <LI><a href="#[45]">ENET_IRQHandler</a> from startup_gd32f30x_cl.o(.text) referenced from startup_gd32f30x_cl.o(RESET)
 <LI><a href="#[46]">ENET_WKUP_IRQHandler</a> from startup_gd32f30x_cl.o(.text) referenced from startup_gd32f30x_cl.o(RESET)
 <LI><a href="#[39]">EXMC_IRQHandler</a> from startup_gd32f30x_cl.o(.text) referenced from startup_gd32f30x_cl.o(RESET)
 <LI><a href="#[10]">EXTI0_IRQHandler</a> from gd32f30x_it.o(.text.EXTI0_IRQHandler) referenced from startup_gd32f30x_cl.o(RESET)
 <LI><a href="#[32]">EXTI10_15_IRQHandler</a> from startup_gd32f30x_cl.o(.text) referenced from startup_gd32f30x_cl.o(RESET)
 <LI><a href="#[11]">EXTI1_IRQHandler</a> from gd32f30x_it.o(.text.EXTI1_IRQHandler) referenced from startup_gd32f30x_cl.o(RESET)
 <LI><a href="#[12]">EXTI2_IRQHandler</a> from startup_gd32f30x_cl.o(.text) referenced from startup_gd32f30x_cl.o(RESET)
 <LI><a href="#[13]">EXTI3_IRQHandler</a> from startup_gd32f30x_cl.o(.text) referenced from startup_gd32f30x_cl.o(RESET)
 <LI><a href="#[14]">EXTI4_IRQHandler</a> from startup_gd32f30x_cl.o(.text) referenced from startup_gd32f30x_cl.o(RESET)
 <LI><a href="#[21]">EXTI5_9_IRQHandler</a> from startup_gd32f30x_cl.o(.text) referenced from startup_gd32f30x_cl.o(RESET)
 <LI><a href="#[e]">FMC_IRQHandler</a> from startup_gd32f30x_cl.o(.text) referenced from startup_gd32f30x_cl.o(RESET)
 <LI><a href="#[2]">HardFault_Handler</a> from gd32f30x_it.o(.text.HardFault_Handler) referenced from startup_gd32f30x_cl.o(RESET)
 <LI><a href="#[2a]">I2C0_ER_IRQHandler</a> from startup_gd32f30x_cl.o(.text) referenced from startup_gd32f30x_cl.o(RESET)
 <LI><a href="#[29]">I2C0_EV_IRQHandler</a> from startup_gd32f30x_cl.o(.text) referenced from startup_gd32f30x_cl.o(RESET)
 <LI><a href="#[2c]">I2C1_ER_IRQHandler</a> from startup_gd32f30x_cl.o(.text) referenced from startup_gd32f30x_cl.o(RESET)
 <LI><a href="#[2b]">I2C1_EV_IRQHandler</a> from startup_gd32f30x_cl.o(.text) referenced from startup_gd32f30x_cl.o(RESET)
 <LI><a href="#[b]">LVD_IRQHandler</a> from startup_gd32f30x_cl.o(.text) referenced from startup_gd32f30x_cl.o(RESET)
 <LI><a href="#[3]">MemManage_Handler</a> from gd32f30x_it.o(.text.MemManage_Handler) referenced from startup_gd32f30x_cl.o(RESET)
 <LI><a href="#[1]">NMI_Handler</a> from gd32f30x_it.o(.text.NMI_Handler) referenced from startup_gd32f30x_cl.o(RESET)
 <LI><a href="#[8]">PendSV_Handler</a> from gd32f30x_it.o(.text.PendSV_Handler) referenced from startup_gd32f30x_cl.o(RESET)
 <LI><a href="#[f]">RCU_CTC_IRQHandler</a> from startup_gd32f30x_cl.o(.text) referenced from startup_gd32f30x_cl.o(RESET)
 <LI><a href="#[33]">RTC_Alarm_IRQHandler</a> from startup_gd32f30x_cl.o(.text) referenced from startup_gd32f30x_cl.o(RESET)
 <LI><a href="#[d]">RTC_IRQHandler</a> from startup_gd32f30x_cl.o(.text) referenced from startup_gd32f30x_cl.o(RESET)
 <LI><a href="#[0]">Reset_Handler</a> from startup_gd32f30x_cl.o(.text) referenced from startup_gd32f30x_cl.o(RESET)
 <LI><a href="#[2d]">SPI0_IRQHandler</a> from startup_gd32f30x_cl.o(.text) referenced from startup_gd32f30x_cl.o(RESET)
 <LI><a href="#[2e]">SPI1_IRQHandler</a> from startup_gd32f30x_cl.o(.text) referenced from startup_gd32f30x_cl.o(RESET)
 <LI><a href="#[3b]">SPI2_IRQHandler</a> from startup_gd32f30x_cl.o(.text) referenced from startup_gd32f30x_cl.o(RESET)
 <LI><a href="#[6]">SVC_Handler</a> from gd32f30x_it.o(.text.SVC_Handler) referenced from startup_gd32f30x_cl.o(RESET)
 <LI><a href="#[9]">SysTick_Handler</a> from gd32f30x_it.o(.text.SysTick_Handler) referenced from startup_gd32f30x_cl.o(RESET)
 <LI><a href="#[4d]">SystemInit</a> from system_gd32f30x.o(.text.SystemInit) referenced from startup_gd32f30x_cl.o(.text)
 <LI><a href="#[c]">TAMPER_IRQHandler</a> from startup_gd32f30x_cl.o(.text) referenced from startup_gd32f30x_cl.o(RESET)
 <LI><a href="#[22]">TIMER0_BRK_TIMER8_IRQHandler</a> from startup_gd32f30x_cl.o(.text) referenced from startup_gd32f30x_cl.o(RESET)
 <LI><a href="#[25]">TIMER0_Channel_IRQHandler</a> from startup_gd32f30x_cl.o(.text) referenced from startup_gd32f30x_cl.o(RESET)
 <LI><a href="#[24]">TIMER0_TRG_CMT_TIMER10_IRQHandler</a> from startup_gd32f30x_cl.o(.text) referenced from startup_gd32f30x_cl.o(RESET)
 <LI><a href="#[23]">TIMER0_UP_TIMER9_IRQHandler</a> from startup_gd32f30x_cl.o(.text) referenced from startup_gd32f30x_cl.o(RESET)
 <LI><a href="#[26]">TIMER1_IRQHandler</a> from startup_gd32f30x_cl.o(.text) referenced from startup_gd32f30x_cl.o(RESET)
 <LI><a href="#[27]">TIMER2_IRQHandler</a> from startup_gd32f30x_cl.o(.text) referenced from startup_gd32f30x_cl.o(RESET)
 <LI><a href="#[28]">TIMER3_IRQHandler</a> from startup_gd32f30x_cl.o(.text) referenced from startup_gd32f30x_cl.o(RESET)
 <LI><a href="#[3a]">TIMER4_IRQHandler</a> from startup_gd32f30x_cl.o(.text) referenced from startup_gd32f30x_cl.o(RESET)
 <LI><a href="#[3e]">TIMER5_IRQHandler</a> from startup_gd32f30x_cl.o(.text) referenced from startup_gd32f30x_cl.o(RESET)
 <LI><a href="#[3f]">TIMER6_IRQHandler</a> from startup_gd32f30x_cl.o(.text) referenced from startup_gd32f30x_cl.o(RESET)
 <LI><a href="#[35]">TIMER7_BRK_TIMER11_IRQHandler</a> from startup_gd32f30x_cl.o(.text) referenced from startup_gd32f30x_cl.o(RESET)
 <LI><a href="#[38]">TIMER7_Channel_IRQHandler</a> from startup_gd32f30x_cl.o(.text) referenced from startup_gd32f30x_cl.o(RESET)
 <LI><a href="#[37]">TIMER7_TRG_CMT_TIMER13_IRQHandler</a> from startup_gd32f30x_cl.o(.text) referenced from startup_gd32f30x_cl.o(RESET)
 <LI><a href="#[36]">TIMER7_UP_TIMER12_IRQHandler</a> from startup_gd32f30x_cl.o(.text) referenced from startup_gd32f30x_cl.o(RESET)
 <LI><a href="#[3c]">UART3_IRQHandler</a> from startup_gd32f30x_cl.o(.text) referenced from startup_gd32f30x_cl.o(RESET)
 <LI><a href="#[3d]">UART4_IRQHandler</a> from startup_gd32f30x_cl.o(.text) referenced from startup_gd32f30x_cl.o(RESET)
 <LI><a href="#[2f]">USART0_IRQHandler</a> from gd32f30x_it.o(.text.USART0_IRQHandler) referenced from startup_gd32f30x_cl.o(RESET)
 <LI><a href="#[30]">USART1_IRQHandler</a> from startup_gd32f30x_cl.o(.text) referenced from startup_gd32f30x_cl.o(RESET)
 <LI><a href="#[31]">USART2_IRQHandler</a> from startup_gd32f30x_cl.o(.text) referenced from startup_gd32f30x_cl.o(RESET)
 <LI><a href="#[4b]">USBFS_IRQHandler</a> from startup_gd32f30x_cl.o(.text) referenced from startup_gd32f30x_cl.o(RESET)
 <LI><a href="#[34]">USBFS_WKUP_IRQHandler</a> from startup_gd32f30x_cl.o(.text) referenced from startup_gd32f30x_cl.o(RESET)
 <LI><a href="#[5]">UsageFault_Handler</a> from gd32f30x_it.o(.text.UsageFault_Handler) referenced from startup_gd32f30x_cl.o(RESET)
 <LI><a href="#[a]">WWDGT_IRQHandler</a> from startup_gd32f30x_cl.o(.text) referenced from startup_gd32f30x_cl.o(RESET)
 <LI><a href="#[4e]">__main</a> from entry.o(.ARM.Collect$$$$00000000) referenced from startup_gd32f30x_cl.o(.text)
 <LI><a href="#[4f]">fputc</a> from gd32f307c_eval.o(.text.fputc) referenced from printf1.o(i.__0printf$1)
 <LI><a href="#[4c]">main</a> from main.o(.text.main) referenced from entry9a.o(.ARM.Collect$$$$0000000B)
</UL>
<P>
<H3>
Global Symbols
</H3>
<P><STRONG><a name="[4e]"></a>__main</STRONG> (Thumb, 0 bytes, Stack size unknown bytes, entry.o(.ARM.Collect$$$$00000000))
<BR>[Address Reference Count : 1]<UL><LI> startup_gd32f30x_cl.o(.text)
</UL>
<P><STRONG><a name="[9b]"></a>_main_stk</STRONG> (Thumb, 0 bytes, Stack size unknown bytes, entry2.o(.ARM.Collect$$$$00000001))

<P><STRONG><a name="[50]"></a>_main_scatterload</STRONG> (Thumb, 0 bytes, Stack size unknown bytes, entry5.o(.ARM.Collect$$$$00000004))
<BR><BR>[Calls]<UL><LI><a href="#[51]">&gt;&gt;</a>&nbsp;&nbsp;&nbsp;__scatterload
</UL>

<P><STRONG><a name="[52]"></a>__main_after_scatterload</STRONG> (Thumb, 0 bytes, Stack size unknown bytes, entry5.o(.ARM.Collect$$$$00000004))
<BR><BR>[Called By]<UL><LI><a href="#[51]">&gt;&gt;</a>&nbsp;&nbsp;&nbsp;__scatterload
</UL>

<P><STRONG><a name="[9c]"></a>_main_clock</STRONG> (Thumb, 0 bytes, Stack size unknown bytes, entry7b.o(.ARM.Collect$$$$00000008))

<P><STRONG><a name="[9d]"></a>_main_cpp_init</STRONG> (Thumb, 0 bytes, Stack size unknown bytes, entry8b.o(.ARM.Collect$$$$0000000A))

<P><STRONG><a name="[9e]"></a>_main_init</STRONG> (Thumb, 0 bytes, Stack size unknown bytes, entry9a.o(.ARM.Collect$$$$0000000B))

<P><STRONG><a name="[9f]"></a>__rt_final_cpp</STRONG> (Thumb, 0 bytes, Stack size unknown bytes, entry10a.o(.ARM.Collect$$$$0000000D))

<P><STRONG><a name="[a0]"></a>__rt_final_exit</STRONG> (Thumb, 0 bytes, Stack size unknown bytes, entry11a.o(.ARM.Collect$$$$0000000F))

<P><STRONG><a name="[0]"></a>Reset_Handler</STRONG> (Thumb, 8 bytes, Stack size 0 bytes, startup_gd32f30x_cl.o(.text))
<BR>[Address Reference Count : 1]<UL><LI> startup_gd32f30x_cl.o(RESET)
</UL>
<P><STRONG><a name="[1c]"></a>ADC0_1_IRQHandler</STRONG> (Thumb, 0 bytes, Stack size 0 bytes, startup_gd32f30x_cl.o(.text))
<BR><BR>[Calls]<UL><LI><a href="#[1c]">&gt;&gt;</a>&nbsp;&nbsp;&nbsp;ADC0_1_IRQHandler
</UL>
<BR>[Called By]<UL><LI><a href="#[1c]">&gt;&gt;</a>&nbsp;&nbsp;&nbsp;ADC0_1_IRQHandler
</UL>
<BR>[Address Reference Count : 1]<UL><LI> startup_gd32f30x_cl.o(RESET)
</UL>
<P><STRONG><a name="[20]"></a>CAN0_EWMC_IRQHandler</STRONG> (Thumb, 0 bytes, Stack size 0 bytes, startup_gd32f30x_cl.o(.text))
<BR>[Address Reference Count : 1]<UL><LI> startup_gd32f30x_cl.o(RESET)
</UL>
<P><STRONG><a name="[1e]"></a>CAN0_RX0_IRQHandler</STRONG> (Thumb, 0 bytes, Stack size 0 bytes, startup_gd32f30x_cl.o(.text))
<BR>[Address Reference Count : 1]<UL><LI> startup_gd32f30x_cl.o(RESET)
</UL>
<P><STRONG><a name="[1f]"></a>CAN0_RX1_IRQHandler</STRONG> (Thumb, 0 bytes, Stack size 0 bytes, startup_gd32f30x_cl.o(.text))
<BR>[Address Reference Count : 1]<UL><LI> startup_gd32f30x_cl.o(RESET)
</UL>
<P><STRONG><a name="[1d]"></a>CAN0_TX_IRQHandler</STRONG> (Thumb, 0 bytes, Stack size 0 bytes, startup_gd32f30x_cl.o(.text))
<BR>[Address Reference Count : 1]<UL><LI> startup_gd32f30x_cl.o(RESET)
</UL>
<P><STRONG><a name="[4a]"></a>CAN1_EWMC_IRQHandler</STRONG> (Thumb, 0 bytes, Stack size 0 bytes, startup_gd32f30x_cl.o(.text))
<BR>[Address Reference Count : 1]<UL><LI> startup_gd32f30x_cl.o(RESET)
</UL>
<P><STRONG><a name="[48]"></a>CAN1_RX0_IRQHandler</STRONG> (Thumb, 0 bytes, Stack size 0 bytes, startup_gd32f30x_cl.o(.text))
<BR>[Address Reference Count : 1]<UL><LI> startup_gd32f30x_cl.o(RESET)
</UL>
<P><STRONG><a name="[49]"></a>CAN1_RX1_IRQHandler</STRONG> (Thumb, 0 bytes, Stack size 0 bytes, startup_gd32f30x_cl.o(.text))
<BR>[Address Reference Count : 1]<UL><LI> startup_gd32f30x_cl.o(RESET)
</UL>
<P><STRONG><a name="[47]"></a>CAN1_TX_IRQHandler</STRONG> (Thumb, 0 bytes, Stack size 0 bytes, startup_gd32f30x_cl.o(.text))
<BR>[Address Reference Count : 1]<UL><LI> startup_gd32f30x_cl.o(RESET)
</UL>
<P><STRONG><a name="[15]"></a>DMA0_Channel0_IRQHandler</STRONG> (Thumb, 0 bytes, Stack size 0 bytes, startup_gd32f30x_cl.o(.text))
<BR>[Address Reference Count : 1]<UL><LI> startup_gd32f30x_cl.o(RESET)
</UL>
<P><STRONG><a name="[16]"></a>DMA0_Channel1_IRQHandler</STRONG> (Thumb, 0 bytes, Stack size 0 bytes, startup_gd32f30x_cl.o(.text))
<BR>[Address Reference Count : 1]<UL><LI> startup_gd32f30x_cl.o(RESET)
</UL>
<P><STRONG><a name="[17]"></a>DMA0_Channel2_IRQHandler</STRONG> (Thumb, 0 bytes, Stack size 0 bytes, startup_gd32f30x_cl.o(.text))
<BR>[Address Reference Count : 1]<UL><LI> startup_gd32f30x_cl.o(RESET)
</UL>
<P><STRONG><a name="[18]"></a>DMA0_Channel3_IRQHandler</STRONG> (Thumb, 0 bytes, Stack size 0 bytes, startup_gd32f30x_cl.o(.text))
<BR>[Address Reference Count : 1]<UL><LI> startup_gd32f30x_cl.o(RESET)
</UL>
<P><STRONG><a name="[19]"></a>DMA0_Channel4_IRQHandler</STRONG> (Thumb, 0 bytes, Stack size 0 bytes, startup_gd32f30x_cl.o(.text))
<BR>[Address Reference Count : 1]<UL><LI> startup_gd32f30x_cl.o(RESET)
</UL>
<P><STRONG><a name="[1a]"></a>DMA0_Channel5_IRQHandler</STRONG> (Thumb, 0 bytes, Stack size 0 bytes, startup_gd32f30x_cl.o(.text))
<BR>[Address Reference Count : 1]<UL><LI> startup_gd32f30x_cl.o(RESET)
</UL>
<P><STRONG><a name="[1b]"></a>DMA0_Channel6_IRQHandler</STRONG> (Thumb, 0 bytes, Stack size 0 bytes, startup_gd32f30x_cl.o(.text))
<BR>[Address Reference Count : 1]<UL><LI> startup_gd32f30x_cl.o(RESET)
</UL>
<P><STRONG><a name="[40]"></a>DMA1_Channel0_IRQHandler</STRONG> (Thumb, 0 bytes, Stack size 0 bytes, startup_gd32f30x_cl.o(.text))
<BR>[Address Reference Count : 1]<UL><LI> startup_gd32f30x_cl.o(RESET)
</UL>
<P><STRONG><a name="[41]"></a>DMA1_Channel1_IRQHandler</STRONG> (Thumb, 0 bytes, Stack size 0 bytes, startup_gd32f30x_cl.o(.text))
<BR>[Address Reference Count : 1]<UL><LI> startup_gd32f30x_cl.o(RESET)
</UL>
<P><STRONG><a name="[42]"></a>DMA1_Channel2_IRQHandler</STRONG> (Thumb, 0 bytes, Stack size 0 bytes, startup_gd32f30x_cl.o(.text))
<BR>[Address Reference Count : 1]<UL><LI> startup_gd32f30x_cl.o(RESET)
</UL>
<P><STRONG><a name="[43]"></a>DMA1_Channel3_IRQHandler</STRONG> (Thumb, 0 bytes, Stack size 0 bytes, startup_gd32f30x_cl.o(.text))
<BR>[Address Reference Count : 1]<UL><LI> startup_gd32f30x_cl.o(RESET)
</UL>
<P><STRONG><a name="[44]"></a>DMA1_Channel4_IRQHandler</STRONG> (Thumb, 0 bytes, Stack size 0 bytes, startup_gd32f30x_cl.o(.text))
<BR>[Address Reference Count : 1]<UL><LI> startup_gd32f30x_cl.o(RESET)
</UL>
<P><STRONG><a name="[45]"></a>ENET_IRQHandler</STRONG> (Thumb, 0 bytes, Stack size 0 bytes, startup_gd32f30x_cl.o(.text))
<BR>[Address Reference Count : 1]<UL><LI> startup_gd32f30x_cl.o(RESET)
</UL>
<P><STRONG><a name="[46]"></a>ENET_WKUP_IRQHandler</STRONG> (Thumb, 0 bytes, Stack size 0 bytes, startup_gd32f30x_cl.o(.text))
<BR>[Address Reference Count : 1]<UL><LI> startup_gd32f30x_cl.o(RESET)
</UL>
<P><STRONG><a name="[39]"></a>EXMC_IRQHandler</STRONG> (Thumb, 0 bytes, Stack size 0 bytes, startup_gd32f30x_cl.o(.text))
<BR>[Address Reference Count : 1]<UL><LI> startup_gd32f30x_cl.o(RESET)
</UL>
<P><STRONG><a name="[32]"></a>EXTI10_15_IRQHandler</STRONG> (Thumb, 0 bytes, Stack size 0 bytes, startup_gd32f30x_cl.o(.text))
<BR>[Address Reference Count : 1]<UL><LI> startup_gd32f30x_cl.o(RESET)
</UL>
<P><STRONG><a name="[12]"></a>EXTI2_IRQHandler</STRONG> (Thumb, 0 bytes, Stack size 0 bytes, startup_gd32f30x_cl.o(.text))
<BR>[Address Reference Count : 1]<UL><LI> startup_gd32f30x_cl.o(RESET)
</UL>
<P><STRONG><a name="[13]"></a>EXTI3_IRQHandler</STRONG> (Thumb, 0 bytes, Stack size 0 bytes, startup_gd32f30x_cl.o(.text))
<BR>[Address Reference Count : 1]<UL><LI> startup_gd32f30x_cl.o(RESET)
</UL>
<P><STRONG><a name="[14]"></a>EXTI4_IRQHandler</STRONG> (Thumb, 0 bytes, Stack size 0 bytes, startup_gd32f30x_cl.o(.text))
<BR>[Address Reference Count : 1]<UL><LI> startup_gd32f30x_cl.o(RESET)
</UL>
<P><STRONG><a name="[21]"></a>EXTI5_9_IRQHandler</STRONG> (Thumb, 0 bytes, Stack size 0 bytes, startup_gd32f30x_cl.o(.text))
<BR>[Address Reference Count : 1]<UL><LI> startup_gd32f30x_cl.o(RESET)
</UL>
<P><STRONG><a name="[e]"></a>FMC_IRQHandler</STRONG> (Thumb, 0 bytes, Stack size 0 bytes, startup_gd32f30x_cl.o(.text))
<BR>[Address Reference Count : 1]<UL><LI> startup_gd32f30x_cl.o(RESET)
</UL>
<P><STRONG><a name="[2a]"></a>I2C0_ER_IRQHandler</STRONG> (Thumb, 0 bytes, Stack size 0 bytes, startup_gd32f30x_cl.o(.text))
<BR>[Address Reference Count : 1]<UL><LI> startup_gd32f30x_cl.o(RESET)
</UL>
<P><STRONG><a name="[29]"></a>I2C0_EV_IRQHandler</STRONG> (Thumb, 0 bytes, Stack size 0 bytes, startup_gd32f30x_cl.o(.text))
<BR>[Address Reference Count : 1]<UL><LI> startup_gd32f30x_cl.o(RESET)
</UL>
<P><STRONG><a name="[2c]"></a>I2C1_ER_IRQHandler</STRONG> (Thumb, 0 bytes, Stack size 0 bytes, startup_gd32f30x_cl.o(.text))
<BR>[Address Reference Count : 1]<UL><LI> startup_gd32f30x_cl.o(RESET)
</UL>
<P><STRONG><a name="[2b]"></a>I2C1_EV_IRQHandler</STRONG> (Thumb, 0 bytes, Stack size 0 bytes, startup_gd32f30x_cl.o(.text))
<BR>[Address Reference Count : 1]<UL><LI> startup_gd32f30x_cl.o(RESET)
</UL>
<P><STRONG><a name="[b]"></a>LVD_IRQHandler</STRONG> (Thumb, 0 bytes, Stack size 0 bytes, startup_gd32f30x_cl.o(.text))
<BR>[Address Reference Count : 1]<UL><LI> startup_gd32f30x_cl.o(RESET)
</UL>
<P><STRONG><a name="[f]"></a>RCU_CTC_IRQHandler</STRONG> (Thumb, 0 bytes, Stack size 0 bytes, startup_gd32f30x_cl.o(.text))
<BR>[Address Reference Count : 1]<UL><LI> startup_gd32f30x_cl.o(RESET)
</UL>
<P><STRONG><a name="[33]"></a>RTC_Alarm_IRQHandler</STRONG> (Thumb, 0 bytes, Stack size 0 bytes, startup_gd32f30x_cl.o(.text))
<BR>[Address Reference Count : 1]<UL><LI> startup_gd32f30x_cl.o(RESET)
</UL>
<P><STRONG><a name="[d]"></a>RTC_IRQHandler</STRONG> (Thumb, 0 bytes, Stack size 0 bytes, startup_gd32f30x_cl.o(.text))
<BR>[Address Reference Count : 1]<UL><LI> startup_gd32f30x_cl.o(RESET)
</UL>
<P><STRONG><a name="[2d]"></a>SPI0_IRQHandler</STRONG> (Thumb, 0 bytes, Stack size 0 bytes, startup_gd32f30x_cl.o(.text))
<BR>[Address Reference Count : 1]<UL><LI> startup_gd32f30x_cl.o(RESET)
</UL>
<P><STRONG><a name="[2e]"></a>SPI1_IRQHandler</STRONG> (Thumb, 0 bytes, Stack size 0 bytes, startup_gd32f30x_cl.o(.text))
<BR>[Address Reference Count : 1]<UL><LI> startup_gd32f30x_cl.o(RESET)
</UL>
<P><STRONG><a name="[3b]"></a>SPI2_IRQHandler</STRONG> (Thumb, 0 bytes, Stack size 0 bytes, startup_gd32f30x_cl.o(.text))
<BR>[Address Reference Count : 1]<UL><LI> startup_gd32f30x_cl.o(RESET)
</UL>
<P><STRONG><a name="[c]"></a>TAMPER_IRQHandler</STRONG> (Thumb, 0 bytes, Stack size 0 bytes, startup_gd32f30x_cl.o(.text))
<BR>[Address Reference Count : 1]<UL><LI> startup_gd32f30x_cl.o(RESET)
</UL>
<P><STRONG><a name="[22]"></a>TIMER0_BRK_TIMER8_IRQHandler</STRONG> (Thumb, 0 bytes, Stack size 0 bytes, startup_gd32f30x_cl.o(.text))
<BR>[Address Reference Count : 1]<UL><LI> startup_gd32f30x_cl.o(RESET)
</UL>
<P><STRONG><a name="[25]"></a>TIMER0_Channel_IRQHandler</STRONG> (Thumb, 0 bytes, Stack size 0 bytes, startup_gd32f30x_cl.o(.text))
<BR>[Address Reference Count : 1]<UL><LI> startup_gd32f30x_cl.o(RESET)
</UL>
<P><STRONG><a name="[24]"></a>TIMER0_TRG_CMT_TIMER10_IRQHandler</STRONG> (Thumb, 0 bytes, Stack size 0 bytes, startup_gd32f30x_cl.o(.text))
<BR>[Address Reference Count : 1]<UL><LI> startup_gd32f30x_cl.o(RESET)
</UL>
<P><STRONG><a name="[23]"></a>TIMER0_UP_TIMER9_IRQHandler</STRONG> (Thumb, 0 bytes, Stack size 0 bytes, startup_gd32f30x_cl.o(.text))
<BR>[Address Reference Count : 1]<UL><LI> startup_gd32f30x_cl.o(RESET)
</UL>
<P><STRONG><a name="[26]"></a>TIMER1_IRQHandler</STRONG> (Thumb, 0 bytes, Stack size 0 bytes, startup_gd32f30x_cl.o(.text))
<BR>[Address Reference Count : 1]<UL><LI> startup_gd32f30x_cl.o(RESET)
</UL>
<P><STRONG><a name="[27]"></a>TIMER2_IRQHandler</STRONG> (Thumb, 0 bytes, Stack size 0 bytes, startup_gd32f30x_cl.o(.text))
<BR>[Address Reference Count : 1]<UL><LI> startup_gd32f30x_cl.o(RESET)
</UL>
<P><STRONG><a name="[28]"></a>TIMER3_IRQHandler</STRONG> (Thumb, 0 bytes, Stack size 0 bytes, startup_gd32f30x_cl.o(.text))
<BR>[Address Reference Count : 1]<UL><LI> startup_gd32f30x_cl.o(RESET)
</UL>
<P><STRONG><a name="[3a]"></a>TIMER4_IRQHandler</STRONG> (Thumb, 0 bytes, Stack size 0 bytes, startup_gd32f30x_cl.o(.text))
<BR>[Address Reference Count : 1]<UL><LI> startup_gd32f30x_cl.o(RESET)
</UL>
<P><STRONG><a name="[3e]"></a>TIMER5_IRQHandler</STRONG> (Thumb, 0 bytes, Stack size 0 bytes, startup_gd32f30x_cl.o(.text))
<BR>[Address Reference Count : 1]<UL><LI> startup_gd32f30x_cl.o(RESET)
</UL>
<P><STRONG><a name="[3f]"></a>TIMER6_IRQHandler</STRONG> (Thumb, 0 bytes, Stack size 0 bytes, startup_gd32f30x_cl.o(.text))
<BR>[Address Reference Count : 1]<UL><LI> startup_gd32f30x_cl.o(RESET)
</UL>
<P><STRONG><a name="[35]"></a>TIMER7_BRK_TIMER11_IRQHandler</STRONG> (Thumb, 0 bytes, Stack size 0 bytes, startup_gd32f30x_cl.o(.text))
<BR>[Address Reference Count : 1]<UL><LI> startup_gd32f30x_cl.o(RESET)
</UL>
<P><STRONG><a name="[38]"></a>TIMER7_Channel_IRQHandler</STRONG> (Thumb, 0 bytes, Stack size 0 bytes, startup_gd32f30x_cl.o(.text))
<BR>[Address Reference Count : 1]<UL><LI> startup_gd32f30x_cl.o(RESET)
</UL>
<P><STRONG><a name="[37]"></a>TIMER7_TRG_CMT_TIMER13_IRQHandler</STRONG> (Thumb, 0 bytes, Stack size 0 bytes, startup_gd32f30x_cl.o(.text))
<BR>[Address Reference Count : 1]<UL><LI> startup_gd32f30x_cl.o(RESET)
</UL>
<P><STRONG><a name="[36]"></a>TIMER7_UP_TIMER12_IRQHandler</STRONG> (Thumb, 0 bytes, Stack size 0 bytes, startup_gd32f30x_cl.o(.text))
<BR>[Address Reference Count : 1]<UL><LI> startup_gd32f30x_cl.o(RESET)
</UL>
<P><STRONG><a name="[3c]"></a>UART3_IRQHandler</STRONG> (Thumb, 0 bytes, Stack size 0 bytes, startup_gd32f30x_cl.o(.text))
<BR>[Address Reference Count : 1]<UL><LI> startup_gd32f30x_cl.o(RESET)
</UL>
<P><STRONG><a name="[3d]"></a>UART4_IRQHandler</STRONG> (Thumb, 0 bytes, Stack size 0 bytes, startup_gd32f30x_cl.o(.text))
<BR>[Address Reference Count : 1]<UL><LI> startup_gd32f30x_cl.o(RESET)
</UL>
<P><STRONG><a name="[30]"></a>USART1_IRQHandler</STRONG> (Thumb, 0 bytes, Stack size 0 bytes, startup_gd32f30x_cl.o(.text))
<BR>[Address Reference Count : 1]<UL><LI> startup_gd32f30x_cl.o(RESET)
</UL>
<P><STRONG><a name="[31]"></a>USART2_IRQHandler</STRONG> (Thumb, 0 bytes, Stack size 0 bytes, startup_gd32f30x_cl.o(.text))
<BR>[Address Reference Count : 1]<UL><LI> startup_gd32f30x_cl.o(RESET)
</UL>
<P><STRONG><a name="[4b]"></a>USBFS_IRQHandler</STRONG> (Thumb, 0 bytes, Stack size 0 bytes, startup_gd32f30x_cl.o(.text))
<BR>[Address Reference Count : 1]<UL><LI> startup_gd32f30x_cl.o(RESET)
</UL>
<P><STRONG><a name="[34]"></a>USBFS_WKUP_IRQHandler</STRONG> (Thumb, 0 bytes, Stack size 0 bytes, startup_gd32f30x_cl.o(.text))
<BR>[Address Reference Count : 1]<UL><LI> startup_gd32f30x_cl.o(RESET)
</UL>
<P><STRONG><a name="[a]"></a>WWDGT_IRQHandler</STRONG> (Thumb, 0 bytes, Stack size 0 bytes, startup_gd32f30x_cl.o(.text))
<BR>[Address Reference Count : 1]<UL><LI> startup_gd32f30x_cl.o(RESET)
</UL>
<P><STRONG><a name="[a1]"></a>__aeabi_uidiv</STRONG> (Thumb, 0 bytes, Stack size 12 bytes, uidiv.o(.text), UNUSED)

<P><STRONG><a name="[9a]"></a>__aeabi_uidivmod</STRONG> (Thumb, 44 bytes, Stack size 12 bytes, uidiv.o(.text), UNUSED)
<BR><BR>[Called By]<UL><LI><a href="#[99]">&gt;&gt;</a>&nbsp;&nbsp;&nbsp;_printf_core
</UL>

<P><STRONG><a name="[51]"></a>__scatterload</STRONG> (Thumb, 38 bytes, Stack size 0 bytes, init.o(.text))
<BR><BR>[Calls]<UL><LI><a href="#[52]">&gt;&gt;</a>&nbsp;&nbsp;&nbsp;__main_after_scatterload
</UL>
<BR>[Called By]<UL><LI><a href="#[50]">&gt;&gt;</a>&nbsp;&nbsp;&nbsp;_main_scatterload
</UL>

<P><STRONG><a name="[a2]"></a>__scatterload_rt2</STRONG> (Thumb, 0 bytes, Stack size 0 bytes, init.o(.text), UNUSED)

<P><STRONG><a name="[4]"></a>BusFault_Handler</STRONG> (Thumb, 2 bytes, Stack size 0 bytes, gd32f30x_it.o(.text.BusFault_Handler))
<BR><BR>[Calls]<UL><LI><a href="#[4]">&gt;&gt;</a>&nbsp;&nbsp;&nbsp;BusFault_Handler
</UL>
<BR>[Called By]<UL><LI><a href="#[4]">&gt;&gt;</a>&nbsp;&nbsp;&nbsp;BusFault_Handler
</UL>
<BR>[Address Reference Count : 1]<UL><LI> startup_gd32f30x_cl.o(RESET)
</UL>
<P><STRONG><a name="[7]"></a>DebugMon_Handler</STRONG> (Thumb, 2 bytes, Stack size 0 bytes, gd32f30x_it.o(.text.DebugMon_Handler))
<BR>[Address Reference Count : 1]<UL><LI> startup_gd32f30x_cl.o(RESET)
</UL>
<P><STRONG><a name="[10]"></a>EXTI0_IRQHandler</STRONG> (Thumb, 28 bytes, Stack size 8 bytes, gd32f30x_it.o(.text.EXTI0_IRQHandler))
<BR><BR>[Stack]<UL><LI>Max Depth = 32<LI>Call Chain = EXTI0_IRQHandler &rArr; hall_sensor_update &rArr; stroke_counter_update
</UL>
<BR>[Calls]<UL><LI><a href="#[55]">&gt;&gt;</a>&nbsp;&nbsp;&nbsp;exti_flag_clear
<LI><a href="#[54]">&gt;&gt;</a>&nbsp;&nbsp;&nbsp;hall_sensor_update
<LI><a href="#[53]">&gt;&gt;</a>&nbsp;&nbsp;&nbsp;exti_flag_get
</UL>
<BR>[Address Reference Count : 1]<UL><LI> startup_gd32f30x_cl.o(RESET)
</UL>
<P><STRONG><a name="[11]"></a>EXTI1_IRQHandler</STRONG> (Thumb, 28 bytes, Stack size 8 bytes, gd32f30x_it.o(.text.EXTI1_IRQHandler))
<BR><BR>[Stack]<UL><LI>Max Depth = 32<LI>Call Chain = EXTI1_IRQHandler &rArr; hall_sensor_update &rArr; stroke_counter_update
</UL>
<BR>[Calls]<UL><LI><a href="#[55]">&gt;&gt;</a>&nbsp;&nbsp;&nbsp;exti_flag_clear
<LI><a href="#[54]">&gt;&gt;</a>&nbsp;&nbsp;&nbsp;hall_sensor_update
<LI><a href="#[53]">&gt;&gt;</a>&nbsp;&nbsp;&nbsp;exti_flag_get
</UL>
<BR>[Address Reference Count : 1]<UL><LI> startup_gd32f30x_cl.o(RESET)
</UL>
<P><STRONG><a name="[2]"></a>HardFault_Handler</STRONG> (Thumb, 2 bytes, Stack size 0 bytes, gd32f30x_it.o(.text.HardFault_Handler))
<BR><BR>[Calls]<UL><LI><a href="#[2]">&gt;&gt;</a>&nbsp;&nbsp;&nbsp;HardFault_Handler
</UL>
<BR>[Called By]<UL><LI><a href="#[2]">&gt;&gt;</a>&nbsp;&nbsp;&nbsp;HardFault_Handler
</UL>
<BR>[Address Reference Count : 1]<UL><LI> startup_gd32f30x_cl.o(RESET)
</UL>
<P><STRONG><a name="[3]"></a>MemManage_Handler</STRONG> (Thumb, 2 bytes, Stack size 0 bytes, gd32f30x_it.o(.text.MemManage_Handler))
<BR><BR>[Calls]<UL><LI><a href="#[3]">&gt;&gt;</a>&nbsp;&nbsp;&nbsp;MemManage_Handler
</UL>
<BR>[Called By]<UL><LI><a href="#[3]">&gt;&gt;</a>&nbsp;&nbsp;&nbsp;MemManage_Handler
</UL>
<BR>[Address Reference Count : 1]<UL><LI> startup_gd32f30x_cl.o(RESET)
</UL>
<P><STRONG><a name="[1]"></a>NMI_Handler</STRONG> (Thumb, 2 bytes, Stack size 0 bytes, gd32f30x_it.o(.text.NMI_Handler))
<BR>[Address Reference Count : 1]<UL><LI> startup_gd32f30x_cl.o(RESET)
</UL>
<P><STRONG><a name="[8]"></a>PendSV_Handler</STRONG> (Thumb, 2 bytes, Stack size 0 bytes, gd32f30x_it.o(.text.PendSV_Handler))
<BR>[Address Reference Count : 1]<UL><LI> startup_gd32f30x_cl.o(RESET)
</UL>
<P><STRONG><a name="[6]"></a>SVC_Handler</STRONG> (Thumb, 2 bytes, Stack size 0 bytes, gd32f30x_it.o(.text.SVC_Handler))
<BR>[Address Reference Count : 1]<UL><LI> startup_gd32f30x_cl.o(RESET)
</UL>
<P><STRONG><a name="[9]"></a>SysTick_Handler</STRONG> (Thumb, 4 bytes, Stack size 0 bytes, gd32f30x_it.o(.text.SysTick_Handler))
<BR><BR>[Calls]<UL><LI><a href="#[56]">&gt;&gt;</a>&nbsp;&nbsp;&nbsp;delay_decrement
</UL>
<BR>[Address Reference Count : 1]<UL><LI> startup_gd32f30x_cl.o(RESET)
</UL>
<P><STRONG><a name="[4d]"></a>SystemInit</STRONG> (Thumb, 620 bytes, Stack size 8 bytes, system_gd32f30x.o(.text.SystemInit))
<BR><BR>[Stack]<UL><LI>Max Depth = 8<LI>Call Chain = SystemInit
</UL>
<BR>[Address Reference Count : 1]<UL><LI> startup_gd32f30x_cl.o(.text)
</UL>
<P><STRONG><a name="[2f]"></a>USART0_IRQHandler</STRONG> (Thumb, 78 bytes, Stack size 8 bytes, gd32f30x_it.o(.text.USART0_IRQHandler))
<BR><BR>[Stack]<UL><LI>Max Depth = 8<LI>Call Chain = USART0_IRQHandler
</UL>
<BR>[Calls]<UL><LI><a href="#[58]">&gt;&gt;</a>&nbsp;&nbsp;&nbsp;usart_data_receive
<LI><a href="#[57]">&gt;&gt;</a>&nbsp;&nbsp;&nbsp;usart_flag_get
</UL>
<BR>[Address Reference Count : 1]<UL><LI> startup_gd32f30x_cl.o(RESET)
</UL>
<P><STRONG><a name="[5]"></a>UsageFault_Handler</STRONG> (Thumb, 2 bytes, Stack size 0 bytes, gd32f30x_it.o(.text.UsageFault_Handler))
<BR><BR>[Calls]<UL><LI><a href="#[5]">&gt;&gt;</a>&nbsp;&nbsp;&nbsp;UsageFault_Handler
</UL>
<BR>[Called By]<UL><LI><a href="#[5]">&gt;&gt;</a>&nbsp;&nbsp;&nbsp;UsageFault_Handler
</UL>
<BR>[Address Reference Count : 1]<UL><LI> startup_gd32f30x_cl.o(RESET)
</UL>
<P><STRONG><a name="[68]"></a>adc_calibration_enable</STRONG> (Thumb, 32 bytes, Stack size 0 bytes, gd32f30x_adc.o(.text.adc_calibration_enable))
<BR><BR>[Called By]<UL><LI><a href="#[5c]">&gt;&gt;</a>&nbsp;&nbsp;&nbsp;current_sensor_init
</UL>

<P><STRONG><a name="[62]"></a>adc_channel_length_config</STRONG> (Thumb, 58 bytes, Stack size 8 bytes, gd32f30x_adc.o(.text.adc_channel_length_config))
<BR><BR>[Stack]<UL><LI>Max Depth = 8<LI>Call Chain = adc_channel_length_config
</UL>
<BR>[Called By]<UL><LI><a href="#[5c]">&gt;&gt;</a>&nbsp;&nbsp;&nbsp;current_sensor_init
</UL>

<P><STRONG><a name="[61]"></a>adc_data_alignment_config</STRONG> (Thumb, 18 bytes, Stack size 0 bytes, gd32f30x_adc.o(.text.adc_data_alignment_config))
<BR><BR>[Called By]<UL><LI><a href="#[5c]">&gt;&gt;</a>&nbsp;&nbsp;&nbsp;current_sensor_init
</UL>

<P><STRONG><a name="[59]"></a>adc_deinit</STRONG> (Thumb, 72 bytes, Stack size 8 bytes, gd32f30x_adc.o(.text.adc_deinit))
<BR><BR>[Stack]<UL><LI>Max Depth = 8<LI>Call Chain = adc_deinit
</UL>
<BR>[Calls]<UL><LI><a href="#[5b]">&gt;&gt;</a>&nbsp;&nbsp;&nbsp;rcu_periph_reset_disable
<LI><a href="#[5a]">&gt;&gt;</a>&nbsp;&nbsp;&nbsp;rcu_periph_reset_enable
</UL>
<BR>[Called By]<UL><LI><a href="#[5c]">&gt;&gt;</a>&nbsp;&nbsp;&nbsp;current_sensor_init
</UL>

<P><STRONG><a name="[66]"></a>adc_enable</STRONG> (Thumb, 18 bytes, Stack size 0 bytes, gd32f30x_adc.o(.text.adc_enable))
<BR><BR>[Called By]<UL><LI><a href="#[5c]">&gt;&gt;</a>&nbsp;&nbsp;&nbsp;current_sensor_init
</UL>

<P><STRONG><a name="[65]"></a>adc_external_trigger_config</STRONG> (Thumb, 62 bytes, Stack size 0 bytes, gd32f30x_adc.o(.text.adc_external_trigger_config))
<BR><BR>[Called By]<UL><LI><a href="#[5c]">&gt;&gt;</a>&nbsp;&nbsp;&nbsp;current_sensor_init
</UL>

<P><STRONG><a name="[64]"></a>adc_external_trigger_source_config</STRONG> (Thumb, 34 bytes, Stack size 0 bytes, gd32f30x_adc.o(.text.adc_external_trigger_source_config))
<BR><BR>[Called By]<UL><LI><a href="#[5c]">&gt;&gt;</a>&nbsp;&nbsp;&nbsp;current_sensor_init
</UL>

<P><STRONG><a name="[96]"></a>adc_flag_get</STRONG> (Thumb, 10 bytes, Stack size 0 bytes, gd32f30x_adc.o(.text.adc_flag_get))
<BR><BR>[Called By]<UL><LI><a href="#[7d]">&gt;&gt;</a>&nbsp;&nbsp;&nbsp;read_temperature
<LI><a href="#[7c]">&gt;&gt;</a>&nbsp;&nbsp;&nbsp;read_motor_current
</UL>

<P><STRONG><a name="[5f]"></a>adc_mode_config</STRONG> (Thumb, 24 bytes, Stack size 0 bytes, gd32f30x_adc.o(.text.adc_mode_config))
<BR><BR>[Called By]<UL><LI><a href="#[5c]">&gt;&gt;</a>&nbsp;&nbsp;&nbsp;current_sensor_init
</UL>

<P><STRONG><a name="[63]"></a>adc_routine_channel_config</STRONG> (Thumb, 116 bytes, Stack size 8 bytes, gd32f30x_adc.o(.text.adc_routine_channel_config))
<BR><BR>[Stack]<UL><LI>Max Depth = 8<LI>Call Chain = adc_routine_channel_config
</UL>
<BR>[Called By]<UL><LI><a href="#[5c]">&gt;&gt;</a>&nbsp;&nbsp;&nbsp;current_sensor_init
</UL>

<P><STRONG><a name="[97]"></a>adc_routine_data_read</STRONG> (Thumb, 6 bytes, Stack size 0 bytes, gd32f30x_adc.o(.text.adc_routine_data_read))
<BR><BR>[Called By]<UL><LI><a href="#[7d]">&gt;&gt;</a>&nbsp;&nbsp;&nbsp;read_temperature
<LI><a href="#[7c]">&gt;&gt;</a>&nbsp;&nbsp;&nbsp;read_motor_current
</UL>

<P><STRONG><a name="[95]"></a>adc_software_trigger_enable</STRONG> (Thumb, 28 bytes, Stack size 0 bytes, gd32f30x_adc.o(.text.adc_software_trigger_enable))
<BR><BR>[Called By]<UL><LI><a href="#[7d]">&gt;&gt;</a>&nbsp;&nbsp;&nbsp;read_temperature
<LI><a href="#[7c]">&gt;&gt;</a>&nbsp;&nbsp;&nbsp;read_motor_current
</UL>

<P><STRONG><a name="[60]"></a>adc_special_function_config</STRONG> (Thumb, 90 bytes, Stack size 0 bytes, gd32f30x_adc.o(.text.adc_special_function_config))
<BR><BR>[Called By]<UL><LI><a href="#[5c]">&gt;&gt;</a>&nbsp;&nbsp;&nbsp;current_sensor_init
</UL>

<P><STRONG><a name="[5c]"></a>current_sensor_init</STRONG> (Thumb, 154 bytes, Stack size 8 bytes, current_sensor.o(.text.current_sensor_init))
<BR><BR>[Stack]<UL><LI>Max Depth = 40<LI>Call Chain = current_sensor_init &rArr; gpio_init
</UL>
<BR>[Calls]<UL><LI><a href="#[68]">&gt;&gt;</a>&nbsp;&nbsp;&nbsp;adc_calibration_enable
<LI><a href="#[66]">&gt;&gt;</a>&nbsp;&nbsp;&nbsp;adc_enable
<LI><a href="#[65]">&gt;&gt;</a>&nbsp;&nbsp;&nbsp;adc_external_trigger_config
<LI><a href="#[64]">&gt;&gt;</a>&nbsp;&nbsp;&nbsp;adc_external_trigger_source_config
<LI><a href="#[63]">&gt;&gt;</a>&nbsp;&nbsp;&nbsp;adc_routine_channel_config
<LI><a href="#[62]">&gt;&gt;</a>&nbsp;&nbsp;&nbsp;adc_channel_length_config
<LI><a href="#[61]">&gt;&gt;</a>&nbsp;&nbsp;&nbsp;adc_data_alignment_config
<LI><a href="#[60]">&gt;&gt;</a>&nbsp;&nbsp;&nbsp;adc_special_function_config
<LI><a href="#[5f]">&gt;&gt;</a>&nbsp;&nbsp;&nbsp;adc_mode_config
<LI><a href="#[59]">&gt;&gt;</a>&nbsp;&nbsp;&nbsp;adc_deinit
<LI><a href="#[5e]">&gt;&gt;</a>&nbsp;&nbsp;&nbsp;gpio_init
<LI><a href="#[67]">&gt;&gt;</a>&nbsp;&nbsp;&nbsp;delay_1ms
<LI><a href="#[5d]">&gt;&gt;</a>&nbsp;&nbsp;&nbsp;rcu_periph_clock_enable
</UL>
<BR>[Called By]<UL><LI><a href="#[4c]">&gt;&gt;</a>&nbsp;&nbsp;&nbsp;main
</UL>

<P><STRONG><a name="[67]"></a>delay_1ms</STRONG> (Thumb, 20 bytes, Stack size 0 bytes, systick.o(.text.delay_1ms))
<BR><BR>[Called By]<UL><LI><a href="#[7b]">&gt;&gt;</a>&nbsp;&nbsp;&nbsp;motor_brake
<LI><a href="#[5c]">&gt;&gt;</a>&nbsp;&nbsp;&nbsp;current_sensor_init
<LI><a href="#[4c]">&gt;&gt;</a>&nbsp;&nbsp;&nbsp;main
</UL>

<P><STRONG><a name="[56]"></a>delay_decrement</STRONG> (Thumb, 34 bytes, Stack size 0 bytes, systick.o(.text.delay_decrement))
<BR><BR>[Called By]<UL><LI><a href="#[9]">&gt;&gt;</a>&nbsp;&nbsp;&nbsp;SysTick_Handler
</UL>

<P><STRONG><a name="[55]"></a>exti_flag_clear</STRONG> (Thumb, 12 bytes, Stack size 0 bytes, gd32f30x_exti.o(.text.exti_flag_clear))
<BR><BR>[Called By]<UL><LI><a href="#[11]">&gt;&gt;</a>&nbsp;&nbsp;&nbsp;EXTI1_IRQHandler
<LI><a href="#[10]">&gt;&gt;</a>&nbsp;&nbsp;&nbsp;EXTI0_IRQHandler
</UL>

<P><STRONG><a name="[53]"></a>exti_flag_get</STRONG> (Thumb, 18 bytes, Stack size 0 bytes, gd32f30x_exti.o(.text.exti_flag_get))
<BR><BR>[Called By]<UL><LI><a href="#[11]">&gt;&gt;</a>&nbsp;&nbsp;&nbsp;EXTI1_IRQHandler
<LI><a href="#[10]">&gt;&gt;</a>&nbsp;&nbsp;&nbsp;EXTI0_IRQHandler
</UL>

<P><STRONG><a name="[6c]"></a>exti_init</STRONG> (Thumb, 156 bytes, Stack size 0 bytes, gd32f30x_exti.o(.text.exti_init))
<BR><BR>[Called By]<UL><LI><a href="#[6a]">&gt;&gt;</a>&nbsp;&nbsp;&nbsp;hall_sensor_init
</UL>

<P><STRONG><a name="[6d]"></a>exti_interrupt_flag_clear</STRONG> (Thumb, 12 bytes, Stack size 0 bytes, gd32f30x_exti.o(.text.exti_interrupt_flag_clear))
<BR><BR>[Called By]<UL><LI><a href="#[6a]">&gt;&gt;</a>&nbsp;&nbsp;&nbsp;hall_sensor_init
</UL>

<P><STRONG><a name="[4f]"></a>fputc</STRONG> (Thumb, 36 bytes, Stack size 16 bytes, gd32f307c_eval.o(.text.fputc))
<BR><BR>[Stack]<UL><LI>Max Depth = 16<LI>Call Chain = fputc
</UL>
<BR>[Calls]<UL><LI><a href="#[69]">&gt;&gt;</a>&nbsp;&nbsp;&nbsp;usart_data_transmit
<LI><a href="#[57]">&gt;&gt;</a>&nbsp;&nbsp;&nbsp;usart_flag_get
</UL>
<BR>[Called By]<UL><LI><a href="#[78]">&gt;&gt;</a>&nbsp;&nbsp;&nbsp;puts
</UL>
<BR>[Address Reference Count : 1]<UL><LI> printf1.o(i.__0printf$1)
</UL>
<P><STRONG><a name="[8b]"></a>gpio_bit_reset</STRONG> (Thumb, 4 bytes, Stack size 0 bytes, gd32f30x_gpio.o(.text.gpio_bit_reset))
<BR><BR>[Called By]<UL><LI><a href="#[7b]">&gt;&gt;</a>&nbsp;&nbsp;&nbsp;motor_brake
<LI><a href="#[7a]">&gt;&gt;</a>&nbsp;&nbsp;&nbsp;motor_stop
<LI><a href="#[79]">&gt;&gt;</a>&nbsp;&nbsp;&nbsp;motor_set_speed
<LI><a href="#[72]">&gt;&gt;</a>&nbsp;&nbsp;&nbsp;motor_control_init
</UL>

<P><STRONG><a name="[8c]"></a>gpio_bit_set</STRONG> (Thumb, 4 bytes, Stack size 0 bytes, gd32f30x_gpio.o(.text.gpio_bit_set))
<BR><BR>[Called By]<UL><LI><a href="#[7b]">&gt;&gt;</a>&nbsp;&nbsp;&nbsp;motor_brake
<LI><a href="#[79]">&gt;&gt;</a>&nbsp;&nbsp;&nbsp;motor_set_speed
</UL>

<P><STRONG><a name="[6b]"></a>gpio_exti_source_select</STRONG> (Thumb, 130 bytes, Stack size 0 bytes, gd32f30x_gpio.o(.text.gpio_exti_source_select))
<BR><BR>[Called By]<UL><LI><a href="#[6a]">&gt;&gt;</a>&nbsp;&nbsp;&nbsp;hall_sensor_init
</UL>

<P><STRONG><a name="[5e]"></a>gpio_init</STRONG> (Thumb, 182 bytes, Stack size 32 bytes, gd32f30x_gpio.o(.text.gpio_init))
<BR><BR>[Stack]<UL><LI>Max Depth = 32<LI>Call Chain = gpio_init
</UL>
<BR>[Called By]<UL><LI><a href="#[75]">&gt;&gt;</a>&nbsp;&nbsp;&nbsp;modbus_init
<LI><a href="#[74]">&gt;&gt;</a>&nbsp;&nbsp;&nbsp;stroke_counter_init
<LI><a href="#[6a]">&gt;&gt;</a>&nbsp;&nbsp;&nbsp;hall_sensor_init
<LI><a href="#[73]">&gt;&gt;</a>&nbsp;&nbsp;&nbsp;temperature_sensor_init
<LI><a href="#[5c]">&gt;&gt;</a>&nbsp;&nbsp;&nbsp;current_sensor_init
<LI><a href="#[72]">&gt;&gt;</a>&nbsp;&nbsp;&nbsp;motor_control_init
</UL>

<P><STRONG><a name="[6f]"></a>gpio_input_bit_get</STRONG> (Thumb, 10 bytes, Stack size 0 bytes, gd32f30x_gpio.o(.text.gpio_input_bit_get))
<BR><BR>[Called By]<UL><LI><a href="#[70]">&gt;&gt;</a>&nbsp;&nbsp;&nbsp;stroke_counter_update
<LI><a href="#[4c]">&gt;&gt;</a>&nbsp;&nbsp;&nbsp;main
<LI><a href="#[54]">&gt;&gt;</a>&nbsp;&nbsp;&nbsp;hall_sensor_update
</UL>

<P><STRONG><a name="[6a]"></a>hall_sensor_init</STRONG> (Thumb, 122 bytes, Stack size 8 bytes, hall_sensor.o(.text.hall_sensor_init))
<BR><BR>[Stack]<UL><LI>Max Depth = 40<LI>Call Chain = hall_sensor_init &rArr; gpio_init
</UL>
<BR>[Calls]<UL><LI><a href="#[6e]">&gt;&gt;</a>&nbsp;&nbsp;&nbsp;nvic_irq_enable
<LI><a href="#[6d]">&gt;&gt;</a>&nbsp;&nbsp;&nbsp;exti_interrupt_flag_clear
<LI><a href="#[6c]">&gt;&gt;</a>&nbsp;&nbsp;&nbsp;exti_init
<LI><a href="#[6b]">&gt;&gt;</a>&nbsp;&nbsp;&nbsp;gpio_exti_source_select
<LI><a href="#[5e]">&gt;&gt;</a>&nbsp;&nbsp;&nbsp;gpio_init
<LI><a href="#[5d]">&gt;&gt;</a>&nbsp;&nbsp;&nbsp;rcu_periph_clock_enable
</UL>
<BR>[Called By]<UL><LI><a href="#[4c]">&gt;&gt;</a>&nbsp;&nbsp;&nbsp;main
</UL>

<P><STRONG><a name="[7f]"></a>hall_sensor_process</STRONG> (Thumb, 80 bytes, Stack size 0 bytes, hall_sensor.o(.text.hall_sensor_process))
<BR><BR>[Called By]<UL><LI><a href="#[4c]">&gt;&gt;</a>&nbsp;&nbsp;&nbsp;main
</UL>

<P><STRONG><a name="[54]"></a>hall_sensor_update</STRONG> (Thumb, 88 bytes, Stack size 16 bytes, hall_sensor.o(.text.hall_sensor_update))
<BR><BR>[Stack]<UL><LI>Max Depth = 24<LI>Call Chain = hall_sensor_update &rArr; stroke_counter_update
</UL>
<BR>[Calls]<UL><LI><a href="#[70]">&gt;&gt;</a>&nbsp;&nbsp;&nbsp;stroke_counter_update
<LI><a href="#[6f]">&gt;&gt;</a>&nbsp;&nbsp;&nbsp;gpio_input_bit_get
</UL>
<BR>[Called By]<UL><LI><a href="#[11]">&gt;&gt;</a>&nbsp;&nbsp;&nbsp;EXTI1_IRQHandler
<LI><a href="#[10]">&gt;&gt;</a>&nbsp;&nbsp;&nbsp;EXTI0_IRQHandler
</UL>

<P><STRONG><a name="[4c]"></a>main</STRONG> (Thumb, 476 bytes, Stack size 0 bytes, main.o(.text.main))
<BR><BR>[Stack]<UL><LI>Max Depth = 80<LI>Call Chain = main &rArr; motor_control_init &rArr; gpio_init
</UL>
<BR>[Calls]<UL><LI><a href="#[6f]">&gt;&gt;</a>&nbsp;&nbsp;&nbsp;gpio_input_bit_get
<LI><a href="#[7f]">&gt;&gt;</a>&nbsp;&nbsp;&nbsp;hall_sensor_process
<LI><a href="#[7e]">&gt;&gt;</a>&nbsp;&nbsp;&nbsp;modbus_process
<LI><a href="#[7d]">&gt;&gt;</a>&nbsp;&nbsp;&nbsp;read_temperature
<LI><a href="#[7c]">&gt;&gt;</a>&nbsp;&nbsp;&nbsp;read_motor_current
<LI><a href="#[7b]">&gt;&gt;</a>&nbsp;&nbsp;&nbsp;motor_brake
<LI><a href="#[7a]">&gt;&gt;</a>&nbsp;&nbsp;&nbsp;motor_stop
<LI><a href="#[67]">&gt;&gt;</a>&nbsp;&nbsp;&nbsp;delay_1ms
<LI><a href="#[79]">&gt;&gt;</a>&nbsp;&nbsp;&nbsp;motor_set_speed
<LI><a href="#[77]">&gt;&gt;</a>&nbsp;&nbsp;&nbsp;rcu_clock_freq_get
<LI><a href="#[75]">&gt;&gt;</a>&nbsp;&nbsp;&nbsp;modbus_init
<LI><a href="#[74]">&gt;&gt;</a>&nbsp;&nbsp;&nbsp;stroke_counter_init
<LI><a href="#[6a]">&gt;&gt;</a>&nbsp;&nbsp;&nbsp;hall_sensor_init
<LI><a href="#[73]">&gt;&gt;</a>&nbsp;&nbsp;&nbsp;temperature_sensor_init
<LI><a href="#[5c]">&gt;&gt;</a>&nbsp;&nbsp;&nbsp;current_sensor_init
<LI><a href="#[72]">&gt;&gt;</a>&nbsp;&nbsp;&nbsp;motor_control_init
<LI><a href="#[5d]">&gt;&gt;</a>&nbsp;&nbsp;&nbsp;rcu_periph_clock_enable
<LI><a href="#[71]">&gt;&gt;</a>&nbsp;&nbsp;&nbsp;systick_config
<LI><a href="#[76]">&gt;&gt;</a>&nbsp;&nbsp;&nbsp;__2printf
<LI><a href="#[78]">&gt;&gt;</a>&nbsp;&nbsp;&nbsp;puts
</UL>
<BR>[Address Reference Count : 1]<UL><LI> entry9a.o(.ARM.Collect$$$$0000000B)
</UL>
<P><STRONG><a name="[75]"></a>modbus_init</STRONG> (Thumb, 160 bytes, Stack size 16 bytes, modbus.o(.text.modbus_init))
<BR><BR>[Stack]<UL><LI>Max Depth = 48<LI>Call Chain = modbus_init &rArr; gpio_init
</UL>
<BR>[Calls]<UL><LI><a href="#[8a]">&gt;&gt;</a>&nbsp;&nbsp;&nbsp;usart_interrupt_enable
<LI><a href="#[89]">&gt;&gt;</a>&nbsp;&nbsp;&nbsp;usart_enable
<LI><a href="#[88]">&gt;&gt;</a>&nbsp;&nbsp;&nbsp;usart_transmit_config
<LI><a href="#[87]">&gt;&gt;</a>&nbsp;&nbsp;&nbsp;usart_receive_config
<LI><a href="#[86]">&gt;&gt;</a>&nbsp;&nbsp;&nbsp;usart_hardware_flow_rts_config
<LI><a href="#[85]">&gt;&gt;</a>&nbsp;&nbsp;&nbsp;usart_hardware_flow_cts_config
<LI><a href="#[84]">&gt;&gt;</a>&nbsp;&nbsp;&nbsp;usart_parity_config
<LI><a href="#[83]">&gt;&gt;</a>&nbsp;&nbsp;&nbsp;usart_stop_bit_set
<LI><a href="#[82]">&gt;&gt;</a>&nbsp;&nbsp;&nbsp;usart_word_length_set
<LI><a href="#[81]">&gt;&gt;</a>&nbsp;&nbsp;&nbsp;usart_baudrate_set
<LI><a href="#[80]">&gt;&gt;</a>&nbsp;&nbsp;&nbsp;usart_deinit
<LI><a href="#[6e]">&gt;&gt;</a>&nbsp;&nbsp;&nbsp;nvic_irq_enable
<LI><a href="#[5e]">&gt;&gt;</a>&nbsp;&nbsp;&nbsp;gpio_init
<LI><a href="#[5d]">&gt;&gt;</a>&nbsp;&nbsp;&nbsp;rcu_periph_clock_enable
</UL>
<BR>[Called By]<UL><LI><a href="#[4c]">&gt;&gt;</a>&nbsp;&nbsp;&nbsp;main
</UL>

<P><STRONG><a name="[7e]"></a>modbus_process</STRONG> (Thumb, 1328 bytes, Stack size 40 bytes, modbus.o(.text.modbus_process))
<BR><BR>[Stack]<UL><LI>Max Depth = 64<LI>Call Chain = modbus_process &rArr; motor_brake
</UL>
<BR>[Calls]<UL><LI><a href="#[69]">&gt;&gt;</a>&nbsp;&nbsp;&nbsp;usart_data_transmit
<LI><a href="#[7b]">&gt;&gt;</a>&nbsp;&nbsp;&nbsp;motor_brake
<LI><a href="#[7a]">&gt;&gt;</a>&nbsp;&nbsp;&nbsp;motor_stop
<LI><a href="#[79]">&gt;&gt;</a>&nbsp;&nbsp;&nbsp;motor_set_speed
<LI><a href="#[57]">&gt;&gt;</a>&nbsp;&nbsp;&nbsp;usart_flag_get
</UL>
<BR>[Called By]<UL><LI><a href="#[4c]">&gt;&gt;</a>&nbsp;&nbsp;&nbsp;main
</UL>

<P><STRONG><a name="[7b]"></a>motor_brake</STRONG> (Thumb, 190 bytes, Stack size 24 bytes, motor_control.o(.text.motor_brake))
<BR><BR>[Stack]<UL><LI>Max Depth = 24<LI>Call Chain = motor_brake
</UL>
<BR>[Calls]<UL><LI><a href="#[8c]">&gt;&gt;</a>&nbsp;&nbsp;&nbsp;gpio_bit_set
<LI><a href="#[8d]">&gt;&gt;</a>&nbsp;&nbsp;&nbsp;timer_channel_output_pulse_value_config
<LI><a href="#[8b]">&gt;&gt;</a>&nbsp;&nbsp;&nbsp;gpio_bit_reset
<LI><a href="#[67]">&gt;&gt;</a>&nbsp;&nbsp;&nbsp;delay_1ms
</UL>
<BR>[Called By]<UL><LI><a href="#[7e]">&gt;&gt;</a>&nbsp;&nbsp;&nbsp;modbus_process
<LI><a href="#[4c]">&gt;&gt;</a>&nbsp;&nbsp;&nbsp;main
</UL>

<P><STRONG><a name="[72]"></a>motor_control_init</STRONG> (Thumb, 328 bytes, Stack size 48 bytes, motor_control.o(.text.motor_control_init))
<BR><BR>[Stack]<UL><LI>Max Depth = 80<LI>Call Chain = motor_control_init &rArr; gpio_init
</UL>
<BR>[Calls]<UL><LI><a href="#[94]">&gt;&gt;</a>&nbsp;&nbsp;&nbsp;timer_enable
<LI><a href="#[93]">&gt;&gt;</a>&nbsp;&nbsp;&nbsp;timer_auto_reload_shadow_enable
<LI><a href="#[92]">&gt;&gt;</a>&nbsp;&nbsp;&nbsp;timer_channel_output_shadow_config
<LI><a href="#[91]">&gt;&gt;</a>&nbsp;&nbsp;&nbsp;timer_channel_output_mode_config
<LI><a href="#[8d]">&gt;&gt;</a>&nbsp;&nbsp;&nbsp;timer_channel_output_pulse_value_config
<LI><a href="#[90]">&gt;&gt;</a>&nbsp;&nbsp;&nbsp;timer_channel_output_config
<LI><a href="#[8f]">&gt;&gt;</a>&nbsp;&nbsp;&nbsp;timer_init
<LI><a href="#[8e]">&gt;&gt;</a>&nbsp;&nbsp;&nbsp;timer_deinit
<LI><a href="#[8b]">&gt;&gt;</a>&nbsp;&nbsp;&nbsp;gpio_bit_reset
<LI><a href="#[5e]">&gt;&gt;</a>&nbsp;&nbsp;&nbsp;gpio_init
<LI><a href="#[5d]">&gt;&gt;</a>&nbsp;&nbsp;&nbsp;rcu_periph_clock_enable
</UL>
<BR>[Called By]<UL><LI><a href="#[4c]">&gt;&gt;</a>&nbsp;&nbsp;&nbsp;main
</UL>

<P><STRONG><a name="[79]"></a>motor_set_speed</STRONG> (Thumb, 290 bytes, Stack size 24 bytes, motor_control.o(.text.motor_set_speed))
<BR><BR>[Stack]<UL><LI>Max Depth = 24<LI>Call Chain = motor_set_speed
</UL>
<BR>[Calls]<UL><LI><a href="#[8c]">&gt;&gt;</a>&nbsp;&nbsp;&nbsp;gpio_bit_set
<LI><a href="#[8d]">&gt;&gt;</a>&nbsp;&nbsp;&nbsp;timer_channel_output_pulse_value_config
<LI><a href="#[8b]">&gt;&gt;</a>&nbsp;&nbsp;&nbsp;gpio_bit_reset
</UL>
<BR>[Called By]<UL><LI><a href="#[7e]">&gt;&gt;</a>&nbsp;&nbsp;&nbsp;modbus_process
<LI><a href="#[4c]">&gt;&gt;</a>&nbsp;&nbsp;&nbsp;main
</UL>

<P><STRONG><a name="[7a]"></a>motor_stop</STRONG> (Thumb, 100 bytes, Stack size 8 bytes, motor_control.o(.text.motor_stop))
<BR><BR>[Stack]<UL><LI>Max Depth = 8<LI>Call Chain = motor_stop
</UL>
<BR>[Calls]<UL><LI><a href="#[8d]">&gt;&gt;</a>&nbsp;&nbsp;&nbsp;timer_channel_output_pulse_value_config
<LI><a href="#[8b]">&gt;&gt;</a>&nbsp;&nbsp;&nbsp;gpio_bit_reset
</UL>
<BR>[Called By]<UL><LI><a href="#[7e]">&gt;&gt;</a>&nbsp;&nbsp;&nbsp;modbus_process
<LI><a href="#[4c]">&gt;&gt;</a>&nbsp;&nbsp;&nbsp;main
</UL>

<P><STRONG><a name="[6e]"></a>nvic_irq_enable</STRONG> (Thumb, 136 bytes, Stack size 8 bytes, gd32f30x_misc.o(.text.nvic_irq_enable))
<BR><BR>[Stack]<UL><LI>Max Depth = 8<LI>Call Chain = nvic_irq_enable
</UL>
<BR>[Called By]<UL><LI><a href="#[75]">&gt;&gt;</a>&nbsp;&nbsp;&nbsp;modbus_init
<LI><a href="#[6a]">&gt;&gt;</a>&nbsp;&nbsp;&nbsp;hall_sensor_init
</UL>

<P><STRONG><a name="[77]"></a>rcu_clock_freq_get</STRONG> (Thumb, 192 bytes, Stack size 8 bytes, gd32f30x_rcu.o(.text.rcu_clock_freq_get))
<BR><BR>[Stack]<UL><LI>Max Depth = 8<LI>Call Chain = rcu_clock_freq_get
</UL>
<BR>[Called By]<UL><LI><a href="#[81]">&gt;&gt;</a>&nbsp;&nbsp;&nbsp;usart_baudrate_set
<LI><a href="#[4c]">&gt;&gt;</a>&nbsp;&nbsp;&nbsp;main
</UL>

<P><STRONG><a name="[5d]"></a>rcu_periph_clock_enable</STRONG> (Thumb, 30 bytes, Stack size 0 bytes, gd32f30x_rcu.o(.text.rcu_periph_clock_enable))
<BR><BR>[Called By]<UL><LI><a href="#[75]">&gt;&gt;</a>&nbsp;&nbsp;&nbsp;modbus_init
<LI><a href="#[74]">&gt;&gt;</a>&nbsp;&nbsp;&nbsp;stroke_counter_init
<LI><a href="#[6a]">&gt;&gt;</a>&nbsp;&nbsp;&nbsp;hall_sensor_init
<LI><a href="#[73]">&gt;&gt;</a>&nbsp;&nbsp;&nbsp;temperature_sensor_init
<LI><a href="#[5c]">&gt;&gt;</a>&nbsp;&nbsp;&nbsp;current_sensor_init
<LI><a href="#[72]">&gt;&gt;</a>&nbsp;&nbsp;&nbsp;motor_control_init
<LI><a href="#[4c]">&gt;&gt;</a>&nbsp;&nbsp;&nbsp;main
</UL>

<P><STRONG><a name="[5b]"></a>rcu_periph_reset_disable</STRONG> (Thumb, 32 bytes, Stack size 0 bytes, gd32f30x_rcu.o(.text.rcu_periph_reset_disable))
<BR><BR>[Called By]<UL><LI><a href="#[80]">&gt;&gt;</a>&nbsp;&nbsp;&nbsp;usart_deinit
<LI><a href="#[59]">&gt;&gt;</a>&nbsp;&nbsp;&nbsp;adc_deinit
<LI><a href="#[8e]">&gt;&gt;</a>&nbsp;&nbsp;&nbsp;timer_deinit
</UL>

<P><STRONG><a name="[5a]"></a>rcu_periph_reset_enable</STRONG> (Thumb, 30 bytes, Stack size 0 bytes, gd32f30x_rcu.o(.text.rcu_periph_reset_enable))
<BR><BR>[Called By]<UL><LI><a href="#[80]">&gt;&gt;</a>&nbsp;&nbsp;&nbsp;usart_deinit
<LI><a href="#[59]">&gt;&gt;</a>&nbsp;&nbsp;&nbsp;adc_deinit
<LI><a href="#[8e]">&gt;&gt;</a>&nbsp;&nbsp;&nbsp;timer_deinit
</UL>

<P><STRONG><a name="[7c]"></a>read_motor_current</STRONG> (Thumb, 82 bytes, Stack size 8 bytes, current_sensor.o(.text.read_motor_current))
<BR><BR>[Stack]<UL><LI>Max Depth = 8<LI>Call Chain = read_motor_current
</UL>
<BR>[Calls]<UL><LI><a href="#[97]">&gt;&gt;</a>&nbsp;&nbsp;&nbsp;adc_routine_data_read
<LI><a href="#[96]">&gt;&gt;</a>&nbsp;&nbsp;&nbsp;adc_flag_get
<LI><a href="#[95]">&gt;&gt;</a>&nbsp;&nbsp;&nbsp;adc_software_trigger_enable
</UL>
<BR>[Called By]<UL><LI><a href="#[4c]">&gt;&gt;</a>&nbsp;&nbsp;&nbsp;main
</UL>

<P><STRONG><a name="[7d]"></a>read_temperature</STRONG> (Thumb, 80 bytes, Stack size 8 bytes, temperature_sensor.o(.text.read_temperature))
<BR><BR>[Stack]<UL><LI>Max Depth = 8<LI>Call Chain = read_temperature
</UL>
<BR>[Calls]<UL><LI><a href="#[97]">&gt;&gt;</a>&nbsp;&nbsp;&nbsp;adc_routine_data_read
<LI><a href="#[96]">&gt;&gt;</a>&nbsp;&nbsp;&nbsp;adc_flag_get
<LI><a href="#[95]">&gt;&gt;</a>&nbsp;&nbsp;&nbsp;adc_software_trigger_enable
</UL>
<BR>[Called By]<UL><LI><a href="#[4c]">&gt;&gt;</a>&nbsp;&nbsp;&nbsp;main
</UL>

<P><STRONG><a name="[74]"></a>stroke_counter_init</STRONG> (Thumb, 32 bytes, Stack size 8 bytes, stroke_counter.o(.text.stroke_counter_init))
<BR><BR>[Stack]<UL><LI>Max Depth = 40<LI>Call Chain = stroke_counter_init &rArr; gpio_init
</UL>
<BR>[Calls]<UL><LI><a href="#[5e]">&gt;&gt;</a>&nbsp;&nbsp;&nbsp;gpio_init
<LI><a href="#[5d]">&gt;&gt;</a>&nbsp;&nbsp;&nbsp;rcu_periph_clock_enable
</UL>
<BR>[Called By]<UL><LI><a href="#[4c]">&gt;&gt;</a>&nbsp;&nbsp;&nbsp;main
</UL>

<P><STRONG><a name="[70]"></a>stroke_counter_update</STRONG> (Thumb, 42 bytes, Stack size 8 bytes, stroke_counter.o(.text.stroke_counter_update))
<BR><BR>[Stack]<UL><LI>Max Depth = 8<LI>Call Chain = stroke_counter_update
</UL>
<BR>[Calls]<UL><LI><a href="#[6f]">&gt;&gt;</a>&nbsp;&nbsp;&nbsp;gpio_input_bit_get
</UL>
<BR>[Called By]<UL><LI><a href="#[54]">&gt;&gt;</a>&nbsp;&nbsp;&nbsp;hall_sensor_update
</UL>

<P><STRONG><a name="[71]"></a>systick_config</STRONG> (Thumb, 74 bytes, Stack size 0 bytes, systick.o(.text.systick_config))
<BR><BR>[Called By]<UL><LI><a href="#[4c]">&gt;&gt;</a>&nbsp;&nbsp;&nbsp;main
</UL>

<P><STRONG><a name="[73]"></a>temperature_sensor_init</STRONG> (Thumb, 32 bytes, Stack size 8 bytes, temperature_sensor.o(.text.temperature_sensor_init))
<BR><BR>[Stack]<UL><LI>Max Depth = 40<LI>Call Chain = temperature_sensor_init &rArr; gpio_init
</UL>
<BR>[Calls]<UL><LI><a href="#[5e]">&gt;&gt;</a>&nbsp;&nbsp;&nbsp;gpio_init
<LI><a href="#[5d]">&gt;&gt;</a>&nbsp;&nbsp;&nbsp;rcu_periph_clock_enable
</UL>
<BR>[Called By]<UL><LI><a href="#[4c]">&gt;&gt;</a>&nbsp;&nbsp;&nbsp;main
</UL>

<P><STRONG><a name="[93]"></a>timer_auto_reload_shadow_enable</STRONG> (Thumb, 10 bytes, Stack size 0 bytes, gd32f30x_timer.o(.text.timer_auto_reload_shadow_enable))
<BR><BR>[Called By]<UL><LI><a href="#[72]">&gt;&gt;</a>&nbsp;&nbsp;&nbsp;motor_control_init
</UL>

<P><STRONG><a name="[90]"></a>timer_channel_output_config</STRONG> (Thumb, 532 bytes, Stack size 0 bytes, gd32f30x_timer.o(.text.timer_channel_output_config))
<BR><BR>[Called By]<UL><LI><a href="#[72]">&gt;&gt;</a>&nbsp;&nbsp;&nbsp;motor_control_init
</UL>

<P><STRONG><a name="[91]"></a>timer_channel_output_mode_config</STRONG> (Thumb, 56 bytes, Stack size 0 bytes, gd32f30x_timer.o(.text.timer_channel_output_mode_config))
<BR><BR>[Called By]<UL><LI><a href="#[72]">&gt;&gt;</a>&nbsp;&nbsp;&nbsp;motor_control_init
</UL>

<P><STRONG><a name="[8d]"></a>timer_channel_output_pulse_value_config</STRONG> (Thumb, 14 bytes, Stack size 0 bytes, gd32f30x_timer.o(.text.timer_channel_output_pulse_value_config))
<BR><BR>[Called By]<UL><LI><a href="#[7b]">&gt;&gt;</a>&nbsp;&nbsp;&nbsp;motor_brake
<LI><a href="#[7a]">&gt;&gt;</a>&nbsp;&nbsp;&nbsp;motor_stop
<LI><a href="#[79]">&gt;&gt;</a>&nbsp;&nbsp;&nbsp;motor_set_speed
<LI><a href="#[72]">&gt;&gt;</a>&nbsp;&nbsp;&nbsp;motor_control_init
</UL>

<P><STRONG><a name="[92]"></a>timer_channel_output_shadow_config</STRONG> (Thumb, 56 bytes, Stack size 0 bytes, gd32f30x_timer.o(.text.timer_channel_output_shadow_config))
<BR><BR>[Called By]<UL><LI><a href="#[72]">&gt;&gt;</a>&nbsp;&nbsp;&nbsp;motor_control_init
</UL>

<P><STRONG><a name="[8e]"></a>timer_deinit</STRONG> (Thumb, 194 bytes, Stack size 8 bytes, gd32f30x_timer.o(.text.timer_deinit))
<BR><BR>[Stack]<UL><LI>Max Depth = 8<LI>Call Chain = timer_deinit
</UL>
<BR>[Calls]<UL><LI><a href="#[5b]">&gt;&gt;</a>&nbsp;&nbsp;&nbsp;rcu_periph_reset_disable
<LI><a href="#[5a]">&gt;&gt;</a>&nbsp;&nbsp;&nbsp;rcu_periph_reset_enable
</UL>
<BR>[Called By]<UL><LI><a href="#[72]">&gt;&gt;</a>&nbsp;&nbsp;&nbsp;motor_control_init
</UL>

<P><STRONG><a name="[94]"></a>timer_enable</STRONG> (Thumb, 10 bytes, Stack size 0 bytes, gd32f30x_timer.o(.text.timer_enable))
<BR><BR>[Called By]<UL><LI><a href="#[72]">&gt;&gt;</a>&nbsp;&nbsp;&nbsp;motor_control_init
</UL>

<P><STRONG><a name="[8f]"></a>timer_init</STRONG> (Thumb, 184 bytes, Stack size 8 bytes, gd32f30x_timer.o(.text.timer_init))
<BR><BR>[Stack]<UL><LI>Max Depth = 8<LI>Call Chain = timer_init
</UL>
<BR>[Called By]<UL><LI><a href="#[72]">&gt;&gt;</a>&nbsp;&nbsp;&nbsp;motor_control_init
</UL>

<P><STRONG><a name="[81]"></a>usart_baudrate_set</STRONG> (Thumb, 106 bytes, Stack size 16 bytes, gd32f30x_usart.o(.text.usart_baudrate_set))
<BR><BR>[Stack]<UL><LI>Max Depth = 24<LI>Call Chain = usart_baudrate_set &rArr; rcu_clock_freq_get
</UL>
<BR>[Calls]<UL><LI><a href="#[77]">&gt;&gt;</a>&nbsp;&nbsp;&nbsp;rcu_clock_freq_get
</UL>
<BR>[Called By]<UL><LI><a href="#[75]">&gt;&gt;</a>&nbsp;&nbsp;&nbsp;modbus_init
</UL>

<P><STRONG><a name="[58]"></a>usart_data_receive</STRONG> (Thumb, 8 bytes, Stack size 0 bytes, gd32f30x_usart.o(.text.usart_data_receive))
<BR><BR>[Called By]<UL><LI><a href="#[2f]">&gt;&gt;</a>&nbsp;&nbsp;&nbsp;USART0_IRQHandler
</UL>

<P><STRONG><a name="[69]"></a>usart_data_transmit</STRONG> (Thumb, 8 bytes, Stack size 0 bytes, gd32f30x_usart.o(.text.usart_data_transmit))
<BR><BR>[Called By]<UL><LI><a href="#[7e]">&gt;&gt;</a>&nbsp;&nbsp;&nbsp;modbus_process
<LI><a href="#[4f]">&gt;&gt;</a>&nbsp;&nbsp;&nbsp;fputc
</UL>

<P><STRONG><a name="[80]"></a>usart_deinit</STRONG> (Thumb, 122 bytes, Stack size 8 bytes, gd32f30x_usart.o(.text.usart_deinit))
<BR><BR>[Stack]<UL><LI>Max Depth = 8<LI>Call Chain = usart_deinit
</UL>
<BR>[Calls]<UL><LI><a href="#[5b]">&gt;&gt;</a>&nbsp;&nbsp;&nbsp;rcu_periph_reset_disable
<LI><a href="#[5a]">&gt;&gt;</a>&nbsp;&nbsp;&nbsp;rcu_periph_reset_enable
</UL>
<BR>[Called By]<UL><LI><a href="#[75]">&gt;&gt;</a>&nbsp;&nbsp;&nbsp;modbus_init
</UL>

<P><STRONG><a name="[89]"></a>usart_enable</STRONG> (Thumb, 10 bytes, Stack size 0 bytes, gd32f30x_usart.o(.text.usart_enable))
<BR><BR>[Called By]<UL><LI><a href="#[75]">&gt;&gt;</a>&nbsp;&nbsp;&nbsp;modbus_init
</UL>

<P><STRONG><a name="[57]"></a>usart_flag_get</STRONG> (Thumb, 16 bytes, Stack size 0 bytes, gd32f30x_usart.o(.text.usart_flag_get))
<BR><BR>[Called By]<UL><LI><a href="#[7e]">&gt;&gt;</a>&nbsp;&nbsp;&nbsp;modbus_process
<LI><a href="#[2f]">&gt;&gt;</a>&nbsp;&nbsp;&nbsp;USART0_IRQHandler
<LI><a href="#[4f]">&gt;&gt;</a>&nbsp;&nbsp;&nbsp;fputc
</UL>

<P><STRONG><a name="[85]"></a>usart_hardware_flow_cts_config</STRONG> (Thumb, 20 bytes, Stack size 0 bytes, gd32f30x_usart.o(.text.usart_hardware_flow_cts_config))
<BR><BR>[Called By]<UL><LI><a href="#[75]">&gt;&gt;</a>&nbsp;&nbsp;&nbsp;modbus_init
</UL>

<P><STRONG><a name="[86]"></a>usart_hardware_flow_rts_config</STRONG> (Thumb, 20 bytes, Stack size 0 bytes, gd32f30x_usart.o(.text.usart_hardware_flow_rts_config))
<BR><BR>[Called By]<UL><LI><a href="#[75]">&gt;&gt;</a>&nbsp;&nbsp;&nbsp;modbus_init
</UL>

<P><STRONG><a name="[8a]"></a>usart_interrupt_enable</STRONG> (Thumb, 22 bytes, Stack size 0 bytes, gd32f30x_usart.o(.text.usart_interrupt_enable))
<BR><BR>[Called By]<UL><LI><a href="#[75]">&gt;&gt;</a>&nbsp;&nbsp;&nbsp;modbus_init
</UL>

<P><STRONG><a name="[84]"></a>usart_parity_config</STRONG> (Thumb, 16 bytes, Stack size 0 bytes, gd32f30x_usart.o(.text.usart_parity_config))
<BR><BR>[Called By]<UL><LI><a href="#[75]">&gt;&gt;</a>&nbsp;&nbsp;&nbsp;modbus_init
</UL>

<P><STRONG><a name="[87]"></a>usart_receive_config</STRONG> (Thumb, 20 bytes, Stack size 0 bytes, gd32f30x_usart.o(.text.usart_receive_config))
<BR><BR>[Called By]<UL><LI><a href="#[75]">&gt;&gt;</a>&nbsp;&nbsp;&nbsp;modbus_init
</UL>

<P><STRONG><a name="[83]"></a>usart_stop_bit_set</STRONG> (Thumb, 16 bytes, Stack size 0 bytes, gd32f30x_usart.o(.text.usart_stop_bit_set))
<BR><BR>[Called By]<UL><LI><a href="#[75]">&gt;&gt;</a>&nbsp;&nbsp;&nbsp;modbus_init
</UL>

<P><STRONG><a name="[88]"></a>usart_transmit_config</STRONG> (Thumb, 20 bytes, Stack size 0 bytes, gd32f30x_usart.o(.text.usart_transmit_config))
<BR><BR>[Called By]<UL><LI><a href="#[75]">&gt;&gt;</a>&nbsp;&nbsp;&nbsp;modbus_init
</UL>

<P><STRONG><a name="[82]"></a>usart_word_length_set</STRONG> (Thumb, 16 bytes, Stack size 0 bytes, gd32f30x_usart.o(.text.usart_word_length_set))
<BR><BR>[Called By]<UL><LI><a href="#[75]">&gt;&gt;</a>&nbsp;&nbsp;&nbsp;modbus_init
</UL>

<P><STRONG><a name="[98]"></a>__0printf$1</STRONG> (Thumb, 22 bytes, Stack size 24 bytes, printf1.o(i.__0printf$1), UNUSED)
<BR><BR>[Calls]<UL><LI><a href="#[99]">&gt;&gt;</a>&nbsp;&nbsp;&nbsp;_printf_core
</UL>

<P><STRONG><a name="[a3]"></a>__1printf$1</STRONG> (Thumb, 0 bytes, Stack size 24 bytes, printf1.o(i.__0printf$1), UNUSED)

<P><STRONG><a name="[76]"></a>__2printf</STRONG> (Thumb, 0 bytes, Stack size 24 bytes, printf1.o(i.__0printf$1))
<BR><BR>[Stack]<UL><LI>Max Depth = 24<LI>Call Chain = __2printf
</UL>
<BR>[Called By]<UL><LI><a href="#[4c]">&gt;&gt;</a>&nbsp;&nbsp;&nbsp;main
</UL>

<P><STRONG><a name="[a4]"></a>__scatterload_copy</STRONG> (Thumb, 14 bytes, Stack size unknown bytes, handlers.o(i.__scatterload_copy), UNUSED)

<P><STRONG><a name="[a5]"></a>__scatterload_null</STRONG> (Thumb, 2 bytes, Stack size unknown bytes, handlers.o(i.__scatterload_null), UNUSED)

<P><STRONG><a name="[a6]"></a>__scatterload_zeroinit</STRONG> (Thumb, 14 bytes, Stack size unknown bytes, handlers.o(i.__scatterload_zeroinit), UNUSED)

<P><STRONG><a name="[78]"></a>puts</STRONG> (Thumb, 30 bytes, Stack size 8 bytes, puts.o(i.puts))
<BR><BR>[Stack]<UL><LI>Max Depth = 24<LI>Call Chain = puts &rArr; fputc
</UL>
<BR>[Calls]<UL><LI><a href="#[4f]">&gt;&gt;</a>&nbsp;&nbsp;&nbsp;fputc
</UL>
<BR>[Called By]<UL><LI><a href="#[4c]">&gt;&gt;</a>&nbsp;&nbsp;&nbsp;main
</UL>
<P>
<H3>
Local Symbols
</H3>
<P><STRONG><a name="[99]"></a>_printf_core</STRONG> (Thumb, 336 bytes, Stack size 88 bytes, printf1.o(i._printf_core), UNUSED)
<BR><BR>[Calls]<UL><LI><a href="#[9a]">&gt;&gt;</a>&nbsp;&nbsp;&nbsp;__aeabi_uidivmod
</UL>
<BR>[Called By]<UL><LI><a href="#[98]">&gt;&gt;</a>&nbsp;&nbsp;&nbsp;__0printf$1
</UL>
<P>
<H3>
Undefined Global Symbols
</H3><HR></body></html>
